04-14 15:20:47.527  1832 24086 E SQLiteCastStore: Skip saving CastDeviceInfo: "Nearby device" (__cast_nearby___V_8e4e70fa-e2f6-4581-b333-fc213020d2b8)
04-14 15:20:47.527  1832 24086 I SQLiteCastStore: [CastNetworkInfo] saved: 0, skipped: 0, [CastDeviceInfo]: saved 0, skipped 1, [Paired Guest Mode DeviceInfo] saved: 0, skipped: 0. [ProbedNetworks]: saved 0, skipped: 0, [ProbedSocketAddress]: saved 0, skipped: 0, [Network-Device pairs]: saved: 0
04-14 15:20:47.527  1832 24086 D SQLiteDatabase: endTransaction()
04-14 15:20:47.550   296   658 D MAL-Daemon:  (void* rilproxy_urc_threa,  964) URC = (+ECSQ: 22,30,1,-395,-37,1,1,2,32767
04-14 15:20:47.550   296   658 D MAL-Daemon: )
04-14 15:20:47.550   296   658 W MAL-Daemon:  (    mdfx_task_send_event,  636) mdfx_task_send_event(): [ACT] should NOT enter this leagcy API!!
04-14 15:20:47.550   296   658 W MAL-Daemon:  (    mdfx_task_send_event,  636) mdfx_task_send_event(): [ACT] should NOT enter this leagcy API!!
04-14 15:20:47.550   296   638 I MAL-Daemon:  (             rds_ru_task,  445) [RDS-I][RU][rds_ru_task] RCV Event: 104 
04-14 15:20:47.550   296   638 I MAL-Daemon:  (         rds_ru_urc_hdlr, 1733) [RDS-I][RDS][rds_ru_urc_hdlr] get URC: +ECSQ: 22,30,1,-395,-37,1,1,2,32767
04-14 15:20:47.550   296   638 I MAL-Daemon: 
04-14 15:20:47.551   296   638 I MAL-Daemon:  (     ru_parse_3gppsigval, 1458) [RDS-I][RDS][ru_parse_3gppsigval] 3gppsigval #args act<2>
04-14 15:20:47.551   296   638 I MAL-Daemon:  (         rds_ru_urc_hdlr, 1913) [RDS-I][RDS][RU][rds_ru_urc_hdlr] Update 3GPP STATUS rsrp<-99> rsrq<40> regstat<6> 
04-14 15:20:47.551   296   638 I MAL-Daemon:  (         rds_ru_urc_hdlr, 1915) [RDS-I][RDS][RU][rds_ru_urc_hdlr] ru_check_ctx_ptr<0xf5ff3c9c, 0xf5ff3c9c>
04-14 15:20:47.551   296   638 W MAL-Daemon:  (    mdfx_task_send_event,  636) mdfx_task_send_event(): [ACT] should NOT enter this leagcy API!!
04-14 15:20:47.551   296   638 I MAL-Daemon:  (    ru_send_event_entity,  350) [RDS-I][RDS][RU][ru_send_event_entity] send event 605 to 602 with ret(0)
04-14 15:20:47.551   296   638 I MAL-Daemon:  (             rds_ru_task,  445) [RDS-I][RU][rds_ru_task] RCV Event: 605 
04-14 15:20:47.551   296   638 I MAL-Daemon:  (  rds_ru_3gpp_status_ind, 1390) [RDS-I][RU][EVENT_RU_DM_3GPP_STATUS_IND] i4ltersrp:-99, i4ltersrq:40, u43gpp_status:0x6
04-14 15:20:47.551   296   638 E MAL-Daemon:  (  rds_ru_3gpp_status_ind, 1421) [RDS-E][RU][EVENT_RU_DM_3GPP_STATUS_IND] Invalid u43gpp_status:0x6
04-14 15:20:47.551   296   638 I MAL-Daemon:  (          rds_ru_rpl_gen, 4866) [RDS-I][RU][rds_ru_rpl_gen][RDS][OP0] TYPE : <0>, UI Policy : <3>, RDS Policy : <3>
04-14 15:20:47.551   296   638 I MAL-Daemon:  (      rds_cell_only_orng, 3608) [RDS-I][RU][RDS IMS/MMS][rds_cell_only_orng] 
04-14 15:20:47.551   296   638 I MAL-Daemon:  (          rds_ru_rpl_gen, 4877) [RDS-I][RU][rds_ru_rpl_gen][RDS][OP0] TYPE : <0>, RAN1 : <254> ,RAN2 : <254>
04-14 15:20:47.551   296   638 I MAL-Daemon:  (          rds_ru_rpl_gen, 4866) [RDS-I][RU][rds_ru_rpl_gen][RDS][OP0] TYPE : <1>, UI Policy : <3>, RDS Policy : <3>
04-14 15:20:47.551   296   638 I MAL-Daemon:  (      rds_cell_only_orng, 3608) [RDS-I][RU][RDS IMS/MMS][rds_cell_only_orng] 
04-14 15:20:47.551   296   638 I MAL-Daemon:  (          rds_ru_rpl_gen, 4877) [RDS-I][RU][rds_ru_rpl_gen][RDS][OP0] TYPE : <1>, RAN1 : <254> ,RAN2 : <254>
04-14 15:20:47.551   296   638 I MAL-Daemon:  (          rds_ru_rpl_gen, 4866) [RDS-I][RU][rds_ru_rpl_gen][RDS][OP0] TYPE : <2>, UI Policy : <3>, RDS Policy : <3>
04-14 15:20:47.551   296   638 I MAL-Daemon:  (      rds_cell_only_orng, 3608) [RDS-I][RU][RDS IMS/MMS][rds_cell_only_orng] 
04-14 15:20:47.551   296   638 I MAL-Daemon:  (          rds_ru_rpl_gen, 4877) [RDS-I][RU][rds_ru_rpl_gen][RDS][OP0] TYPE : <2>, RAN1 : <254> ,RAN2 : <254>
04-14 15:20:47.551   296   638 I MAL-Daemon:  (          rds_ru_rpl_gen, 4866) [RDS-I][RU][rds_ru_rpl_gen][RDS][OP0] TYPE : <3>, UI Policy : <3>, RDS Policy : <3>
04-14 15:20:47.551   296   638 I MAL-Daemon:  (          rds_ru_rpl_gen, 4877) [RDS-I][RU][rds_ru_rpl_gen][RDS][OP0] TYPE : <3>, RAN1 : <255> ,RAN2 : <255>
04-14 15:20:47.551   296   638 I MAL-Daemon:  (          rds_ru_rpl_gen, 4866) [RDS-I][RU][rds_ru_rpl_gen][RDS][OP0] TYPE : <4>, UI Policy : <3>, RDS Policy : <3>
04-14 15:20:47.551   296   638 I MAL-Daemon:  (          rds_ru_rpl_gen, 4877) [RDS-I][RU][rds_ru_rpl_gen][RDS][OP0] TYPE : <4>, RAN1 : <255> ,RAN2 : <255>
04-14 15:20:47.551   296   638 I MAL-Daemon:  (          rds_ru_rpl_gen, 4866) [RDS-I][RU][rds_ru_rpl_gen][RDS][OP0] TYPE : <5>, UI Policy : <3>, RDS Policy : <3>
04-14 15:20:47.551   296   638 I MAL-Daemon:  (          rds_ru_rpl_gen, 4877) [RDS-I][RU][rds_ru_rpl_gen][RDS][OP0] TYPE : <5>, RAN1 : <255> ,RAN2 : <255>
04-14 15:20:47.551   296   638 I MAL-Daemon:  (          rds_ru_rpl_gen, 4877) [RDS-I][RU][rds_ru_rpl_gen][RDS][OP0] TYPE : <6>, RAN1 : <254> ,RAN2 : <254>
04-14 15:20:47.551   296   638 I MAL-Daemon:  (    rds_op_check_feature,  304) [RDS-I][RDS][OP][rds_op_check_feature] operator id(0) check feature<0>, curr_opmsk is <1>, sys_opmsk is <0x0001, 1>
04-14 15:20:47.551   296   638 I MAL-Daemon:  (  rds_ru_ims_vops_update, 4666) [RDS-I][RU][rds_ru_ims_vops_update][RDS IMS]Policy type: 0 IMS VOPS IE is Disabled, update IMS RPL from Ori:(254, 254) New:(254,254)
04-14 15:20:47.551   296   638 I MAL-Daemon:  (  rds_ru_ims_vops_update, 4666) [RDS-I][RU][rds_ru_ims_vops_update][RDS IMS]Policy type: 1 IMS VOPS IE is Disabled, update IMS RPL from Ori:(254, 254) New:(254,254)
04-14 15:20:47.551   296   638 I MAL-Daemon:  (  rds_ru_ims_vops_update, 4666) [RDS-I][RU][rds_ru_ims_vops_update][RDS IMS]Policy type: 2 IMS VOPS IE is Disabled, update IMS RPL from Ori:(254, 254) New:(254,254)
04-14 15:20:47.552   296   638 I MAL-Daemon:  (          rds_ru_rpl_gen, 4901) [RDS-I][RU][rds_ru_rpl_gen][RDS] Current policy: fgimsolte_en<1>, fgwfc_en<0>, erdspolicy<3>, 
04-14 15:20:47.552   296   638 I MAL-Daemon:  (          rds_ru_rpl_gen, 4904) [RDS-I][RU][rds_ru_rpl_gen][RDS] Threshold i4wifirssih<-75>, i4wifirssil<-85>, i4wifirssih_ho<-78>, i4wifirssil_ho<-88>, i4wifisnrh<10>, i4wifisnrl<6>
04-14 15:20:47.552   296   638 I MAL-Daemon:  (          rds_ru_rpl_gen, 4907) [RDS-I][RU][rds_ru_rpl_gen][RDS] Threshold i4ltersrph<-106>, i4ltersrpm<-111>, i4ltersrpl<-116>, i4ltersrqh<5>, i4ltersrqm<3>, i4ltersrql<1>
04-14 15:20:47.552   296   638 I MAL-Daemon:  (          rds_ru_rpl_gen, 4910) [RDS-I][RU][rds_ru_rpl_gen][RDS] current rds ru status: i4wifirssi<-44>, i4wifisnr<9999>, i4ltersrp<-99>, i4ltersrq<40>, u4active_ran<1> 
04-14 15:20:47.552   296   638 I MAL-Daemon:  (          rds_ru_rpl_gen, 4913) [RDS-I][RU][rds_ru_rpl_gen][RDS] current wifi backhaul : rtp_plr<0>, rtp_jitter<0>, ping_ind<0>
04-14 15:20:47.552   296   638 I MAL-Daemon:  (          rds_ru_rpl_gen, 4916) [RDS-I][RU][rds_ru_rpl_gen][RDS] Call stat : IR92<0>, IR94<0> 
04-14 15:20:47.552   296   638 I MAL-Daemon:  (          rds_ru_rpl_gen, 4922) [RDS-I][RU][RDS IMS/MMS][rds_ru_rpl_gen] Ori:(254,254)/(255,255) New:(254,254)/(255,255)
04-14 15:20:47.552   296   638 I MAL-Daemon:  (          rds_ru_rpl_gen, 4927) [RDS-I][RU][RDS IMS/MMS WIFI][rds_ru_rpl_gen] Ori:(254,254)/(255,255) New:(254,254)/(255,255)
04-14 15:20:47.552   296   638 I MAL-Daemon:  (          rds_ru_rpl_gen, 4932) [RDS-I][RU][RDS IMS/MMS CELL][rds_ru_rpl_gen] Ori:(254,254)/(255,255) New:(254,254)/(255,255)
04-14 15:20:47.552   296   638 I MAL-Daemon:  (          rds_ru_rpl_gen, 4936) [RDS-I][RU][RDS EMG][rds_ru_rpl_gen] Ori:(254,254) New:(254,254)
04-14 15:20:47.552   296   602 D MAL-Daemon:  (          atmngr_urc_hdl,  206) atmngr_urc_hdl(): [AT_URC] "
04-14 15:20:47.552   296   602 D MAL-Daemon: +ECSQ: 22,30,1,-395,-37,1,1,2,32767
04-14 15:20:47.552   296   602 D MAL-Daemon: "!!
04-14 15:20:47.562   951  2006 V ActivityManager: Broadcast sticky: Intent { act=android.intent.action.SIG_STR flg=0x20000010 (has extras) } ordered=false userid=-1 callerApp=ProcessRecord{fc0c87c 951:system/1000}
04-14 15:20:47.562   951  2006 D RestrictedPackageService: filterBroadcastReceiver for android.intent.action.SIG_STR
04-14 15:20:47.563   951   967 V ActivityManager_MU: isSingleton(com.lenovo.ideafriend, ApplicationInfo{d49144b com.lenovo.ideafriend}, com.lenovo.ideafriend.mms.android.transaction.MmsSystemEventReceiver, 0x0) = false
04-14 15:20:47.566 13737 13737 D ActivityThread: BDC-Calling onReceive: intent=Intent { act=android.intent.action.SIG_STR flg=0x20000010 cmp=com.lenovo.ideafriend/.mms.android.transaction.MmsSystemEventReceiver (has extras) }, receiver=com.lenovo.ideafriend.mms.android.transaction.MmsSystemEventReceiver@fb87d33
04-14 15:20:47.567 13737 13737 D Mms     : onReceive(): intent=Intent { act=android.intent.action.SIG_STR flg=0x20000010 cmp=com.lenovo.ideafriend/.mms.android.transaction.MmsSystemEventReceiver (has extras) }
04-14 15:20:47.567 13737 13737 D ActivityThread: BDC-Calling onReceive end receiver=class com.lenovo.ideafriend.mms.android.transaction.MmsSystemEventReceiver
04-14 15:20:47.570 13737 13737 D ActivityThread: BDC-RECEIVER handled : 0 / ReceiverData{intent=Intent { act=android.intent.action.SIG_STR flg=0x20000010 cmp=com.lenovo.ideafriend/.mms.android.transaction.MmsSystemEventReceiver (has extras) } packageName=com.lenovo.ideafriend resultCode=-1 resultData=null resultExtras=null}
04-14 15:20:47.723  2443  2446 I PerfService: PerfServiceNative_getPackName
04-14 15:20:47.724   951  1622 I libPerfService: perfGetLastBoostPid 25787
04-14 15:20:47.726   951  1622 D PerfServiceManager: [PerfService] getLastBoostPid 25787 
04-14 15:20:47.726   951  1622 I libPerfService: perfGetLastBoostPid 25787
04-14 15:20:47.795   951  1275 D WifiStateMachine:  get link layer stats 0
04-14 15:20:47.796   951  1275 D WifiHW  : enter -->wifi_send_command cmd=IFNAME=wlan0 SIGNAL_POLL
04-14 15:20:47.796  1361  1361 D wpa_supplicant: wlan0: Control interface command 'SIGNAL_POLL'
04-14 15:20:47.800   951  1623 W ActivityManager: getRunningAppProcesses: caller 10108 does not hold REAL_GET_TASKS; limiting output
04-14 15:20:47.817   951  1275 D WifiHW  : leave --> reply=RSSI=-43
04-14 15:20:47.817   951  1275 D WifiHW  : LINKSPEED=433
04-14 15:20:47.817   951  1275 D WifiHW  : NOISE=9999
04-14 15:20:47.817   951  1275 D WifiHW  : FREQUENCY=5180
04-14 15:20:47.817   951  1275 D WifiHW  : 
04-14 15:20:47.818   951  1275 I WifiStateMachine: fetchRssiLinkSpeedAndFrequencyNative, newRssi:-43, newLinkSpeed:433, SSID:"FreeWifi"
04-14 15:20:47.818   951  1275 D WifiStateMachine: mLastSignalLevel:4, newSignalLevel:4
04-14 15:20:47.818   951  1275 E WifiConfigStore: updateConfiguration freq=5180 BSSID=98:da:c4:72:45:8d RSSI=-43 "FreeWifi"WPA_PSK
04-14 15:20:47.926   291  1235 I BufferQueueProducer: [StatusBar](this:0x7fa1ec3400,id:9,api:1,p:1333,c:291) queueBuffer: fps=1.33 dur=1499.99 max=863.64 min=636.36
04-14 15:20:47.932   291   291 I SurfaceFlinger: [Built-in Screen (type:0)] fps:1.338678,dur:1494.01,max:858.24,min:635.77
04-14 15:20:48.065   951   951 E WifiTrafficPoller: TRAFFIC_STATS_POLL true Token 151 num clients 12
04-14 15:20:48.066   951   951 E WifiTrafficPoller:  packet count Tx=374591 Rx=563969
04-14 15:20:48.134   951  1027 I LcdStepRate: mHandler: on msg MSG_RESET_LCD_STEP_RATE
04-14 15:20:48.395   341   341 I thermal_repeater: oh, queryMdThermalInfo (0)No such file or directory
04-14 15:20:48.410   341   341 I thermal_repeater: [recvMdThermalInfo] ret=30, strLen=127,  2, 32767, -127, -1, 32767, 17
04-14 15:20:48.619   951  2004 W ActivityManager: getRunningAppProcesses: caller 10118 does not hold REAL_GET_TASKS; limiting output
04-14 15:20:48.729  2443  2446 I PerfService: PerfServiceNative_getPackName
04-14 15:20:48.729   951  1980 I libPerfService: perfGetLastBoostPid 25787
04-14 15:20:48.730   951  1980 D PerfServiceManager: [PerfService] getLastBoostPid 25787 
04-14 15:20:48.730   951  1980 I libPerfService: perfGetLastBoostPid 25787
04-14 15:20:48.935   951  1027 I LcdStepRate: mHandler: on msg MSG_RESET_LCD_STEP_RATE
04-14 15:20:49.067   951   951 E WifiTrafficPoller: TRAFFIC_STATS_POLL true Token 151 num clients 12
04-14 15:20:49.069   951   951 E WifiTrafficPoller:  packet count Tx=374591 Rx=563970
04-14 15:20:49.099   291   489 I BufferQueueProducer: [StatusBar](this:0x7fa1ec3400,id:9,api:1,p:1333,c:291) queueBuffer: fps=0.85 dur=1173.26 max=1173.26 min=1173.26
04-14 15:20:49.111   291   291 I SurfaceFlinger: [Built-in Screen (type:0)] fps:0.848066,dur:1179.15,max:1179.15,min:1179.15
04-14 15:20:49.340   296 21667 I MAL-Daemon:  (        ru_syssig_hndler,  418) [RDS-I][ru_syssig_hndler] Send Event: 688 
04-14 15:20:49.341   296 21667 I MAL-Daemon:  (        ru_syssig_hndler,  419) [RDS-I][RDS][RU][ru_syssig_hndler] ru_check_ctx_ptr<0xf5ff3c9c, 0xf5ff3c9c>
04-14 15:20:49.341   296 21667 W MAL-Daemon:  (    mdfx_task_send_event,  636) mdfx_task_send_event(): [ACT] should NOT enter this leagcy API!!
04-14 15:20:49.341   296 21667 I MAL-Daemon:  (    ru_send_event_entity,  350) [RDS-I][RDS][RU][ru_send_event_entity] send event 688 to 602 with ret(0)
04-14 15:20:49.342   296   638 I MAL-Daemon:  (             rds_ru_task,  445) [RDS-I][RU][rds_ru_task] RCV Event: 688 
04-14 15:20:49.342  1361  1361 D wpa_supplicant: wlan0: Control interface command 'SIGNAL_POLL'
04-14 15:20:49.348   296   638 D MAL-Daemon:  (     ru_wsl_poll_wpainfo,  639) [RDS-D][RDS][RU][ru_wsl_poll_wpainfo]socket recv pktlen(49) 
04-14 15:20:49.348   296   638 D MAL-Daemon:  (rds_ru_ws_rssi_timer_exp,  752) [RDS-D][RU][rds_ru_ws_rssi_timer_expire_hdlr][RDS] get rssi = -43, snr = 9999 
04-14 15:20:49.349   296   638 I MAL-Daemon:  (  ru_wsl_wifi_status_ind,  734) [RDS-I][RDS][RU][ru_wsl_wifi_status_ind] ru_check_ctx_ptr<0xf5ff3c9c, 0xf5ff3c9c>
04-14 15:20:49.349   296   638 W MAL-Daemon:  (    mdfx_task_send_event,  636) mdfx_task_send_event(): [ACT] should NOT enter this leagcy API!!
04-14 15:20:49.349   296   638 I MAL-Daemon:  (    ru_send_event_entity,  350) [RDS-I][RDS][RU][ru_send_event_entity] send event 604 to 602 with ret(0)
04-14 15:20:49.354   296   638 I MAL-Daemon:  (          ru_get_netstat, 5285) [RDS-I][RU][ru_get_netstat] netstat <thrghpt, pkterrt>, wifi <162, 0%>, mobile <0, 0%>
04-14 15:20:49.354  2528  2659 I MFI-Conn:  (     mfia_task_bootstrap,  944) mfia_task_bootstrap(): an event 614 incoming
04-14 15:20:49.354  2528  2695 I MFI-Conn:  (             rds_urc_hdl,  230) [RDS][rds_urc_hdl] RCV Event: 614 
04-14 15:20:49.355  2528  2695 I MFI-Conn:  (             rds_urc_hdl,  325) [RDS][IF][rds_urc_hdl] data_base update: pkterrt(0) 
04-14 15:20:49.357   296   638 I MAL-Daemon:  (    ru_send_event_entity,  350) [RDS-I][RDS][RU][ru_send_event_entity] send event 614 to 1233 with ret(0)
04-14 15:20:49.357   296   638 I MAL-Daemon:  (             rds_ru_task,  445) [RDS-I][RU][rds_ru_task] RCV Event: 604 
04-14 15:20:49.357   296   638 I MAL-Daemon:  (  rds_ru_wifi_status_ind, 1338) [RDS-I][RU][EVENT_RU_WS_WIFI_STATUS_IND] fgwifi_en:1(no use) i4wifirssi:0xffffffd5 i4wifisnr:0x270f
04-14 15:20:49.358  2528  2659 I MFI-Conn:  (     mfia_task_bootstrap,  944) mfia_task_bootstrap(): an event 615 incoming
04-14 15:20:49.358  2528  2695 I MFI-Conn:  (             rds_urc_hdl,  230) [RDS][rds_urc_hdl] RCV Event: 615 
04-14 15:20:49.358  2528  2695 I MFI-Conn:  (             rds_urc_hdl,  335) [RDS][IF][rds_urc_hdl] data_base update: i4wifirssi(-43) 
04-14 15:20:49.362   296   638 I MAL-Daemon:  (    ru_send_event_entity,  350) [RDS-I][RDS][RU][ru_send_event_entity] send event 615 to 1233 with ret(0)
04-14 15:20:49.363   296   638 I MAL-Daemon:  (          rds_ru_rpl_gen, 4866) [RDS-I][RU][rds_ru_rpl_gen][RDS][OP0] TYPE : <0>, UI Policy : <3>, RDS Policy : <3>
04-14 15:20:49.363   296   638 I MAL-Daemon:  (      rds_cell_only_orng, 3608) [RDS-I][RU][RDS IMS/MMS][rds_cell_only_orng] 
04-14 15:20:49.363   296   638 I MAL-Daemon:  (          rds_ru_rpl_gen, 4877) [RDS-I][RU][rds_ru_rpl_gen][RDS][OP0] TYPE : <0>, RAN1 : <254> ,RAN2 : <254>
04-14 15:20:49.363   296   638 I MAL-Daemon:  (          rds_ru_rpl_gen, 4866) [RDS-I][RU][rds_ru_rpl_gen][RDS][OP0] TYPE : <1>, UI Policy : <3>, RDS Policy : <3>
04-14 15:20:49.363   296   638 I MAL-Daemon:  (      rds_cell_only_orng, 3608) [RDS-I][RU][RDS IMS/MMS][rds_cell_only_orng] 
04-14 15:20:49.363   296   638 I MAL-Daemon:  (          rds_ru_rpl_gen, 4877) [RDS-I][RU][rds_ru_rpl_gen][RDS][OP0] TYPE : <1>, RAN1 : <254> ,RAN2 : <254>
04-14 15:20:49.364   296   638 I MAL-Daemon:  (          rds_ru_rpl_gen, 4866) [RDS-I][RU][rds_ru_rpl_gen][RDS][OP0] TYPE : <2>, UI Policy : <3>, RDS Policy : <3>
04-14 15:20:49.364   296   638 I MAL-Daemon:  (      rds_cell_only_orng, 3608) [RDS-I][RU][RDS IMS/MMS][rds_cell_only_orng] 
04-14 15:20:49.364   296   638 I MAL-Daemon:  (          rds_ru_rpl_gen, 4877) [RDS-I][RU][rds_ru_rpl_gen][RDS][OP0] TYPE : <2>, RAN1 : <254> ,RAN2 : <254>
04-14 15:20:49.364   296   638 I MAL-Daemon:  (          rds_ru_rpl_gen, 4866) [RDS-I][RU][rds_ru_rpl_gen][RDS][OP0] TYPE : <3>, UI Policy : <3>, RDS Policy : <3>
04-14 15:20:49.364   296   638 I MAL-Daemon:  (          rds_ru_rpl_gen, 4877) [RDS-I][RU][rds_ru_rpl_gen][RDS][OP0] TYPE : <3>, RAN1 : <255> ,RAN2 : <255>
04-14 15:20:49.364   296   638 I MAL-Daemon:  (          rds_ru_rpl_gen, 4866) [RDS-I][RU][rds_ru_rpl_gen][RDS][OP0] TYPE : <4>, UI Policy : <3>, RDS Policy : <3>
04-14 15:20:49.364   296   638 I MAL-Daemon:  (          rds_ru_rpl_gen, 4877) [RDS-I][RU][rds_ru_rpl_gen][RDS][OP0] TYPE : <4>, RAN1 : <255> ,RAN2 : <255>
04-14 15:20:49.365   296   638 I MAL-Daemon:  (          rds_ru_rpl_gen, 4866) [RDS-I][RU][rds_ru_rpl_gen][RDS][OP0] TYPE : <5>, UI Policy : <3>, RDS Policy : <3>
04-14 15:20:49.365   296   638 I MAL-Daemon:  (          rds_ru_rpl_gen, 4877) [RDS-I][RU][rds_ru_rpl_gen][RDS][OP0] TYPE : <5>, RAN1 : <255> ,RAN2 : <255>
04-14 15:20:49.365   296   638 I MAL-Daemon:  (          rds_ru_rpl_gen, 4877) [RDS-I][RU][rds_ru_rpl_gen][RDS][OP0] TYPE : <6>, RAN1 : <254> ,RAN2 : <254>
04-14 15:20:49.365   296   638 I MAL-Daemon:  (    rds_op_check_feature,  304) [RDS-I][RDS][OP][rds_op_check_feature] operator id(0) check feature<0>, curr_opmsk is <1>, sys_opmsk is <0x0001, 1>
04-14 15:20:49.365   296   638 I MAL-Daemon:  (  rds_ru_ims_vops_update, 4666) [RDS-I][RU][rds_ru_ims_vops_update][RDS IMS]Policy type: 0 IMS VOPS IE is Disabled, update IMS RPL from Ori:(254, 254) New:(254,254)
04-14 15:20:49.365   296   638 I MAL-Daemon:  (  rds_ru_ims_vops_update, 4666) [RDS-I][RU][rds_ru_ims_vops_update][RDS IMS]Policy type: 1 IMS VOPS IE is Disabled, update IMS RPL from Ori:(254, 254) New:(254,254)
04-14 15:20:49.365   296   638 I MAL-Daemon:  (  rds_ru_ims_vops_update, 4666) [RDS-I][RU][rds_ru_ims_vops_update][RDS IMS]Policy type: 2 IMS VOPS IE is Disabled, update IMS RPL from Ori:(254, 254) New:(254,254)
04-14 15:20:49.366   296   638 I MAL-Daemon:  (          rds_ru_rpl_gen, 4901) [RDS-I][RU][rds_ru_rpl_gen][RDS] Current policy: fgimsolte_en<1>, fgwfc_en<0>, erdspolicy<3>, 
04-14 15:20:49.366   296   638 I MAL-Daemon:  (          rds_ru_rpl_gen, 4904) [RDS-I][RU][rds_ru_rpl_gen][RDS] Threshold i4wifirssih<-75>, i4wifirssil<-85>, i4wifirssih_ho<-78>, i4wifirssil_ho<-88>, i4wifisnrh<10>, i4wifisnrl<6>
04-14 15:20:49.366   296   638 I MAL-Daemon:  (          rds_ru_rpl_gen, 4907) [RDS-I][RU][rds_ru_rpl_gen][RDS] Threshold i4ltersrph<-106>, i4ltersrpm<-111>, i4ltersrpl<-116>, i4ltersrqh<5>, i4ltersrqm<3>, i4ltersrql<1>
04-14 15:20:49.367   296   638 I MAL-Daemon:  (          rds_ru_rpl_gen, 4910) [RDS-I][RU][rds_ru_rpl_gen][RDS] current rds ru status: i4wifirssi<-43>, i4wifisnr<9999>, i4ltersrp<-99>, i4ltersrq<40>, u4active_ran<1> 
04-14 15:20:49.367   296   638 I MAL-Daemon:  (          rds_ru_rpl_gen, 4913) [RDS-I][RU][rds_ru_rpl_gen][RDS] current wifi backhaul : rtp_plr<0>, rtp_jitter<0>, ping_ind<0>
04-14 15:20:49.367   296   638 I MAL-Daemon:  (          rds_ru_rpl_gen, 4916) [RDS-I][RU][rds_ru_rpl_gen][RDS] Call stat : IR92<0>, IR94<0> 
04-14 15:20:49.367   296   638 I MAL-Daemon:  (          rds_ru_rpl_gen, 4922) [RDS-I][RU][RDS IMS/MMS][rds_ru_rpl_gen] Ori:(254,254)/(255,255) New:(254,254)/(255,255)
04-14 15:20:49.367   296   638 I MAL-Daemon:  (          rds_ru_rpl_gen, 4927) [RDS-I][RU][RDS IMS/MMS WIFI][rds_ru_rpl_gen] Ori:(254,254)/(255,255) New:(254,254)/(255,255)
04-14 15:20:49.367   296   638 I MAL-Daemon:  (          rds_ru_rpl_gen, 4932) [RDS-I][RU][RDS IMS/MMS CELL][rds_ru_rpl_gen] Ori:(254,254)/(255,255) New:(254,254)/(255,255)
04-14 15:20:49.367   296   638 I MAL-Daemon:  (          rds_ru_rpl_gen, 4936) [RDS-I][RU][RDS EMG][rds_ru_rpl_gen] Ori:(254,254) New:(254,254)
04-14 15:20:49.733  2443  2446 I PerfService: PerfServiceNative_getPackName
04-14 15:20:49.733   951  1639 I libPerfService: perfGetLastBoostPid 25787
04-14 15:20:49.734   951  1639 D PerfServiceManager: [PerfService] getLastBoostPid 25787 
04-14 15:20:49.734   951  1639 I libPerfService: perfGetLastBoostPid 25787
04-14 15:20:49.736   951  1027 I LcdStepRate: mHandler: on msg MSG_RESET_LCD_STEP_RATE
04-14 15:20:50.081   951   951 E WifiTrafficPoller: TRAFFIC_STATS_POLL true Token 151 num clients 12
04-14 15:20:50.082   951   951 E WifiTrafficPoller:  packet count Tx=374591 Rx=563970
04-14 15:20:50.105   291  1235 I BufferQueueProducer: [StatusBar](this:0x7fa1ec3400,id:9,api:1,p:1333,c:291) queueBuffer: fps=1.99 dur=1005.50 max=689.79 min=315.70
04-14 15:20:50.121   291   291 I SurfaceFlinger: [Built-in Screen (type:0)] fps:1.980163,dur:1010.02,max:691.79,min:318.22
04-14 15:20:50.536   951  1027 I LcdStepRate: mHandler: on msg MSG_RESET_LCD_STEP_RATE
04-14 15:20:50.737  2443  2446 I PerfService: PerfServiceNative_getPackName
04-14 15:20:50.738   951  2007 I libPerfService: perfGetLastBoostPid 25787
04-14 15:20:50.738   951  2007 D PerfServiceManager: [PerfService] getLastBoostPid 25787 
04-14 15:20:50.738   951  2007 I libPerfService: perfGetLastBoostPid 25787
04-14 15:20:50.824   951  1275 D WifiStateMachine:  get link layer stats 0
04-14 15:20:50.825   951  1275 D WifiHW  : enter -->wifi_send_command cmd=IFNAME=wlan0 SIGNAL_POLL
04-14 15:20:50.826  1361  1361 D wpa_supplicant: wlan0: Control interface command 'SIGNAL_POLL'
04-14 15:20:50.847   951  1275 D WifiHW  : leave --> reply=RSSI=-43
04-14 15:20:50.847   951  1275 D WifiHW  : LINKSPEED=433
04-14 15:20:50.847   951  1275 D WifiHW  : NOISE=9999
04-14 15:20:50.847   951  1275 D WifiHW  : FREQUENCY=5180
04-14 15:20:50.847   951  1275 D WifiHW  : 
04-14 15:20:50.848   951  1275 I WifiStateMachine: fetchRssiLinkSpeedAndFrequencyNative, newRssi:-43, newLinkSpeed:433, SSID:"FreeWifi"
04-14 15:20:50.848   951  1275 D WifiStateMachine: mLastSignalLevel:4, newSignalLevel:4
04-14 15:20:50.848   951  1275 E WifiConfigStore: updateConfiguration freq=5180 BSSID=98:da:c4:72:45:8d RSSI=-43 "FreeWifi"WPA_PSK
04-14 15:20:51.095   951   951 E WifiTrafficPoller: TRAFFIC_STATS_POLL true Token 151 num clients 12
04-14 15:20:51.097   951   951 E WifiTrafficPoller:  packet count Tx=374591 Rx=563970
04-14 15:20:51.337   951  1027 I LcdStepRate: mHandler: on msg MSG_RESET_LCD_STEP_RATE
04-14 15:20:51.742  2443  2446 I PerfService: PerfServiceNative_getPackName
04-14 15:20:51.743   951   961 I libPerfService: perfGetLastBoostPid 25787
04-14 15:20:51.743   951   961 D PerfServiceManager: [PerfService] getLastBoostPid 25787 
04-14 15:20:51.743   951   961 I libPerfService: perfGetLastBoostPid 25787
04-14 15:20:52.098   951   951 E WifiTrafficPoller: TRAFFIC_STATS_POLL true Token 151 num clients 12
04-14 15:20:52.099   951   951 E WifiTrafficPoller:  packet count Tx=374591 Rx=563970
04-14 15:20:52.139   951  1027 I LcdStepRate: mHandler: on msg MSG_RESET_LCD_STEP_RATE
04-14 15:20:52.340   296 21667 I MAL-Daemon:  (        ru_syssig_hndler,  418) [RDS-I][ru_syssig_hndler] Send Event: 688 
04-14 15:20:52.341   296 21667 I MAL-Daemon:  (        ru_syssig_hndler,  419) [RDS-I][RDS][RU][ru_syssig_hndler] ru_check_ctx_ptr<0xf5ff3c9c, 0xf5ff3c9c>
04-14 15:20:52.341   296 21667 W MAL-Daemon:  (    mdfx_task_send_event,  636) mdfx_task_send_event(): [ACT] should NOT enter this leagcy API!!
04-14 15:20:52.341   296 21667 I MAL-Daemon:  (    ru_send_event_entity,  350) [RDS-I][RDS][RU][ru_send_event_entity] send event 688 to 602 with ret(0)
04-14 15:20:52.342   296   638 I MAL-Daemon:  (             rds_ru_task,  445) [RDS-I][RU][rds_ru_task] RCV Event: 688 
04-14 15:20:52.342  1361  1361 D wpa_supplicant: wlan0: Control interface command 'SIGNAL_POLL'
04-14 15:20:52.367   296   638 D MAL-Daemon:  (     ru_wsl_poll_wpainfo,  639) [RDS-D][RDS][RU][ru_wsl_poll_wpainfo]socket recv pktlen(49) 
04-14 15:20:52.367   296   638 D MAL-Daemon:  (rds_ru_ws_rssi_timer_exp,  752) [RDS-D][RU][rds_ru_ws_rssi_timer_expire_hdlr][RDS] get rssi = -43, snr = 9999 
04-14 15:20:52.369   296   638 I MAL-Daemon:  (          ru_get_netstat, 5285) [RDS-I][RU][ru_get_netstat] netstat <thrghpt, pkterrt>, wifi <0, 0%>, mobile <0, 0%>
04-14 15:20:52.369  2528  2659 I MFI-Conn:  (     mfia_task_bootstrap,  944) mfia_task_bootstrap(): an event 614 incoming
04-14 15:20:52.370  2528  2695 I MFI-Conn:  (             rds_urc_hdl,  230) [RDS][rds_urc_hdl] RCV Event: 614 
04-14 15:20:52.370  2528  2695 I MFI-Conn:  (             rds_urc_hdl,  325) [RDS][IF][rds_urc_hdl] data_base update: pkterrt(0) 
04-14 15:20:52.374   296   638 I MAL-Daemon:  (    ru_send_event_entity,  350) [RDS-I][RDS][RU][ru_send_event_entity] send event 614 to 1233 with ret(0)
04-14 15:20:52.424   291   489 I BufferQueueProducer: [StatusBar](this:0x7fa1ec3400,id:9,api:1,p:1333,c:291) queueBuffer: fps=0.86 dur=2319.36 max=1499.33 min=820.02
04-14 15:20:52.436   291   291 I SurfaceFlinger: [Built-in Screen (type:0)] fps:0.863859,dur:2315.19,max:1505.33,min:809.87
04-14 15:20:52.674   296   658 D MAL-Daemon:  (void* rilproxy_urc_threa,  964) URC = (+ECSQ: 23,29,1,-391,-40,1,1,2,32767
04-14 15:20:52.674   296   658 D MAL-Daemon: )
04-14 15:20:52.674   296   658 W MAL-Daemon:  (    mdfx_task_send_event,  636) mdfx_task_send_event(): [ACT] should NOT enter this leagcy API!!
04-14 15:20:52.674   296   658 W MAL-Daemon:  (    mdfx_task_send_event,  636) mdfx_task_send_event(): [ACT] should NOT enter this leagcy API!!
04-14 15:20:52.675   296   638 I MAL-Daemon:  (             rds_ru_task,  445) [RDS-I][RU][rds_ru_task] RCV Event: 104 
04-14 15:20:52.676   296   638 I MAL-Daemon:  (         rds_ru_urc_hdlr, 1733) [RDS-I][RDS][rds_ru_urc_hdlr] get URC: +ECSQ: 23,29,1,-391,-40,1,1,2,32767
04-14 15:20:52.676   296   638 I MAL-Daemon: 
04-14 15:20:52.676   296   638 I MAL-Daemon:  (     ru_parse_3gppsigval, 1458) [RDS-I][RDS][ru_parse_3gppsigval] 3gppsigval #args act<2>
04-14 15:20:52.676   296   638 I MAL-Daemon:  (         rds_ru_urc_hdlr, 1913) [RDS-I][RDS][RU][rds_ru_urc_hdlr] Update 3GPP STATUS rsrp<-98> rsrq<40> regstat<6> 
04-14 15:20:52.676   296   638 I MAL-Daemon:  (         rds_ru_urc_hdlr, 1915) [RDS-I][RDS][RU][rds_ru_urc_hdlr] ru_check_ctx_ptr<0xf5ff3c9c, 0xf5ff3c9c>
04-14 15:20:52.676   296   638 W MAL-Daemon:  (    mdfx_task_send_event,  636) mdfx_task_send_event(): [ACT] should NOT enter this leagcy API!!
04-14 15:20:52.676   296   638 I MAL-Daemon:  (    ru_send_event_entity,  350) [RDS-I][RDS][RU][ru_send_event_entity] send event 605 to 602 with ret(0)
04-14 15:20:52.676   296   638 I MAL-Daemon:  (             rds_ru_task,  445) [RDS-I][RU][rds_ru_task] RCV Event: 605 
04-14 15:20:52.677   296   638 I MAL-Daemon:  (  rds_ru_3gpp_status_ind, 1390) [RDS-I][RU][EVENT_RU_DM_3GPP_STATUS_IND] i4ltersrp:-98, i4ltersrq:40, u43gpp_status:0x6
04-14 15:20:52.677   296   638 E MAL-Daemon:  (  rds_ru_3gpp_status_ind, 1421) [RDS-E][RU][EVENT_RU_DM_3GPP_STATUS_IND] Invalid u43gpp_status:0x6
04-14 15:20:52.677   296   638 I MAL-Daemon:  (          rds_ru_rpl_gen, 4866) [RDS-I][RU][rds_ru_rpl_gen][RDS][OP0] TYPE : <0>, UI Policy : <3>, RDS Policy : <3>
04-14 15:20:52.677   296   638 I MAL-Daemon:  (      rds_cell_only_orng, 3608) [RDS-I][RU][RDS IMS/MMS][rds_cell_only_orng] 
04-14 15:20:52.677   296   638 I MAL-Daemon:  (          rds_ru_rpl_gen, 4877) [RDS-I][RU][rds_ru_rpl_gen][RDS][OP0] TYPE : <0>, RAN1 : <254> ,RAN2 : <254>
04-14 15:20:52.677   296   638 I MAL-Daemon:  (          rds_ru_rpl_gen, 4866) [RDS-I][RU][rds_ru_rpl_gen][RDS][OP0] TYPE : <1>, UI Policy : <3>, RDS Policy : <3>
04-14 15:20:52.677   296   638 I MAL-Daemon:  (      rds_cell_only_orng, 3608) [RDS-I][RU][RDS IMS/MMS][rds_cell_only_orng] 
04-14 15:20:52.678   296   638 I MAL-Daemon:  (          rds_ru_rpl_gen, 4877) [RDS-I][RU][rds_ru_rpl_gen][RDS][OP0] TYPE : <1>, RAN1 : <254> ,RAN2 : <254>
04-14 15:20:52.678   296   638 I MAL-Daemon:  (          rds_ru_rpl_gen, 4866) [RDS-I][RU][rds_ru_rpl_gen][RDS][OP0] TYPE : <2>, UI Policy : <3>, RDS Policy : <3>
04-14 15:20:52.678   296   638 I MAL-Daemon:  (      rds_cell_only_orng, 3608) [RDS-I][RU][RDS IMS/MMS][rds_cell_only_orng] 
04-14 15:20:52.678   296   638 I MAL-Daemon:  (          rds_ru_rpl_gen, 4877) [RDS-I][RU][rds_ru_rpl_gen][RDS][OP0] TYPE : <2>, RAN1 : <254> ,RAN2 : <254>
04-14 15:20:52.678   296   638 I MAL-Daemon:  (          rds_ru_rpl_gen, 4866) [RDS-I][RU][rds_ru_rpl_gen][RDS][OP0] TYPE : <3>, UI Policy : <3>, RDS Policy : <3>
04-14 15:20:52.678   296   638 I MAL-Daemon:  (          rds_ru_rpl_gen, 4877) [RDS-I][RU][rds_ru_rpl_gen][RDS][OP0] TYPE : <3>, RAN1 : <255> ,RAN2 : <255>
04-14 15:20:52.678   296   638 I MAL-Daemon:  (          rds_ru_rpl_gen, 4866) [RDS-I][RU][rds_ru_rpl_gen][RDS][OP0] TYPE : <4>, UI Policy : <3>, RDS Policy : <3>
04-14 15:20:52.679   296   638 I MAL-Daemon:  (          rds_ru_rpl_gen, 4877) [RDS-I][RU][rds_ru_rpl_gen][RDS][OP0] TYPE : <4>, RAN1 : <255> ,RAN2 : <255>
04-14 15:20:52.679   296   638 I MAL-Daemon:  (          rds_ru_rpl_gen, 4866) [RDS-I][RU][rds_ru_rpl_gen][RDS][OP0] TYPE : <5>, UI Policy : <3>, RDS Policy : <3>
04-14 15:20:52.679   296   638 I MAL-Daemon:  (          rds_ru_rpl_gen, 4877) [RDS-I][RU][rds_ru_rpl_gen][RDS][OP0] TYPE : <5>, RAN1 : <255> ,RAN2 : <255>
04-14 15:20:52.679   296   638 I MAL-Daemon:  (          rds_ru_rpl_gen, 4877) [RDS-I][RU][rds_ru_rpl_gen][RDS][OP0] TYPE : <6>, RAN1 : <254> ,RAN2 : <254>
04-14 15:20:52.679   296   638 I MAL-Daemon:  (    rds_op_check_feature,  304) [RDS-I][RDS][OP][rds_op_check_feature] operator id(0) check feature<0>, curr_opmsk is <1>, sys_opmsk is <0x0001, 1>
04-14 15:20:52.679   296   638 I MAL-Daemon:  (  rds_ru_ims_vops_update, 4666) [RDS-I][RU][rds_ru_ims_vops_update][RDS IMS]Policy type: 0 IMS VOPS IE is Disabled, update IMS RPL from Ori:(254, 254) New:(254,254)
04-14 15:20:52.679   296   638 I MAL-Daemon:  (  rds_ru_ims_vops_update, 4666) [RDS-I][RU][rds_ru_ims_vops_update][RDS IMS]Policy type: 1 IMS VOPS IE is Disabled, update IMS RPL from Ori:(254, 254) New:(254,254)
04-14 15:20:52.680   296   602 D MAL-Daemon:  (          atmngr_urc_hdl,  206) atmngr_urc_hdl(): [AT_URC] "
04-14 15:20:52.680   296   602 D MAL-Daemon: +ECSQ: 23,29,1,-391,-40,1,1,2,32767
04-14 15:20:52.680   296   602 D MAL-Daemon: "!!
04-14 15:20:52.680   296   638 I MAL-Daemon:  (  rds_ru_ims_vops_update, 4666) [RDS-I][RU][rds_ru_ims_vops_update][RDS IMS]Policy type: 2 IMS VOPS IE is Disabled, update IMS RPL from Ori:(254, 254) New:(254,254)
04-14 15:20:52.703   296   638 I MAL-Daemon:  (          rds_ru_rpl_gen, 4901) [RDS-I][RU][rds_ru_rpl_gen][RDS] Current policy: fgimsolte_en<1>, fgwfc_en<0>, erdspolicy<3>, 
04-14 15:20:52.703   296   638 I MAL-Daemon:  (          rds_ru_rpl_gen, 4904) [RDS-I][RU][rds_ru_rpl_gen][RDS] Threshold i4wifirssih<-75>, i4wifirssil<-85>, i4wifirssih_ho<-78>, i4wifirssil_ho<-88>, i4wifisnrh<10>, i4wifisnrl<6>
04-14 15:20:52.703   296   638 I MAL-Daemon:  (          rds_ru_rpl_gen, 4907) [RDS-I][RU][rds_ru_rpl_gen][RDS] Threshold i4ltersrph<-106>, i4ltersrpm<-111>, i4ltersrpl<-116>, i4ltersrqh<5>, i4ltersrqm<3>, i4ltersrql<1>
04-14 15:20:52.703   296   638 I MAL-Daemon:  (          rds_ru_rpl_gen, 4910) [RDS-I][RU][rds_ru_rpl_gen][RDS] current rds ru status: i4wifirssi<-43>, i4wifisnr<9999>, i4ltersrp<-98>, i4ltersrq<40>, u4active_ran<1> 
04-14 15:20:52.703   296   638 I MAL-Daemon:  (          rds_ru_rpl_gen, 4913) [RDS-I][RU][rds_ru_rpl_gen][RDS] current wifi backhaul : rtp_plr<0>, rtp_jitter<0>, ping_ind<0>
04-14 15:20:52.703   296   638 I MAL-Daemon:  (          rds_ru_rpl_gen, 4916) [RDS-I][RU][rds_ru_rpl_gen][RDS] Call stat : IR92<0>, IR94<0> 
04-14 15:20:52.703   296   638 I MAL-Daemon:  (          rds_ru_rpl_gen, 4922) [RDS-I][RU][RDS IMS/MMS][rds_ru_rpl_gen] Ori:(254,254)/(255,255) New:(254,254)/(255,255)
04-14 15:20:52.703   296   638 I MAL-Daemon:  (          rds_ru_rpl_gen, 4927) [RDS-I][RU][RDS IMS/MMS WIFI][rds_ru_rpl_gen] Ori:(254,254)/(255,255) New:(254,254)/(255,255)
04-14 15:20:52.704   296   638 I MAL-Daemon:  (          rds_ru_rpl_gen, 4932) [RDS-I][RU][RDS IMS/MMS CELL][rds_ru_rpl_gen] Ori:(254,254)/(255,255) New:(254,254)/(255,255)
04-14 15:20:52.704   296   638 I MAL-Daemon:  (          rds_ru_rpl_gen, 4936) [RDS-I][RU][RDS EMG][rds_ru_rpl_gen] Ori:(254,254) New:(254,254)
04-14 15:20:52.709   951  1622 V ActivityManager: Broadcast sticky: Intent { act=android.intent.action.SIG_STR flg=0x20000010 (has extras) } ordered=false userid=-1 callerApp=ProcessRecord{fc0c87c 951:system/1000}
04-14 15:20:52.709   951  1622 D RestrictedPackageService: filterBroadcastReceiver for android.intent.action.SIG_STR
04-14 15:20:52.710   951   967 V ActivityManager_MU: isSingleton(com.lenovo.ideafriend, ApplicationInfo{94eae28 com.lenovo.ideafriend}, com.lenovo.ideafriend.mms.android.transaction.MmsSystemEventReceiver, 0x0) = false
04-14 15:20:52.713 13737 13737 D ActivityThread: BDC-Calling onReceive: intent=Intent { act=android.intent.action.SIG_STR flg=0x20000010 cmp=com.lenovo.ideafriend/.mms.android.transaction.MmsSystemEventReceiver (has extras) }, receiver=com.lenovo.ideafriend.mms.android.transaction.MmsSystemEventReceiver@2508f0
04-14 15:20:52.714 13737 13737 D Mms     : onReceive(): intent=Intent { act=android.intent.action.SIG_STR flg=0x20000010 cmp=com.lenovo.ideafriend/.mms.android.transaction.MmsSystemEventReceiver (has extras) }
04-14 15:20:52.714 13737 13737 D ActivityThread: BDC-Calling onReceive end receiver=class com.lenovo.ideafriend.mms.android.transaction.MmsSystemEventReceiver
04-14 15:20:52.716 13737 13737 D ActivityThread: BDC-RECEIVER handled : 0 / ReceiverData{intent=Intent { act=android.intent.action.SIG_STR flg=0x20000010 cmp=com.lenovo.ideafriend/.mms.android.transaction.MmsSystemEventReceiver (has extras) } packageName=com.lenovo.ideafriend resultCode=-1 resultData=null resultExtras=null}
04-14 15:20:52.746  2443  2446 I PerfService: PerfServiceNative_getPackName
04-14 15:20:52.746   951  2016 I libPerfService: perfGetLastBoostPid 25787
04-14 15:20:52.746   951  2016 D PerfServiceManager: [PerfService] getLastBoostPid 25787 
04-14 15:20:52.746   951  2016 I libPerfService: perfGetLastBoostPid 25787
04-14 15:20:52.803   951  2004 W ActivityManager: getRunningAppProcesses: caller 10108 does not hold REAL_GET_TASKS; limiting output
04-14 15:20:52.940   951  1027 I LcdStepRate: mHandler: on msg MSG_RESET_LCD_STEP_RATE
04-14 15:20:53.101   951   951 E WifiTrafficPoller: TRAFFIC_STATS_POLL true Token 151 num clients 12
04-14 15:20:53.102   951   951 E WifiTrafficPoller:  packet count Tx=374591 Rx=563970
04-14 15:20:53.416   341   341 I thermal_repeater: select timeout
04-14 15:20:53.623   951  1980 W ActivityManager: getRunningAppProcesses: caller 10118 does not hold REAL_GET_TASKS; limiting output
04-14 15:20:53.741   951  1027 I LcdStepRate: mHandler: on msg MSG_RESET_LCD_STEP_RATE
04-14 15:20:53.748  2443  2446 I PerfService: PerfServiceNative_getPackName
04-14 15:20:53.748   951   961 I libPerfService: perfGetLastBoostPid 25787
04-14 15:20:53.749   951   961 D PerfServiceManager: [PerfService] getLastBoostPid 25787 
04-14 15:20:53.749   951   961 I libPerfService: perfGetLastBoostPid 25787
04-14 15:20:53.855   951  1275 D WifiStateMachine:  get link layer stats 0
04-14 15:20:53.856   951  1275 D WifiHW  : enter -->wifi_send_command cmd=IFNAME=wlan0 SIGNAL_POLL
04-14 15:20:53.857  1361  1361 D wpa_supplicant: wlan0: Control interface command 'SIGNAL_POLL'
04-14 15:20:53.877   951  1275 D WifiHW  : leave --> reply=RSSI=-44
04-14 15:20:53.877   951  1275 D WifiHW  : LINKSPEED=433
04-14 15:20:53.877   951  1275 D WifiHW  : NOISE=9999
04-14 15:20:53.877   951  1275 D WifiHW  : FREQUENCY=5180
04-14 15:20:53.877   951  1275 D WifiHW  : 
04-14 15:20:53.878   951  1275 I WifiStateMachine: fetchRssiLinkSpeedAndFrequencyNative, newRssi:-44, newLinkSpeed:433, SSID:"FreeWifi"
04-14 15:20:53.878   951  1275 D WifiStateMachine: mLastSignalLevel:4, newSignalLevel:4
04-14 15:20:53.878   951  1275 E WifiConfigStore: updateConfiguration freq=5180 BSSID=98:da:c4:72:45:8d RSSI=-43 "FreeWifi"WPA_PSK
04-14 15:20:53.924   291 10479 I BufferQueueProducer: [StatusBar](this:0x7fa1ec3400,id:9,api:1,p:1333,c:291) queueBuffer: fps=0.67 dur=1500.22 max=1500.22 min=1500.22
04-14 15:20:53.935   291   291 I SurfaceFlinger: [Built-in Screen (type:0)] fps:0.667093,dur:1499.04,max:1499.04,min:1499.04
04-14 15:20:54.103   951   951 E WifiTrafficPoller: TRAFFIC_STATS_POLL true Token 151 num clients 12
04-14 15:20:54.104   951   951 E WifiTrafficPoller:  packet count Tx=374591 Rx=563970
04-14 15:20:54.542   951  1027 I LcdStepRate: mHandler: on msg MSG_RESET_LCD_STEP_RATE
04-14 15:20:54.751  2443  2446 I PerfService: PerfServiceNative_getPackName
04-14 15:20:54.751   951  1532 I libPerfService: perfGetLastBoostPid 25787
04-14 15:20:54.752   951  1532 D PerfServiceManager: [PerfService] getLastBoostPid 25787 
04-14 15:20:54.752   951  1532 I libPerfService: perfGetLastBoostPid 25787
04-14 15:20:55.106   951   951 E WifiTrafficPoller: TRAFFIC_STATS_POLL true Token 151 num clients 12
04-14 15:20:55.107   951   951 E WifiTrafficPoller:  packet count Tx=374591 Rx=563970
04-14 15:20:55.340   296 21667 I MAL-Daemon:  (        ru_syssig_hndler,  418) [RDS-I][ru_syssig_hndler] Send Event: 688 
04-14 15:20:55.341   296 21667 I MAL-Daemon:  (        ru_syssig_hndler,  419) [RDS-I][RDS][RU][ru_syssig_hndler] ru_check_ctx_ptr<0xf5ff3c9c, 0xf5ff3c9c>
04-14 15:20:55.341   296 21667 W MAL-Daemon:  (    mdfx_task_send_event,  636) mdfx_task_send_event(): [ACT] should NOT enter this leagcy API!!
04-14 15:20:55.341   296 21667 I MAL-Daemon:  (    ru_send_event_entity,  350) [RDS-I][RDS][RU][ru_send_event_entity] send event 688 to 602 with ret(0)
04-14 15:20:55.342   296   638 I MAL-Daemon:  (             rds_ru_task,  445) [RDS-I][RU][rds_ru_task] RCV Event: 688 
04-14 15:20:55.342  1361  1361 D wpa_supplicant: wlan0: Control interface command 'SIGNAL_POLL'
04-14 15:20:55.343   951  1027 I LcdStepRate: mHandler: on msg MSG_RESET_LCD_STEP_RATE
04-14 15:20:55.370   296   638 D MAL-Daemon:  (     ru_wsl_poll_wpainfo,  639) [RDS-D][RDS][RU][ru_wsl_poll_wpainfo]socket recv pktlen(49) 
04-14 15:20:55.370   296   638 D MAL-Daemon:  (rds_ru_ws_rssi_timer_exp,  752) [RDS-D][RU][rds_ru_ws_rssi_timer_expire_hdlr][RDS] get rssi = -43, snr = 9999 
04-14 15:20:55.372   296   638 I MAL-Daemon:  (          ru_get_netstat, 5285) [RDS-I][RU][ru_get_netstat] netstat <thrghpt, pkterrt>, wifi <0, 0%>, mobile <0, 0%>
04-14 15:20:55.372  2528  2659 I MFI-Conn:  (     mfia_task_bootstrap,  944) mfia_task_bootstrap(): an event 614 incoming
04-14 15:20:55.373  2528  2695 I MFI-Conn:  (             rds_urc_hdl,  230) [RDS][rds_urc_hdl] RCV Event: 614 
04-14 15:20:55.373  2528  2695 I MFI-Conn:  (             rds_urc_hdl,  325) [RDS][IF][rds_urc_hdl] data_base update: pkterrt(0) 
04-14 15:20:55.377   296   638 I MAL-Daemon:  (    ru_send_event_entity,  350) [RDS-I][RDS][RU][ru_send_event_entity] send event 614 to 1233 with ret(0)
04-14 15:20:55.378 21724 21724 D DHCPv6  : set client ID (len 14)
04-14 15:20:55.378 21724 21724 D DHCPv6  : set identity association
04-14 15:20:55.379 21724 21724 D DHCPv6  : set elapsed time (len 2)
04-14 15:20:55.379 21724 21724 D DHCPv6  : set option request (len 4)
04-14 15:20:55.380 21724 21724 D DHCPv6  : send solicit to ff02::1:2%wlan0
04-14 15:20:55.380 21724 21724 D DHCPv6  : reset a timer on wlan0, state=SOLICIT, timeo=36, retrans=110340
04-14 15:20:55.397 21724 21724 D DHCPv6  : receive advertise from fe80::9ada:c4ff:fe72:458b%wlan0 on wlan0
04-14 15:20:55.397 21724 21724 D DHCPv6  : get DHCP option client ID, len 14
04-14 15:20:55.397 21724 21724 D DHCPv6  :   DUID: 00:01:00:01:24:ea:b4:ab:8e:08:ba:db:9b:a0
04-14 15:20:55.398 21724 21724 D DHCPv6  : get DHCP option server ID, len 10
04-14 15:20:55.398 21724 21724 D DHCPv6  :   DUID: 00:03:00:01:98:da:c4:72:45:8b
04-14 15:20:55.398 21724 21724 D DHCPv6  : get DHCP option status code, len 2
04-14 15:20:55.398 21724 21724 D DHCPv6  :   status code: no addresses
04-14 15:20:55.398 21724 21724 D DHCPv6  : get DHCP option DNS, len 16
04-14 15:20:55.398 21724 21724 D DHCPv6  : server ID: 00:03:00:01:98:da:c4:72:45:8b, pref=-1
04-14 15:20:55.399 21724 21724 I DHCPv6  : advertise contains NoAddrsAvail status
04-14 15:20:55.424   291  8275 I BufferQueueProducer: [StatusBar](this:0x7fa1ec3400,id:9,api:1,p:1333,c:291) queueBuffer: fps=0.67 dur=1499.21 max=1499.21 min=1499.21
04-14 15:20:55.435   291   291 I SurfaceFlinger: [Built-in Screen (type:0)] fps:0.666594,dur:1500.16,max:1500.16,min:1500.16
04-14 15:20:55.756  2443  2446 I PerfService: PerfServiceNative_getPackName
04-14 15:20:55.756   951  1983 I libPerfService: perfGetLastBoostPid 25787
04-14 15:20:55.757   951  1983 D PerfServiceManager: [PerfService] getLastBoostPid 25787 
04-14 15:20:55.757   951  1983 I libPerfService: perfGetLastBoostPid 25787
04-14 15:20:56.109   951   951 E WifiTrafficPoller: TRAFFIC_STATS_POLL true Token 151 num clients 12
04-14 15:20:56.110   951   951 E WifiTrafficPoller:  packet count Tx=374592 Rx=563971
04-14 15:20:56.144   951  1027 I LcdStepRate: mHandler: on msg MSG_RESET_LCD_STEP_RATE
04-14 15:20:56.325   296   658 D MAL-Daemon:  (void* rilproxy_urc_threa,  978) URC = (+CREG: 0,"28CC","01F8F8A9",2,0,0
04-14 15:20:56.325   296   658 D MAL-Daemon: )
04-14 15:20:56.325   296   658 W MAL-Daemon:  (    mdfx_task_send_event,  636) mdfx_task_send_event(): [ACT] should NOT enter this leagcy API!!
04-14 15:20:56.325   296   658 W MAL-Daemon:  (    mdfx_task_send_event,  636) mdfx_task_send_event(): [ACT] should NOT enter this leagcy API!!
04-14 15:20:56.326   296   638 I MAL-Daemon:  (             rds_ru_task,  445) [RDS-I][RU][rds_ru_task] RCV Event: 104 
04-14 15:20:56.326   296   638 I MAL-Daemon:  (         rds_ru_urc_hdlr, 1733) [RDS-I][RDS][rds_ru_urc_hdlr] get URC: +CREG: 0,"28CC","01F8F8A9",2,0,0
04-14 15:20:56.326   296   638 I MAL-Daemon: 
04-14 15:20:56.326   296   602 D MAL-Daemon:  (          atmngr_urc_hdl,  206) atmngr_urc_hdl(): [AT_URC] "
04-14 15:20:56.326   296   602 D MAL-Daemon: +CREG: 0,"28CC","01F8F8A9",2,0,0
04-14 15:20:56.326   296   602 D MAL-Daemon: "!!
04-14 15:20:56.327   296   657 E MAL-Daemon:  (void* rilproxy_cmd_resp_,  800) rilproxy_cmd_resp_thread(): an unknown urc (1002)
04-14 15:20:56.338  1573  1573 D SettingsInterface:  from settings cache , name = preferred_network_mode5000 , value = null
04-14 15:20:56.344   951  2015 D PowerManagerService: acquireWakeLockInternal: lock=176195393, flags=0x1, tag="RILJ", ws=null, uid=1001, pid=1573
04-14 15:20:56.344   951  2015 D PowerManagerService: updateWakeLockSummaryLocked: mWakefulness=Awake, mWakeLockSummary=0x1
04-14 15:20:56.344   951  2015 D PowerManagerService: updateUserActivitySummaryLocked: mWakefulness=Awake, mUserActivitySummary=0x1, nextTimeout=2244046377 (in 2147263926 ms)
04-14 15:20:56.344   951  2015 D DisplayPowerController: requestPowerState: policy=BRIGHT, useProximitySensor=false, screenBrightness=123, screenAutoBrightnessAdjustment=0.0, brightnessSetByUser=true, useAutoBrightness=false, blockScreenOn=false, lowPowerMode=false, boostScreenBrightness=false, dozeScreenBrightness=-1, dozeScreenState=UNKNOWN, waitForNegativeProximity=false
04-14 15:20:56.344   951  2015 I PowerManagerService: setBrightness mButtonLight 0.
04-14 15:20:56.344   951  2015 D PowerManagerService: updateDisplayPowerStateLocked: mDisplayReady=true, policy=3, mWakefulness=1, mWakeLockSummary=0x1, mUserActivitySummary=0x1, mBootCompleted=true, mScreenBrightnessBoostInProgress=false
04-14 15:20:56.344   951  2015 D PowerManagerService: Acquiring suspend blocker "PowerManagerService.WakeLocks".
04-14 15:20:56.344   951  2015 D PowerManagerNotifier: onWakeLockAcquired: flags=1, tag="RILJ", packageName=com.android.phone, ownerUid=1001, ownerPid=1573, workSource=null
04-14 15:20:56.344   951  2015 D AppOps  : startOperation: allowing code 40 uid 1001 package com.android.phone
04-14 15:20:56.346   296   658 D MAL-Daemon:  (void* rilproxy_urc_threa,  973) URC = (+CGREG: 4,"28CC","01F8F8A9",2,"6E",0,0
04-14 15:20:56.346   296   658 D MAL-Daemon: )
04-14 15:20:56.346   296   658 W MAL-Daemon:  (    mdfx_task_send_event,  636) mdfx_task_send_event(): [ACT] should NOT enter this leagcy API!!
04-14 15:20:56.346   296   658 W MAL-Daemon:  (    mdfx_task_send_event,  636) mdfx_task_send_event(): [ACT] should NOT enter this leagcy API!!
04-14 15:20:56.346   296   602 D MAL-Daemon:  (          atmngr_urc_hdl,  206) atmngr_urc_hdl(): [AT_URC] "
04-14 15:20:56.346   296   602 D MAL-Daemon: +CGREG: 4,"28CC","01F8F8A9",2,"6E",0,0
04-14 15:20:56.346   296   602 D MAL-Daemon: "!!
04-14 15:20:56.346   296   602 I MAL-Daemon:  (       atmngr_urc_cc_act,   76) atmngr_urc_cc_act(): sending a carbon copy of URC = "
04-14 15:20:56.346   296   602 I MAL-Daemon: +CGREG: 4,"28CC","01F8F8A9",2,"6E",0,0
04-14 15:20:56.346   296   602 I MAL-Daemon: " to Task 801!!
04-14 15:20:56.346   296   625 D MAL-Daemon:  (         nwmngr_task_hdl,  405) [NWMNGR] nwmngr_task_hdl(), receive event = 104(nwmngr_task_hdl:405)
04-14 15:20:56.346   296   625 D MAL-Daemon:  (  nwmngr_is_dsbp_support,   98) [NWMNGR] dsbp support 1(nwmngr_is_dsbp_support:98)
04-14 15:20:56.346   296   625 D MAL-Daemon:  (        nwmngr_get_sbpid,  113) [NWMNGR] op id /-1 from persist.radio.sim.sbp(nwmngr_get_sbpid:113)
04-14 15:20:56.346   296   625 D MAL-Daemon:  ( default_urc_cgreg_cereg,  223) [NWMNGR] data = (+CGREG: 4,"28CC","01F8F8A9",2,"6E",0,0
04-14 15:20:56.346   296   625 D MAL-Daemon: ), argc = 4, state = (4), entity_priv->wifi_state = 1, data_state = 1 is_wfc_support = 0(default_urc_cgreg_cereg:223)
04-14 15:20:56.346   296   625 D MAL-Daemon:  ( default_urc_cgreg_cereg,  229) [NWMNGR] ps state  0 -> 0(default_urc_cgreg_cereg:229)
04-14 15:20:56.346   296   625 E MAL-Daemon:  (nwmngr_send_ps_reg_state,  205) [NWMNGR] epdg not support(nwmngr_send_ps_reg_state_notify:205)
04-14 15:20:56.346   296   638 I MAL-Daemon:  (             rds_ru_task,  445) [RDS-I][RU][rds_ru_task] RCV Event: 104 
04-14 15:20:56.346   296   638 I MAL-Daemon:  (         rds_ru_urc_hdlr, 1733) [RDS-I][RDS][rds_ru_urc_hdlr] get URC: +CGREG: 4,"28CC","01F8F8A9",2,"6E",0,0
04-14 15:20:56.346   296   638 I MAL-Daemon: 
04-14 15:20:56.352   296   657 E MAL-Daemon:  (void* rilproxy_cmd_resp_,  800) rilproxy_cmd_resp_thread(): an unknown urc (3009)
04-14 15:20:56.352   951  2004 D PowerManagerService: acquireWakeLockInternal: lock=176195393, flags=0x1, tag="RILJ", ws=null, uid=1001, pid=1573
04-14 15:20:56.352   951  2004 D PowerManagerService: updateWakeLockSummaryLocked: mWakefulness=Awake, mWakeLockSummary=0x1
04-14 15:20:56.352   951  2004 D PowerManagerService: updateUserActivitySummaryLocked: mWakefulness=Awake, mUserActivitySummary=0x1, nextTimeout=2244046377 (in 2147263918 ms)
04-14 15:20:56.352   951  2004 D DisplayPowerController: requestPowerState: policy=BRIGHT, useProximitySensor=false, screenBrightness=123, screenAutoBrightnessAdjustment=0.0, brightnessSetByUser=true, useAutoBrightness=false, blockScreenOn=false, lowPowerMode=false, boostScreenBrightness=false, dozeScreenBrightness=-1, dozeScreenState=UNKNOWN, waitForNegativeProximity=false
04-14 15:20:56.352   951  2004 I PowerManagerService: setBrightness mButtonLight 0.
04-14 15:20:56.352   951  2004 D PowerManagerService: updateDisplayPowerStateLocked: mDisplayReady=true, policy=3, mWakefulness=1, mWakeLockSummary=0x1, mUserActivitySummary=0x1, mBootCompleted=true, mScreenBrightnessBoostInProgress=false
04-14 15:20:56.357   296   657 E MAL-Daemon:  (void* rilproxy_cmd_resp_,  800) rilproxy_cmd_resp_thread(): an unknown urc (3015)
04-14 15:20:56.357   951  1980 D PowerManagerService: acquireWakeLockInternal: lock=176195393, flags=0x1, tag="RILJ", ws=null, uid=1001, pid=1573
04-14 15:20:56.357   951  1980 D PowerManagerService: updateWakeLockSummaryLocked: mWakefulness=Awake, mWakeLockSummary=0x1
04-14 15:20:56.357   951  1980 D PowerManagerService: updateUserActivitySummaryLocked: mWakefulness=Awake, mUserActivitySummary=0x1, nextTimeout=2244046377 (in 2147263913 ms)
04-14 15:20:56.357   951  1980 D DisplayPowerController: requestPowerState: policy=BRIGHT, useProximitySensor=false, screenBrightness=123, screenAutoBrightnessAdjustment=0.0, brightnessSetByUser=true, useAutoBrightness=false, blockScreenOn=false, lowPowerMode=false, boostScreenBrightness=false, dozeScreenBrightness=-1, dozeScreenState=UNKNOWN, waitForNegativeProximity=false
04-14 15:20:56.357   951  1980 I PowerManagerService: setBrightness mButtonLight 0.
04-14 15:20:56.357   951  1980 D PowerManagerService: updateDisplayPowerStateLocked: mDisplayReady=true, policy=3, mWakefulness=1, mWakeLockSummary=0x1, mUserActivitySummary=0x1, mBootCompleted=true, mScreenBrightnessBoostInProgress=false
