04-14 15:20:35.709   951  1275 I WifiStateMachine: fetchRssiLinkSpeedAndFrequencyNative, newRssi:-43, newLinkSpeed:433, SSID:"FreeWifi"
04-14 15:20:35.709   951  1275 D WifiStateMachine: mLastSignalLevel:4, newSignalLevel:4
04-14 15:20:35.709   951  1275 E WifiConfigStore: updateConfiguration freq=5180 BSSID=98:da:c4:72:45:8d RSSI=-43 "FreeWifi"WPA_PSK
04-14 15:20:35.929   291  1235 I BufferQueueProducer: [StatusBar](this:0x7fa1ec3400,id:9,api:1,p:1333,c:291) queueBuffer: fps=1.55 dur=1939.56 max=944.88 min=429.16
04-14 15:20:35.940   291   291 I SurfaceFlinger: [Built-in Screen (type:0)] fps:1.546603,dur:1939.74,max:953.02,min:431.21
04-14 15:20:35.986   951   951 E WifiTrafficPoller: TRAFFIC_STATS_POLL true Token 151 num clients 12
04-14 15:20:35.987   951   951 E WifiTrafficPoller:  packet count Tx=374584 Rx=563964
04-14 15:20:36.003   951   961 W ActivityManager: getRunningAppProcesses: caller 10108 does not hold REAL_GET_TASKS; limiting output
04-14 15:20:36.119   951  1027 I LcdStepRate: mHandler: on msg MSG_RESET_LCD_STEP_RATE
04-14 15:20:36.682  2443  2446 I PerfService: PerfServiceNative_getPackName
04-14 15:20:36.683   951  1983 I libPerfService: perfGetLastBoostPid 25787
04-14 15:20:36.683   951  1983 D PerfServiceManager: [PerfService] getLastBoostPid 25787 
04-14 15:20:36.683   951  1983 I libPerfService: perfGetLastBoostPid 25787
04-14 15:20:36.921   951  1027 I LcdStepRate: mHandler: on msg MSG_RESET_LCD_STEP_RATE
04-14 15:20:36.989   951   951 E WifiTrafficPoller: TRAFFIC_STATS_POLL true Token 151 num clients 12
04-14 15:20:36.990   951   951 E WifiTrafficPoller:  packet count Tx=374584 Rx=563964
04-14 15:20:37.032   951  1243 D AlarmManager: set alarm to RTC 187316846
04-14 15:20:37.033   951  1243 D AlarmManager: set alarm to RTC 187255314
04-14 15:20:37.033   951  1243 D SettingsInterface:  from settings cache , name = background_power_saving_enable , value = 1
04-14 15:20:37.033   951  1243 D DataShapingService: Alarm manager openLteDataUpLinkGate: false
04-14 15:20:37.033   951  1243 V AlarmManager: openLteGateSuccess = false
04-14 15:20:37.033   951  1243 D AlarmManager: wakeup alarm = Alarm{51661ac type 2 when 187220136 com.google.android.gms}; package = com.google.android.gmsneedGrouping = false
04-14 15:20:37.034   951  1243 V ActivityManager: Broadcast: Intent { act=com.google.android.gms.gcm.ACTION_CHECK_QUEUE flg=0x114 cmp=com.google.android.gms/.gcm.nts.SchedulerInternalReceiver (has extras) } ordered=true userid=0 callerApp=null
04-14 15:20:37.034   951  1243 D RestrictedPackageService: filterBroadcastReceiver for com.google.android.gms.gcm.ACTION_CHECK_QUEUE
04-14 15:20:37.038   951   967 V ActivityManager_MU: isSingleton(com.google.android.gms.persistent, ApplicationInfo{3522e75 com.google.android.gms}, com.google.android.gms.gcm.nts.SchedulerInternalReceiver, 0x0) = false
04-14 15:20:37.046  1959  1959 D ActivityThread: BDC-Calling onReceive: intent=Intent { act=com.google.android.gms.gcm.ACTION_CHECK_QUEUE flg=0x114 cmp=com.google.android.gms/.gcm.nts.SchedulerInternalReceiver (has extras) }, receiver=com.google.android.gms.gcm.nts.SchedulerInternalReceiver@c6cba2f
04-14 15:20:37.052   951  1243 V AlarmManager: sending alarm Alarm{51661ac type 2 when 187220136 com.google.android.gms} success
04-14 15:20:37.052   951  1243 D PowerManagerService: acquireWakeLockInternal: lock=182997925, flags=0x1, tag="*alarm*", ws=WorkSource{10012 com.google.android.gms}, uid=1000, pid=951
04-14 15:20:37.052   951  1243 D PowerManagerService: updateWakeLockSummaryLocked: mWakefulness=Awake, mWakeLockSummary=0x1
04-14 15:20:37.051  1959  1959 D ActivityThread: BDC-Calling onReceive end receiver=class com.google.android.gms.gcm.nts.SchedulerInternalReceiver
04-14 15:20:37.054   951   951 D AlarmManager: onSendFinished begin
04-14 15:20:37.056  1959  1959 D ActivityThread: BDC-RECEIVER handled : 0 / ReceiverData{intent=Intent { act=com.google.android.gms.gcm.ACTION_CHECK_QUEUE flg=0x114 cmp=com.google.android.gms/.gcm.nts.SchedulerInternalReceiver (has extras) } packageName=com.google.android.gms resultCode=0 resultData=null resultExtras=null}
04-14 15:20:37.052   951  1243 D PowerManagerService: updateUserActivitySummaryLocked: mWakefulness=Awake, mUserActivitySummary=0x1, nextTimeout=2244046377 (in 2147283218 ms)
04-14 15:20:37.056   951  1243 D DisplayPowerController: requestPowerState: policy=BRIGHT, useProximitySensor=false, screenBrightness=123, screenAutoBrightnessAdjustment=0.0, brightnessSetByUser=true, useAutoBrightness=false, blockScreenOn=false, lowPowerMode=false, boostScreenBrightness=false, dozeScreenBrightness=-1, dozeScreenState=UNKNOWN, waitForNegativeProximity=false
04-14 15:20:37.056   951  1243 I PowerManagerService: setBrightness mButtonLight 0.
04-14 15:20:37.056   951  1243 D PowerManagerService: updateDisplayPowerStateLocked: mDisplayReady=true, policy=3, mWakefulness=1, mWakeLockSummary=0x1, mUserActivitySummary=0x1, mBootCompleted=true, mScreenBrightnessBoostInProgress=false
04-14 15:20:37.057   951  1243 D PowerManagerService: Acquiring suspend blocker "PowerManagerService.WakeLocks".
04-14 15:20:37.057   951  1243 D PowerManagerNotifier: onWakeLockAcquired: flags=1, tag="*alarm*", packageName=android, ownerUid=1000, ownerPid=951, workSource=WorkSource{10012 com.google.android.gms}
04-14 15:20:37.058   951  1243 D AlarmManager: wakeup alarm = Alarm{ddc45c2 type 2 when 187253010 com.google.android.gms}; package = com.google.android.gmsneedGrouping = true
04-14 15:20:37.058   951  1243 V ActivityManager: Broadcast: Intent { act=com.google.android.location.ALARM_WAKEUP_LOCATOR flg=0x114 (has extras) } ordered=true userid=0 callerApp=null
04-14 15:20:37.061   951   965 D PowerManagerService: acquireWakeLockInternal: lock=128163338, flags=0x1, tag="NlpWakeLock", ws=WorkSource{10012 com.google.android.gms}, uid=10012, pid=1959
04-14 15:20:37.061   951   965 D PowerManagerService: updateWakeLockSummaryLocked: mWakefulness=Awake, mWakeLockSummary=0x1
04-14 15:20:37.061   951   965 D PowerManagerService: updateUserActivitySummaryLocked: mWakefulness=Awake, mUserActivitySummary=0x1, nextTimeout=2244046377 (in 2147283209 ms)
04-14 15:20:37.061   951   965 D DisplayPowerController: requestPowerState: policy=BRIGHT, useProximitySensor=false, screenBrightness=123, screenAutoBrightnessAdjustment=0.0, brightnessSetByUser=true, useAutoBrightness=false, blockScreenOn=false, lowPowerMode=false, boostScreenBrightness=false, dozeScreenBrightness=-1, dozeScreenState=UNKNOWN, waitForNegativeProximity=false
04-14 15:20:37.061   951   965 I PowerManagerService: setBrightness mButtonLight 0.
04-14 15:20:37.062   951   965 D PowerManagerService: updateDisplayPowerStateLocked: mDisplayReady=true, policy=3, mWakefulness=1, mWakeLockSummary=0x1, mUserActivitySummary=0x1, mBootCompleted=true, mScreenBrightnessBoostInProgress=false
04-14 15:20:37.062   951   965 D PowerManagerNotifier: onWakeLockAcquired: flags=1, tag="NlpWakeLock", packageName=com.google.android.gms, ownerUid=10012, ownerPid=1959, workSource=WorkSource{10012 com.google.android.gms}
04-14 15:20:37.063   951  1243 V AlarmManager: sending alarm Alarm{ddc45c2 type 2 when 187253010 com.google.android.gms} success
04-14 15:20:37.064   951   951 D PowerManagerService: updateWakeLockWorkSourceInternal: lock=182997925 [*alarm*], ws=WorkSource{10012 com.google.android.gms, 10144 com.google.android.apps.fitness}
04-14 15:20:37.064   951   951 D PowerManagerNotifier: onWakeLockChanging: flags=1, tag="*alarm*", packageName=android, ownerUid=1000, ownerPid=951, workSource=WorkSource{10012 com.google.android.gms, 10144 com.google.android.apps.fitness}
04-14 15:20:37.067   951  2016 D PowerManagerService: acquireWakeLockInternal: lock=9275003, flags=0x1, tag="NlpWakeLock", ws=WorkSource{10012 com.google.android.gms, 10144 com.google.android.apps.fitness}, uid=10012, pid=1959
04-14 15:20:37.067   951  2016 D PowerManagerService: updateWakeLockSummaryLocked: mWakefulness=Awake, mWakeLockSummary=0x1
04-14 15:20:37.067   951  2016 D PowerManagerService: updateUserActivitySummaryLocked: mWakefulness=Awake, mUserActivitySummary=0x1, nextTimeout=2244046377 (in 2147283203 ms)
04-14 15:20:37.067   951  2016 D DisplayPowerController: requestPowerState: policy=BRIGHT, useProximitySensor=false, screenBrightness=123, screenAutoBrightnessAdjustment=0.0, brightnessSetByUser=true, useAutoBrightness=false, blockScreenOn=false, lowPowerMode=false, boostScreenBrightness=false, dozeScreenBrightness=-1, dozeScreenState=UNKNOWN, waitForNegativeProximity=false
04-14 15:20:37.067   951  2016 I PowerManagerService: setBrightness mButtonLight 0.
04-14 15:20:37.067   951  2016 D PowerManagerService: updateDisplayPowerStateLocked: mDisplayReady=true, policy=3, mWakefulness=1, mWakeLockSummary=0x1, mUserActivitySummary=0x1, mBootCompleted=true, mScreenBrightnessBoostInProgress=false
04-14 15:20:37.067   951  2016 D PowerManagerNotifier: onWakeLockAcquired: flags=1, tag="NlpWakeLock", packageName=com.google.android.gms, ownerUid=10012, ownerPid=1959, workSource=WorkSource{10012 com.google.android.gms, 10144 com.google.android.apps.fitness}
04-14 15:20:37.070   951  2003 D PowerManagerService: acquireWakeLockInternal: lock=157150360, flags=0x1, tag="*gms_scheduler*:internal", ws=WorkSource{10012 com.google.android.gms}, uid=10012, pid=1959
04-14 15:20:37.071   951  1623 D WifiService: acquireWifiLock, pid:1959, uid:10012
04-14 15:20:37.071   951  1623 D WifiService: acquireWifiLockLocked: WifiLock{NlpWifiLock type=2 binder=android.os.BinderProxy@a43cf1}
04-14 15:20:37.072   951  2003 D PowerManagerService: updateWakeLockSummaryLocked: mWakefulness=Awake, mWakeLockSummary=0x1
04-14 15:20:37.072   951  2003 D PowerManagerService: updateUserActivitySummaryLocked: mWakefulness=Awake, mUserActivitySummary=0x1, nextTimeout=2244046377 (in 2147283198 ms)
04-14 15:20:37.072   951  2003 D DisplayPowerController: requestPowerState: policy=BRIGHT, useProximitySensor=false, screenBrightness=123, screenAutoBrightnessAdjustment=0.0, brightnessSetByUser=true, useAutoBrightness=false, blockScreenOn=false, lowPowerMode=false, boostScreenBrightness=false, dozeScreenBrightness=-1, dozeScreenState=UNKNOWN, waitForNegativeProximity=false
04-14 15:20:37.072   951  2003 I PowerManagerService: setBrightness mButtonLight 0.
04-14 15:20:37.072   951  2003 D PowerManagerService: updateDisplayPowerStateLocked: mDisplayReady=true, policy=3, mWakefulness=1, mWakeLockSummary=0x1, mUserActivitySummary=0x1, mBootCompleted=true, mScreenBrightnessBoostInProgress=false
04-14 15:20:37.073   951  2003 D PowerManagerNotifier: onWakeLockAcquired: flags=1, tag="*gms_scheduler*:internal", packageName=com.google.android.gms, ownerUid=10012, ownerPid=1959, workSource=WorkSource{10012 com.google.android.gms}
04-14 15:20:37.075   951  1275 D WifiStateMachine: stopReconnectWifi Wfd=false StopScan=false mDontReconnectAndScan=false
04-14 15:20:37.075   951  1275 D WifiHW  : enter -->wifi_send_command cmd=IFNAME=wlan0 SCAN TYPE=ONLY
04-14 15:20:37.076  1361  1361 D wpa_supplicant: wlan0: Control interface command 'SCAN TYPE=ONLY'
04-14 15:20:37.076  1361  1361 D wpa_supplicant: hw.num_modes = 3
04-14 15:20:37.076  1361  1361 D wpa_supplicant: wlan0: Setting scan request: 0.000000 sec
04-14 15:20:37.076  1361  1361 D wpa_supplicant: wlan0: Starting AP scan for wildcard SSID
04-14 15:20:37.076  1361  1361 D wpa_supplicant: WPS: Building WPS IE for Probe Request
04-14 15:20:37.076  1361  1361 D wpa_supplicant: WPS:  * Version (hardcoded 0x10)
04-14 15:20:37.076  1361  1361 D wpa_supplicant: WPS:  * Request Type
04-14 15:20:37.076  1361  1361 D wpa_supplicant: WPS:  * Config Methods (4288)
04-14 15:20:37.076  1361  1361 D wpa_supplicant: WPS:  * UUID-E
04-14 15:20:37.076  1361  1361 D wpa_supplicant: WPS:  * Primary Device Type
04-14 15:20:37.076  1361  1361 D wpa_supplicant: WPS:  * RF Bands (3)
04-14 15:20:37.076  1361  1361 D wpa_supplicant: WPS:  * Association State
04-14 15:20:37.076  1361  1361 D wpa_supplicant: WPS:  * Configuration Error (0)
04-14 15:20:37.076  1361  1361 D wpa_supplicant: WPS:  * Device Password ID (0)
04-14 15:20:37.076  1361  1361 D wpa_supplicant: WPS:  * Manufacturer
04-14 15:20:37.076  1361  1361 D wpa_supplicant: WPS:  * Model Name
04-14 15:20:37.076  1361  1361 D wpa_supplicant: WPS:  * Model Number
04-14 15:20:37.076  1361  1361 D wpa_supplicant: WPS:  * Device Name
04-14 15:20:37.076  1361  1361 D wpa_supplicant: WPS:  * Version2 (0x20)
04-14 15:20:37.076  1361  1361 D wpa_supplicant: P2P: * P2P IE header
04-14 15:20:37.076  1361  1361 D wpa_supplicant: P2P: * Capability dev=25 group=00
04-14 15:20:37.076  1361  1361 D wpa_supplicant: P2P: * Listen Channel: Regulatory Class 81 Channel 1
04-14 15:20:37.076  1361  1361 D wpa_supplicant: wlan0: Add radio work 'scan'@0x7fa9d9d280
04-14 15:20:37.076  1361  1361 D wpa_supplicant: wlan0: First radio work item in the queue - schedule start immediately
04-14 15:20:37.076  1361  1361 D wpa_supplicant: wlan0: Starting radio work 'scan'@0x7fa9d9d280 after 0.000051 second wait
04-14 15:20:37.076  1361  1361 D wpa_supplicant: wlan0: nl80211: scan request
04-14 15:20:37.076  1361  1361 D wpa_supplicant: nl80211: Scan SSID - hexdump(len=0): [NULL]
04-14 15:20:37.077  1361  1361 D wpa_supplicant: nl80211: Scan extra IEs - hexdump(len=169): 7f 04 00 00 0a 02 dd 8e 00 50 f2 04 10 4a 00 01 10 10 3a 00 01 00 10 08 00 02 42 88 10 47 00 10 81 69 8f ab f2 75 52 99 b2 b6 e3 50 c2 e7 dd e3 10 54 00 08 00 0a 00 50 f2 04 00 05 10 3c 00 01 03 10 02 00 02 00 00 10 09 00 02 00 00 10 12 00 02 00 00 10 21 00 06 4c 45 4e 4f 56 4f 10 23 00 0f 4c 65 6e 6f 76 6f 20 41 37 30 31 30 61 34 38 10 24 00 0f 4c 65 6e 6f 76 6f 20 41 37 30 31 30 61 34 38 10 11 00 05 6b 35 66 70 72 10 49 00 06 00 37 2a 00 01 20 dd 11 50 6f 9a 09 02 02 00 25 00 06 05 00 49 4e 04 51 01
04-14 15:20:37.077  1361  1361 D wpa_supplicant: Scan requested (ret=0) - scan timeout 30 seconds
04-14 15:20:37.077  1361  1361 D wpa_supplicant: nl80211: Event message available
04-14 15:20:37.077  1361  1361 D wpa_supplicant: nl80211: Ignored event (cmd=33) for foreign interface (ifindex 15 wdev 0x0)
04-14 15:20:37.077  1361  1361 D wpa_supplicant: nl80211: Drv Event 33 (NL80211_CMD_TRIGGER_SCAN) received for wlan0
04-14 15:20:37.077  1361  1361 D wpa_supplicant: wlan0: nl80211: Scan trigger
04-14 15:20:37.077  1361  1361 D wpa_supplicant: wlan0: Event SCAN_STARTED (47) received
04-14 15:20:37.077  1361  1361 D wpa_supplicant: wlan0: Own scan request started a scan in 0.000163 seconds
04-14 15:20:37.077  1361  1361 D wpa_supplicant: CTRL_IFACE monitor sent successfully to /data/misc/wifi/sockets/wpa_ctrl_951-3\x00
04-14 15:20:37.077   951  1359 D WifiHAL : event received NL80211_CMD_TRIGGER_SCAN
04-14 15:20:37.077   951  1486 D WifiHW  : [1] get event: IFNAME=wlan0 <3>CTRL-EVENT-SCAN-STARTED 
04-14 15:20:37.077   951  1486 D WifiHW  : [2] get event: IFNAME=wlan0 CTRL-EVENT-SCAN-STARTED 
04-14 15:20:37.077   951  1486 D WifiMonitor: Event [IFNAME=wlan0 CTRL-EVENT-SCAN-STARTED ]
04-14 15:20:37.078   951  1486 E WifiMonitor: handleEvent unknown: 14  CTRL-EVENT-SCAN-STARTED 
04-14 15:20:37.078   951  1486 D WifiHW  : enter -->wifi_wait_on_socket buflen=2048
04-14 15:20:37.081   951  1275 D WifiHW  : leave --> reply=OK
04-14 15:20:37.081   951  1275 D WifiHW  : 
04-14 15:20:37.083   951  2015 V AlarmManager: APP set(PendingIntent{3e590d6: PendingIntentRecord{c40014c com.google.android.gms broadcastIntent}}) : type=2 triggerAtTime=187258051 win=0 tElapsed=187258061 maxElapsed=187258061 interval=0 flags=0x1
04-14 15:20:37.083   951  2015 D AlarmManager:  whichBatch = -1
04-14 15:20:37.083   951  2015 D AlarmManager: set alarm to RTC 187258061
04-14 15:20:37.084  1959  3154 D ActivityThread: BDC-Calling onReceive end receiver=class bgfn
04-14 15:20:37.084  1959  3154 D ActivityThread: BDC-Calling finishReceiver: IIntentReceiver=c2df839
04-14 15:20:37.086   951   951 D AlarmManager: onSendFinished begin
04-14 15:20:37.086   951   951 D PowerManagerService: releaseWakeLockInternal: lock=182997925 [*alarm*], flags=0x0, total_time=34ms
04-14 15:20:37.086   951   951 D PowerManagerNotifier: onWakeLockReleased: flags=1, tag="*alarm*", packageName=android, ownerUid=1000, ownerPid=951, workSource=WorkSource{10012 com.google.android.gms, 10144 com.google.android.apps.fitness}
04-14 15:20:37.086   951   951 D PowerManagerService: updateWakeLockSummaryLocked: mWakefulness=Awake, mWakeLockSummary=0x1
04-14 15:20:37.086   951   951 D PowerManagerService: updateUserActivitySummaryLocked: mWakefulness=Awake, mUserActivitySummary=0x1, nextTimeout=2244046377 (in 2147283183 ms)
04-14 15:20:37.087   951   951 D DisplayPowerController: requestPowerState: policy=BRIGHT, useProximitySensor=false, screenBrightness=123, screenAutoBrightnessAdjustment=0.0, brightnessSetByUser=true, useAutoBrightness=false, blockScreenOn=false, lowPowerMode=false, boostScreenBrightness=false, dozeScreenBrightness=-1, dozeScreenState=UNKNOWN, waitForNegativeProximity=false
04-14 15:20:37.087   951   951 I PowerManagerService: setBrightness mButtonLight 0.
04-14 15:20:37.087   951   951 D PowerManagerService: updateDisplayPowerStateLocked: mDisplayReady=true, policy=3, mWakefulness=1, mWakeLockSummary=0x1, mUserActivitySummary=0x1, mBootCompleted=true, mScreenBrightnessBoostInProgress=false
04-14 15:20:37.090   951   961 D ConnectivityService: getActiveNetworkInfo networkInfo = [type: WIFI[], state: CONNECTED/CONNECTED, reason: (unspecified), extra: "FreeWifi", roaming: false, failover: false, isAvailable: true]
04-14 15:20:37.092   951   965 D AppOps  : noteOperation: allowing code 0 uid 10012 package com.google.android.gms
04-14 15:20:37.093  1573  1620 D GsmCellLocation: fillInNotifierBundle:Bundle[{cid=33095531, lac=10444, psc=-1, type=1}]
04-14 15:20:37.093  1573  1620 D PhoneInterfaceManager: [PhoneIntfMgr] phone.getGsmCellLocation:Bundle[{cid=33095531, lac=10444, psc=-1, type=1}]
04-14 15:20:37.095   951  1622 I NetworkIdentity: buildNetworkIdentity:
04-14 15:20:37.095   951  1622 I NetworkIdentity: networkId = FreeWifi
04-14 15:20:37.096  1959  3154 E CellLocation: create GsmCellLocation
04-14 15:20:37.097  1573  1786 D SettingsInterface:  from settings cache , name = multi_sim_data_call , value = -1000
04-14 15:20:37.098  1573  4761 D SettingsInterface:  from settings cache , name = multi_sim_sms , value = null
04-14 15:20:37.099  1573  2240 D SettingsInterface:  from settings cache , name = multi_sim_voice_call , value = null
04-14 15:20:37.100  1573  1905 D SettingsInterface:  from settings cache , name = multi_sim_voice_call , value = null
04-14 15:20:37.102  1573  1621 D SettingsInterface:  from settings cache , name = multi_sim_voice_call , value = null
04-14 15:20:37.102  1573  1621 D PhoneInterfaceManager: [PhoneIntfMgr] getPhone... subId=-1000 phoneid=-1
04-14 15:20:37.104  1573  1620 D SettingsInterface:  from settings cache , name = multi_sim_voice_call , value = null
04-14 15:20:37.106   951  1638 D AppOps  : noteOperation: allowing code 0 uid 10012 package com.google.android.gms
04-14 15:20:37.109   951  2003 D PowerManagerService: acquireWakeLockInternal: lock=107220823, flags=0x1, tag="RILJ", ws=null, uid=1001, pid=1573
04-14 15:20:37.109   951  2003 D PowerManagerService: updateWakeLockSummaryLocked: mWakefulness=Awake, mWakeLockSummary=0x1
04-14 15:20:37.109   951  2003 D PowerManagerService: updateUserActivitySummaryLocked: mWakefulness=Awake, mUserActivitySummary=0x1, nextTimeout=2244046377 (in 2147283161 ms)
04-14 15:20:37.109   951  2003 D DisplayPowerController: requestPowerState: policy=BRIGHT, useProximitySensor=false, screenBrightness=123, screenAutoBrightnessAdjustment=0.0, brightnessSetByUser=true, useAutoBrightness=false, blockScreenOn=false, lowPowerMode=false, boostScreenBrightness=false, dozeScreenBrightness=-1, dozeScreenState=UNKNOWN, waitForNegativeProximity=false
04-14 15:20:37.109   951  2003 I PowerManagerService: setBrightness mButtonLight 0.
04-14 15:20:37.109   951  2003 D PowerManagerService: updateDisplayPowerStateLocked: mDisplayReady=true, policy=3, mWakefulness=1, mWakeLockSummary=0x1, mUserActivitySummary=0x1, mBootCompleted=true, mScreenBrightnessBoostInProgress=false
04-14 15:20:37.110   951  2003 D PowerManagerNotifier: onWakeLockAcquired: flags=1, tag="RILJ", packageName=com.android.phone, ownerUid=1001, ownerPid=1573, workSource=null
04-14 15:20:37.110   951  2003 D AppOps  : startOperation: allowing code 40 uid 1001 package com.android.phone
04-14 15:20:37.115   951  1639 D AlarmManager: manual remove option = PendingIntent{9913a44: PendingIntentRecord{914a900 com.google.android.gms broadcastIntent}}
04-14 15:20:37.121   951  1638 D PowerManagerService: releaseWakeLockInternal: lock=107220823 [RILJ], flags=0x0, total_time=12ms
04-14 15:20:37.121   951  1638 D PowerManagerNotifier: onWakeLockReleased: flags=1, tag="RILJ", packageName=com.android.phone, ownerUid=1001, ownerPid=1573, workSource=null
04-14 15:20:37.121   951  1638 D PowerManagerService: updateWakeLockSummaryLocked: mWakefulness=Awake, mWakeLockSummary=0x1
04-14 15:20:37.121   951  1638 D PowerManagerService: updateUserActivitySummaryLocked: mWakefulness=Awake, mUserActivitySummary=0x1, nextTimeout=2244046377 (in 2147283149 ms)
04-14 15:20:37.121   951  1638 D DisplayPowerController: requestPowerState: policy=BRIGHT, useProximitySensor=false, screenBrightness=123, screenAutoBrightnessAdjustment=0.0, brightnessSetByUser=true, useAutoBrightness=false, blockScreenOn=false, lowPowerMode=false, boostScreenBrightness=false, dozeScreenBrightness=-1, dozeScreenState=UNKNOWN, waitForNegativeProximity=false
04-14 15:20:37.121   951  1638 I PowerManagerService: setBrightness mButtonLight 0.
04-14 15:20:37.124   951  1638 D PowerManagerService: updateDisplayPowerStateLocked: mDisplayReady=true, policy=3, mWakefulness=1, mWakeLockSummary=0x1, mUserActivitySummary=0x1, mBootCompleted=true, mScreenBrightnessBoostInProgress=false
04-14 15:20:37.125  1573  1786 D SettingsInterface:  from settings cache , name = location_providers_allowed , value = network,gps
04-14 15:20:37.125  1573  1786 D SettingsInterface:  from settings cache , name = location_providers_allowed , value = network,gps
04-14 15:20:37.126  1573  1786 D SettingsInterface:  from settings cache , name = location_providers_allowed , value = network,gps
04-14 15:20:37.126  1573  1786 D SettingsInterface:  from settings cache , name = location_providers_allowed , value = network,gps
04-14 15:20:37.129   951  1623 D PowerManagerService: acquireWakeLockInternal: lock=120502061, flags=0x1, tag="RILJ", ws=null, uid=1001, pid=1573
04-14 15:20:37.129   951  1623 D PowerManagerService: updateWakeLockSummaryLocked: mWakefulness=Awake, mWakeLockSummary=0x1
04-14 15:20:37.129   951  1623 D PowerManagerService: updateUserActivitySummaryLocked: mWakefulness=Awake, mUserActivitySummary=0x1, nextTimeout=2244046377 (in 2147283141 ms)
04-14 15:20:37.129   951  1623 D DisplayPowerController: requestPowerState: policy=BRIGHT, useProximitySensor=false, screenBrightness=123, screenAutoBrightnessAdjustment=0.0, brightnessSetByUser=true, useAutoBrightness=false, blockScreenOn=false, lowPowerMode=false, boostScreenBrightness=false, dozeScreenBrightness=-1, dozeScreenState=UNKNOWN, waitForNegativeProximity=false
04-14 15:20:37.130   951  1623 I PowerManagerService: setBrightness mButtonLight 0.
04-14 15:20:37.130   951  1623 D PowerManagerService: updateDisplayPowerStateLocked: mDisplayReady=true, policy=3, mWakefulness=1, mWakeLockSummary=0x1, mUserActivitySummary=0x1, mBootCompleted=true, mScreenBrightnessBoostInProgress=false
04-14 15:20:37.130   951  1623 D PowerManagerNotifier: onWakeLockAcquired: flags=1, tag="RILJ", packageName=com.android.phone, ownerUid=1001, ownerPid=1573, workSource=null
04-14 15:20:37.131   951  1623 D AppOps  : startOperation: allowing code 40 uid 1001 package com.android.phone
04-14 15:20:37.134   951  2003 D PowerManagerService: releaseWakeLockInternal: lock=120502061 [RILJ], flags=0x0, total_time=5ms
04-14 15:20:37.134   951  2003 D PowerManagerNotifier: onWakeLockReleased: flags=1, tag="RILJ", packageName=com.android.phone, ownerUid=1001, ownerPid=1573, workSource=null
04-14 15:20:37.135   951  2003 D PowerManagerService: updateWakeLockSummaryLocked: mWakefulness=Awake, mWakeLockSummary=0x1
04-14 15:20:37.135   951  2003 D PowerManagerService: updateUserActivitySummaryLocked: mWakefulness=Awake, mUserActivitySummary=0x1, nextTimeout=2244046377 (in 2147283135 ms)
04-14 15:20:37.135   951  2003 D DisplayPowerController: requestPowerState: policy=BRIGHT, useProximitySensor=false, screenBrightness=123, screenAutoBrightnessAdjustment=0.0, brightnessSetByUser=true, useAutoBrightness=false, blockScreenOn=false, lowPowerMode=false, boostScreenBrightness=false, dozeScreenBrightness=-1, dozeScreenState=UNKNOWN, waitForNegativeProximity=false
04-14 15:20:37.135   951  2003 I PowerManagerService: setBrightness mButtonLight 0.
04-14 15:20:37.135   951  2003 D PowerManagerService: updateDisplayPowerStateLocked: mDisplayReady=true, policy=3, mWakefulness=1, mWakeLockSummary=0x1, mUserActivitySummary=0x1, mBootCompleted=true, mScreenBrightnessBoostInProgress=false
04-14 15:20:37.138   951  2004 D PowerManagerService: releaseWakeLockInternal: lock=128163338 [NlpWakeLock], flags=0x0, total_time=77ms
04-14 15:20:37.138   951  2004 D PowerManagerNotifier: onWakeLockReleased: flags=1, tag="NlpWakeLock", packageName=com.google.android.gms, ownerUid=10012, ownerPid=1959, workSource=WorkSource{10012 com.google.android.gms}
04-14 15:20:37.138   951  2004 D PowerManagerService: updateWakeLockSummaryLocked: mWakefulness=Awake, mWakeLockSummary=0x1
04-14 15:20:37.138   951  2004 D PowerManagerService: updateUserActivitySummaryLocked: mWakefulness=Awake, mUserActivitySummary=0x1, nextTimeout=2244046377 (in 2147283132 ms)
04-14 15:20:37.138   951  2004 D DisplayPowerController: requestPowerState: policy=BRIGHT, useProximitySensor=false, screenBrightness=123, screenAutoBrightnessAdjustment=0.0, brightnessSetByUser=true, useAutoBrightness=false, blockScreenOn=false, lowPowerMode=false, boostScreenBrightness=false, dozeScreenBrightness=-1, dozeScreenState=UNKNOWN, waitForNegativeProximity=false
04-14 15:20:37.138   951  2004 I PowerManagerService: setBrightness mButtonLight 0.
04-14 15:20:37.138   951  2004 D PowerManagerService: updateDisplayPowerStateLocked: mDisplayReady=true, policy=3, mWakefulness=1, mWakeLockSummary=0x1, mUserActivitySummary=0x1, mBootCompleted=true, mScreenBrightnessBoostInProgress=false
04-14 15:20:37.142   951  2006 D PowerManagerService: acquireWakeLockInternal: lock=75621474, flags=0x1, tag="*net_scheduler*", ws=WorkSource{10139 tv.accedo.airtel.wynk}, uid=10012, pid=1959
04-14 15:20:37.142   951  2006 D PowerManagerService: updateWakeLockSummaryLocked: mWakefulness=Awake, mWakeLockSummary=0x1
04-14 15:20:37.142   951  2006 D PowerManagerService: updateUserActivitySummaryLocked: mWakefulness=Awake, mUserActivitySummary=0x1, nextTimeout=2244046377 (in 2147283128 ms)
04-14 15:20:37.142   951  2006 D DisplayPowerController: requestPowerState: policy=BRIGHT, useProximitySensor=false, screenBrightness=123, screenAutoBrightnessAdjustment=0.0, brightnessSetByUser=true, useAutoBrightness=false, blockScreenOn=false, lowPowerMode=false, boostScreenBrightness=false, dozeScreenBrightness=-1, dozeScreenState=UNKNOWN, waitForNegativeProximity=false
04-14 15:20:37.142   951  2006 I PowerManagerService: setBrightness mButtonLight 0.
04-14 15:20:37.142   951  2006 D PowerManagerService: updateDisplayPowerStateLocked: mDisplayReady=true, policy=3, mWakefulness=1, mWakeLockSummary=0x1, mUserActivitySummary=0x1, mBootCompleted=true, mScreenBrightnessBoostInProgress=false
04-14 15:20:37.142   951  2006 D PowerManagerNotifier: onWakeLockAcquired: flags=1, tag="*net_scheduler*", packageName=com.google.android.gms, ownerUid=10012, ownerPid=1959, workSource=WorkSource{10139 tv.accedo.airtel.wynk}
04-14 15:20:37.146   951   965 D RestrictedPackageService: checkService ComponentInfo{tv.accedo.airtel.wynk/com.firebase.jobdispatcher.GooglePlayReceiver} permission granted, igonre
04-14 15:20:37.147   951   965 V ActivityManager_MU: bringUpServiceLocked: appInfo.uid=10139 app=ProcessRecord{6af8892 24123:tv.accedo.airtel.wynk/u0a139}
04-14 15:20:37.147   951   965 V ActivityManager_MU: realStartServiceLocked, ServiceRecord.uid = 10139, ProcessRecord.uid = 10139
04-14 15:20:37.150 24123 24123 D ActivityThread: SVC-Creating service: CreateServiceData{token=android.os.BinderProxy@1bdbd43 className=com.firebase.jobdispatcher.GooglePlayReceiver packageName=tv.accedo.airtel.wynk intent=null}
04-14 15:20:37.151 24123 24123 D ActivityThread: SVC-CREATE_SERVICE handled : 0 / CreateServiceData{token=android.os.BinderProxy@1bdbd43 className=com.firebase.jobdispatcher.GooglePlayReceiver packageName=tv.accedo.airtel.wynk intent=null}
04-14 15:20:37.152 24123 24123 D ActivityThread: SVC-Calling onStartCommand: com.firebase.jobdispatcher.GooglePlayReceiver@2462fc0, flags=0, startId=1
04-14 15:20:37.153   951  1622 D ConnectivityService: getActiveNetworkInfo networkInfo = [type: WIFI[], state: CONNECTED/CONNECTED, reason: (unspecified), extra: "FreeWifi", roaming: false, failover: false, isAvailable: true]
04-14 15:20:37.156   951   962 V ActivityManager_MU: bringUpServiceLocked: appInfo.uid=10139 app=ProcessRecord{6af8892 24123:tv.accedo.airtel.wynk/u0a139}
04-14 15:20:37.156   951   962 V ActivityManager_MU: realStartServiceLocked, ServiceRecord.uid = 10139, ProcessRecord.uid = 10139
04-14 15:20:37.158 24123 24123 D ActivityThread: SVC-SERVICE_ARGS handled : 0 / ServiceArgsData{token=android.os.BinderProxy@1bdbd43 startId=1 args=Intent { act=com.google.android.gms.gcm.ACTION_TASK_READY cmp=tv.accedo.airtel.wynk/com.firebase.jobdispatcher.GooglePlayReceiver (has extras) }}
04-14 15:20:37.158 24123 24123 D ActivityThread: SVC-Creating service: CreateServiceData{token=android.os.BinderProxy@2df2c3e className=tv.accedo.wynk.android.airtel.sync.AnalyticsJobService packageName=tv.accedo.airtel.wynk intent=null}
04-14 15:20:37.158 24123 24123 D ActivityThread: SVC-CREATE_SERVICE handled : 0 / CreateServiceData{token=android.os.BinderProxy@2df2c3e className=tv.accedo.wynk.android.airtel.sync.AnalyticsJobService packageName=tv.accedo.airtel.wynk intent=null}
04-14 15:20:37.158 24123 24123 V ActivityThread: handleBindService s=tv.accedo.wynk.android.airtel.sync.AnalyticsJobService@e74ea9f rebind=false
04-14 15:20:37.162 24123 24123 D ActivityThread: SVC-BIND_SERVICE handled : 0 / BindServiceData{token=android.os.BinderProxy@2df2c3e intent=Intent { act=com.firebase.jobdispatcher.ACTION_EXECUTE cmp=tv.accedo.airtel.wynk/tv.accedo.wynk.android.airtel.sync.AnalyticsJobService }}
04-14 15:20:37.167   951  2015 D ConnectivityService: getActiveNetworkInfo networkInfo = [type: WIFI[], state: CONNECTED/CONNECTED, reason: (unspecified), extra: "FreeWifi", roaming: false, failover: false, isAvailable: true]
04-14 15:20:37.169 24123 24123 D ActivityThread: SVC-UNBIND_SERVICE handled : 0 / BindServiceData{token=android.os.BinderProxy@2df2c3e intent=Intent { act=com.firebase.jobdispatcher.ACTION_EXECUTE cmp=tv.accedo.airtel.wynk/tv.accedo.wynk.android.airtel.sync.AnalyticsJobService }}
04-14 15:20:37.169 24123 24123 D ActivityThread: SVC-Destroying service: tv.accedo.wynk.android.airtel.sync.AnalyticsJobService@e74ea9f
04-14 15:20:37.170 24123 24123 D ActivityThread: SVC-STOP_SERVICE handled : 0 / android.os.BinderProxy@2df2c3e
04-14 15:20:37.172   951  1622 D PowerManagerService: releaseWakeLockInternal: lock=75621474 [*net_scheduler*], flags=0x0, total_time=30ms
04-14 15:20:37.172   951  1622 D PowerManagerNotifier: onWakeLockReleased: flags=1, tag="*net_scheduler*", packageName=com.google.android.gms, ownerUid=10012, ownerPid=1959, workSource=WorkSource{10139 tv.accedo.airtel.wynk}
04-14 15:20:37.172   951  1622 D PowerManagerService: updateWakeLockSummaryLocked: mWakefulness=Awake, mWakeLockSummary=0x1
04-14 15:20:37.172   951  1622 D PowerManagerService: updateUserActivitySummaryLocked: mWakefulness=Awake, mUserActivitySummary=0x1, nextTimeout=2244046377 (in 2147283097 ms)
04-14 15:20:37.173   951  1622 D DisplayPowerController: requestPowerState: policy=BRIGHT, useProximitySensor=false, screenBrightness=123, screenAutoBrightnessAdjustment=0.0, brightnessSetByUser=true, useAutoBrightness=false, blockScreenOn=false, lowPowerMode=false, boostScreenBrightness=false, dozeScreenBrightness=-1, dozeScreenState=UNKNOWN, waitForNegativeProximity=false
04-14 15:20:37.173   951  1622 I PowerManagerService: setBrightness mButtonLight 0.
04-14 15:20:37.173   951  1622 D PowerManagerService: updateDisplayPowerStateLocked: mDisplayReady=true, policy=3, mWakefulness=1, mWakeLockSummary=0x1, mUserActivitySummary=0x1, mBootCompleted=true, mScreenBrightnessBoostInProgress=false
04-14 15:20:37.175   951  1623 V ActivityManager_MU: getServiceByName(ComponentInfo{tv.accedo.airtel.wynk/com.firebase.jobdispatcher.GooglePlayReceiver}), callingUser = 0
04-14 15:20:37.175 24123 24123 D ActivityThread: SVC-Destroying service: com.firebase.jobdispatcher.GooglePlayReceiver@2462fc0
04-14 15:20:37.176 24123 24123 D ActivityThread: SVC-STOP_SERVICE handled : 0 / android.os.BinderProxy@1bdbd43
04-14 15:20:37.177   951  1639 V AlarmManager: APP set(PendingIntent{7b924f: PendingIntentRecord{914a900 com.google.android.gms broadcastIntent}}) : type=2 triggerAtTime=187863128 win=-1 tElapsed=187863128 maxElapsed=188320607 interval=0 flags=0x0
04-14 15:20:37.177   951  1639 D AlarmManager:  whichBatch = -1
04-14 15:20:37.178   951  2004 V AlarmManager: APP set(PendingIntent{34b8ddc: PendingIntentRecord{914a900 com.google.android.gms broadcastIntent}}) : type=2 triggerAtTime=187373155 win=-1 tElapsed=187373155 maxElapsed=187463154 interval=0 flags=0x0
04-14 15:20:37.178   951  2004 D AlarmManager: remove(operation) changed bounds; rebatching operation = PendingIntent{34b8ddc: PendingIntentRecord{914a900 com.google.android.gms broadcastIntent}}
04-14 15:20:37.178   951  2004 D AlarmManager: rebatchAllAlarmsLocked begin oldBatches count = 93
04-14 15:20:37.179   951  2004 D AlarmManager: rebatchAllAlarmsLocked  batch.size() = 1
04-14 15:20:37.179   951  2004 D AlarmManager:  whichBatch = -1
04-14 15:20:37.179   951  2004 D AlarmManager: rebatchAllAlarmsLocked  batch.size() = 1
04-14 15:20:37.179   951  2004 D AlarmManager:  whichBatch = -1
04-14 15:20:37.179   951  2004 D AlarmManager: rebatchAllAlarmsLocked  batch.size() = 1
04-14 15:20:37.179   951  2004 D AlarmManager:  whichBatch = -1
04-14 15:20:37.179   951  2004 D AlarmManager: rebatchAllAlarmsLocked  batch.size() = 1
04-14 15:20:37.179   951  2004 D AlarmManager:  whichBatch = -1
04-14 15:20:37.179   951  2004 D AlarmManager: rebatchAllAlarmsLocked  batch.size() = 1
04-14 15:20:37.179   951  2004 D AlarmManager:  whichBatch = -1
04-14 15:20:37.179   951  2004 D AlarmManager: rebatchAllAlarmsLocked  batch.size() = 1
04-14 15:20:37.179   951  2004 D AlarmManager:  whichBatch = -1
04-14 15:20:37.179   951  2004 D AlarmManager: rebatchAllAlarmsLocked  batch.size() = 1
04-14 15:20:37.179   951  2004 D AlarmManager:  whichBatch = -1
04-14 15:20:37.179   951  2004 D AlarmManager: rebatchAllAlarmsLocked  batch.size() = 1
04-14 15:20:37.179   951  2004 D AlarmManager:  whichBatch = -1
04-14 15:20:37.179   951  2004 D AlarmManager: rebatchAllAlarmsLocked  batch.size() = 1
04-14 15:20:37.179   951  2004 D AlarmManager:  whichBatch = -1
04-14 15:20:37.179   951  2004 D AlarmManager: rebatchAllAlarmsLocked  batch.size() = 1
04-14 15:20:37.179   951  2004 D AlarmManager:  whichBatch = -1
04-14 15:20:37.179   951  2004 D AlarmManager: rebatchAllAlarmsLocked  batch.size() = 1
04-14 15:20:37.179   951  2004 D AlarmManager:  whichBatch = -1
04-14 15:20:37.179   951  2004 D AlarmManager: rebatchAllAlarmsLocked  batch.size() = 1
04-14 15:20:37.179   951  2004 D AlarmManager:  whichBatch = -1
04-14 15:20:37.179   951  2004 D AlarmManager: rebatchAllAlarmsLocked  batch.size() = 1
04-14 15:20:37.179   951  2004 D AlarmManager:  whichBatch = -1
04-14 15:20:37.179   951  2004 D AlarmManager: rebatchAllAlarmsLocked  batch.size() = 1
04-14 15:20:37.179   951  2004 D AlarmManager:  whichBatch = -1
04-14 15:20:37.179   951  2004 D AlarmManager: rebatchAllAlarmsLocked  batch.size() = 1
04-14 15:20:37.180   951  2004 D AlarmManager:  whichBatch = -1
04-14 15:20:37.180   951  2004 D AlarmManager: rebatchAllAlarmsLocked  batch.size() = 1
04-14 15:20:37.180   951  2004 D AlarmManager:  whichBatch = -1
04-14 15:20:37.180   951  2004 D AlarmManager: rebatchAllAlarmsLocked  batch.size() = 1
04-14 15:20:37.180   951  2004 D AlarmManager:  whichBatch = -1
04-14 15:20:37.180   951  2004 D AlarmManager: rebatchAllAlarmsLocked  batch.size() = 1
04-14 15:20:37.180   951  2004 D AlarmManager:  whichBatch = -1
04-14 15:20:37.180   951  2004 D AlarmManager: rebatchAllAlarmsLocked  batch.size() = 1
04-14 15:20:37.180   951  2004 D AlarmManager:  whichBatch = -1
04-14 15:20:37.180   951  2004 D AlarmManager: rebatchAllAlarmsLocked  batch.size() = 1
04-14 15:20:37.180   951  2004 D AlarmManager:  whichBatch = -1
04-14 15:20:37.180   951  2004 D AlarmManager: rebatchAllAlarmsLocked  batch.size() = 1
04-14 15:20:37.180   951  2004 D AlarmManager:  whichBatch = -1
04-14 15:20:37.180   951  2004 D AlarmManager: rebatchAllAlarmsLocked  batch.size() = 1
04-14 15:20:37.180   951  2004 D AlarmManager:  whichBatch = -1
04-14 15:20:37.180   951  2004 D AlarmManager: rebatchAllAlarmsLocked  batch.size() = 1
04-14 15:20:37.180   951  2004 D AlarmManager:  whichBatch = -1
04-14 15:20:37.180   951  2004 D AlarmManager: rebatchAllAlarmsLocked  batch.size() = 1
04-14 15:20:37.180   951  2004 D AlarmManager:  whichBatch = -1
04-14 15:20:37.180   951  2004 D AlarmManager: rebatchAllAlarmsLocked  batch.size() = 1
04-14 15:20:37.180   951  2004 D AlarmManager:  whichBatch = -1
04-14 15:20:37.180   951  2004 D AlarmManager: rebatchAllAlarmsLocked  batch.size() = 1
04-14 15:20:37.180   951  2004 D AlarmManager:  whichBatch = -1
04-14 15:20:37.180   951  2004 D AlarmManager: rebatchAllAlarmsLocked  batch.size() = 1
04-14 15:20:37.180   951  2004 D AlarmManager:  whichBatch = -1
04-14 15:20:37.180   951  2004 D AlarmManager: rebatchAllAlarmsLocked  batch.size() = 1
04-14 15:20:37.180   951  2004 D AlarmManager:  whichBatch = -1
04-14 15:20:37.180   951  2004 D AlarmManager: rebatchAllAlarmsLocked  batch.size() = 1
04-14 15:20:37.180   951  2004 D AlarmManager:  whichBatch = -1
04-14 15:20:37.180   951  2004 D AlarmManager: rebatchAllAlarmsLocked  batch.size() = 1
04-14 15:20:37.180   951  2004 D AlarmManager:  whichBatch = -1
04-14 15:20:37.180   951  2004 D AlarmManager: rebatchAllAlarmsLocked  batch.size() = 1
04-14 15:20:37.180   951  2004 D AlarmManager:  whichBatch = -1
04-14 15:20:37.180   951  2004 D AlarmManager: rebatchAllAlarmsLocked  batch.size() = 1
04-14 15:20:37.181   951  2004 D AlarmManager:  whichBatch = -1
04-14 15:20:37.181   951  2004 D AlarmManager: rebatchAllAlarmsLocked  batch.size() = 1
04-14 15:20:37.181   951  2004 D AlarmManager:  whichBatch = -1
04-14 15:20:37.181   951  2004 D AlarmManager: rebatchAllAlarmsLocked  batch.size() = 1
04-14 15:20:37.181   951  2004 D AlarmManager:  whichBatch = -1
04-14 15:20:37.181   951  2004 D AlarmManager: rebatchAllAlarmsLocked  batch.size() = 1
04-14 15:20:37.181   951  2004 D AlarmManager:  whichBatch = -1
04-14 15:20:37.181   951  2004 D AlarmManager: rebatchAllAlarmsLocked  batch.size() = 1
04-14 15:20:37.181   951  2004 D AlarmManager:  whichBatch = -1
04-14 15:20:37.181   951  2004 D AlarmManager: rebatchAllAlarmsLocked  batch.size() = 1
04-14 15:20:37.181   951  2004 D AlarmManager:  whichBatch = -1
04-14 15:20:37.181   951  2004 D AlarmManager: rebatchAllAlarmsLocked  batch.size() = 1
04-14 15:20:37.181   951  2004 D AlarmManager:  whichBatch = -1
04-14 15:20:37.181   951  2004 D AlarmManager: rebatchAllAlarmsLocked  batch.size() = 1
04-14 15:20:37.181   951  2004 D AlarmManager:  whichBatch = -1
04-14 15:20:37.181   951  2004 D AlarmManager: rebatchAllAlarmsLocked  batch.size() = 1
04-14 15:20:37.181   951  2004 D AlarmManager:  whichBatch = -1
04-14 15:20:37.181   951  2004 D AlarmManager: rebatchAllAlarmsLocked  batch.size() = 1
04-14 15:20:37.181   951  2004 D AlarmManager:  whichBatch = -1
04-14 15:20:37.181   951  2004 D AlarmManager: rebatchAllAlarmsLocked  batch.size() = 1
04-14 15:20:37.181   951  2004 D AlarmManager:  whichBatch = -1
04-14 15:20:37.181   951  2004 D AlarmManager: rebatchAllAlarmsLocked  batch.size() = 1
04-14 15:20:37.181   951  2004 D AlarmManager:  whichBatch = -1
04-14 15:20:37.181   951  2004 D AlarmManager: rebatchAllAlarmsLocked  batch.size() = 1
04-14 15:20:37.181   951  2004 D AlarmManager:  whichBatch = -1
04-14 15:20:37.181   951  2004 D AlarmManager: rebatchAllAlarmsLocked  batch.size() = 1
04-14 15:20:37.181   951  2004 D AlarmManager:  whichBatch = -1
04-14 15:20:37.181   951  2004 D AlarmManager: rebatchAllAlarmsLocked  batch.size() = 1
04-14 15:20:37.181   951  2004 D AlarmManager:  whichBatch = -1
04-14 15:20:37.181   951  2004 D AlarmManager: rebatchAllAlarmsLocked  batch.size() = 1
04-14 15:20:37.181   951  2004 D AlarmManager:  whichBatch = -1
04-14 15:20:37.182   951  2004 D AlarmManager: rebatchAllAlarmsLocked  batch.size() = 1
04-14 15:20:37.182   951  2004 D AlarmManager:  whichBatch = -1
04-14 15:20:37.182   951  2004 D AlarmManager: rebatchAllAlarmsLocked  batch.size() = 1
04-14 15:20:37.182   951  2004 D AlarmManager:  whichBatch = -1
04-14 15:20:37.182   951  2004 D AlarmManager: rebatchAllAlarmsLocked  batch.size() = 1
04-14 15:20:37.182   951  2004 D AlarmManager:  whichBatch = -1
04-14 15:20:37.182   951  2004 D AlarmManager: rebatchAllAlarmsLocked  batch.size() = 1
04-14 15:20:37.182   951  2004 D AlarmManager:  whichBatch = -1
04-14 15:20:37.182   951  2004 D AlarmManager: rebatchAllAlarmsLocked  batch.size() = 1
04-14 15:20:37.182   951  2004 D AlarmManager:  whichBatch = -1
04-14 15:20:37.182   951  2004 D AlarmManager: rebatchAllAlarmsLocked  batch.size() = 1
04-14 15:20:37.182   951  2004 D AlarmManager:  whichBatch = -1
04-14 15:20:37.182   951  2004 D AlarmManager: rebatchAllAlarmsLocked  batch.size() = 1
04-14 15:20:37.182   951  2004 D AlarmManager:  whichBatch = -1
04-14 15:20:37.182   951  2004 D AlarmManager: rebatchAllAlarmsLocked  batch.size() = 1
04-14 15:20:37.182   951  2004 D AlarmManager:  whichBatch = -1
04-14 15:20:37.182   951  2004 D AlarmManager: rebatchAllAlarmsLocked  batch.size() = 1
04-14 15:20:37.182   951  2004 D AlarmManager:  whichBatch = -1
04-14 15:20:37.182   951  2004 D AlarmManager: rebatchAllAlarmsLocked  batch.size() = 1
04-14 15:20:37.182   951  2004 D AlarmManager:  whichBatch = -1
04-14 15:20:37.182   951  2004 D AlarmManager: rebatchAllAlarmsLocked  batch.size() = 1
04-14 15:20:37.182   951  2004 D AlarmManager:  whichBatch = -1
04-14 15:20:37.182   951  2004 D AlarmManager: rebatchAllAlarmsLocked  batch.size() = 1
04-14 15:20:37.182   951  2004 D AlarmManager:  whichBatch = -1
04-14 15:20:37.182   951  2004 D AlarmManager: rebatchAllAlarmsLocked  batch.size() = 1
04-14 15:20:37.182   951  2004 D AlarmManager:  whichBatch = -1
04-14 15:20:37.182   951  2004 D AlarmManager: rebatchAllAlarmsLocked  batch.size() = 1
04-14 15:20:37.182   951  2004 D AlarmManager:  whichBatch = -1
04-14 15:20:37.182   951  2004 D AlarmManager: rebatchAllAlarmsLocked  batch.size() = 1
04-14 15:20:37.182   951  2004 D AlarmManager:  whichBatch = -1
04-14 15:20:37.182   951  2004 D AlarmManager: rebatchAllAlarmsLocked  batch.size() = 1
04-14 15:20:37.182   951  2004 D AlarmManager:  whichBatch = -1
04-14 15:20:37.183   951  2004 D AlarmManager: rebatchAllAlarmsLocked  batch.size() = 1
04-14 15:20:37.183   951  2004 D AlarmManager:  whichBatch = -1
04-14 15:20:37.183   951  2004 D AlarmManager: rebatchAllAlarmsLocked  batch.size() = 1
04-14 15:20:37.183   951  2004 D AlarmManager:  whichBatch = -1
04-14 15:20:37.183   951  2004 D AlarmManager: rebatchAllAlarmsLocked  batch.size() = 1
04-14 15:20:37.183   951  2004 D AlarmManager:  whichBatch = -1
04-14 15:20:37.183   951  2004 D AlarmManager: rebatchAllAlarmsLocked  batch.size() = 1
04-14 15:20:37.183   951  2004 D AlarmManager:  whichBatch = -1
04-14 15:20:37.183   951  2004 D AlarmManager: rebatchAllAlarmsLocked  batch.size() = 1
04-14 15:20:37.183   951  2004 D AlarmManager:  whichBatch = -1
04-14 15:20:37.183   951  2004 D AlarmManager: rebatchAllAlarmsLocked  batch.size() = 1
04-14 15:20:37.183   951  2004 D AlarmManager:  whichBatch = -1
04-14 15:20:37.183   951  2004 D AlarmManager: rebatchAllAlarmsLocked  batch.size() = 1
04-14 15:20:37.183   951  2004 D AlarmManager:  whichBatch = -1
04-14 15:20:37.183   951  2004 D AlarmManager: rebatchAllAlarmsLocked  batch.size() = 1
04-14 15:20:37.183   951  2004 D AlarmManager:  whichBatch = -1
04-14 15:20:37.183   951  2004 D AlarmManager: rebatchAllAlarmsLocked  batch.size() = 1
04-14 15:20:37.183   951  2004 D AlarmManager:  whichBatch = -1
04-14 15:20:37.183   951  2004 D AlarmManager: rebatchAllAlarmsLocked  batch.size() = 1
04-14 15:20:37.183   951  2004 D AlarmManager:  whichBatch = -1
04-14 15:20:37.183   951  2004 D AlarmManager: rebatchAllAlarmsLocked  batch.size() = 1
04-14 15:20:37.183   951  2004 D AlarmManager:  whichBatch = -1
04-14 15:20:37.183   951  2004 D AlarmManager: rebatchAllAlarmsLocked  batch.size() = 1
04-14 15:20:37.183   951  2004 D AlarmManager:  whichBatch = -1
04-14 15:20:37.183   951  2004 D AlarmManager: rebatchAllAlarmsLocked  batch.size() = 1
04-14 15:20:37.183   951  2004 D AlarmManager:  whichBatch = -1
04-14 15:20:37.183   951  2004 D AlarmManager: rebatchAllAlarmsLocked  batch.size() = 1
04-14 15:20:37.183   951  2004 D AlarmManager:  whichBatch = -1
04-14 15:20:37.183   951  2004 D AlarmManager: rebatchAllAlarmsLocked  batch.size() = 1
04-14 15:20:37.183   951  2004 D AlarmManager:  whichBatch = -1
04-14 15:20:37.183   951  2004 D AlarmManager: rebatchAllAlarmsLocked  batch.size() = 1
04-14 15:20:37.183   951  2004 D AlarmManager:  whichBatch = -1
04-14 15:20:37.184   951  2004 D AlarmManager: rebatchAllAlarmsLocked  batch.size() = 1
04-14 15:20:37.184   951  2004 D AlarmManager:  whichBatch = -1
04-14 15:20:37.184   951  2004 D AlarmManager: rebatchAllAlarmsLocked  batch.size() = 1
04-14 15:20:37.184   951  2004 D AlarmManager:  whichBatch = -1
04-14 15:20:37.184   951  2004 D AlarmManager: rebatchAllAlarmsLocked  batch.size() = 1
04-14 15:20:37.184   951  2004 D AlarmManager:  whichBatch = -1
04-14 15:20:37.184   951  2004 D AlarmManager: rebatchAllAlarmsLocked  batch.size() = 1
04-14 15:20:37.184   951  2004 D AlarmManager:  whichBatch = -1
04-14 15:20:37.184   951  2004 D AlarmManager: rebatchAllAlarmsLocked  batch.size() = 1
04-14 15:20:37.184   951  2004 D AlarmManager:  whichBatch = -1
04-14 15:20:37.184   951  2004 D AlarmManager: rebatchAllAlarmsLocked  batch.size() = 1
04-14 15:20:37.184   951  2004 D AlarmManager:  whichBatch = -1
04-14 15:20:37.184   951  2004 D AlarmManager: rebatchAllAlarmsLocked  batch.size() = 1
04-14 15:20:37.184   951  2004 D AlarmManager:  whichBatch = -1
04-14 15:20:37.184   951  2004 D AlarmManager: rebatchAllAlarmsLocked  batch.size() = 1
04-14 15:20:37.184   951  2004 D AlarmManager:  whichBatch = -1
04-14 15:20:37.184   951  2004 D AlarmManager: rebatchAllAlarmsLocked  batch.size() = 1
04-14 15:20:37.184   951  2004 D AlarmManager:  whichBatch = -1
04-14 15:20:37.184   951  2004 D AlarmManager: rebatchAllAlarmsLocked  batch.size() = 1
04-14 15:20:37.184   951  2004 D AlarmManager:  whichBatch = -1
04-14 15:20:37.184   951  2004 D AlarmManager: rebatchAllAlarmsLocked  batch.size() = 1
04-14 15:20:37.184   951  2004 D AlarmManager:  whichBatch = -1
04-14 15:20:37.184   951  2004 D AlarmManager: rebatchAllAlarmsLocked  batch.size() = 1
04-14 15:20:37.184   951  2004 D AlarmManager:  whichBatch = -1
04-14 15:20:37.184   951  2004 D AlarmManager: rebatchAllAlarmsLocked  batch.size() = 1
04-14 15:20:37.184   951  2004 D AlarmManager:  whichBatch = -1
04-14 15:20:37.184   951  2004 D AlarmManager: rebatchAllAlarmsLocked  batch.size() = 1
04-14 15:20:37.184   951  2004 D AlarmManager:  whichBatch = -2
04-14 15:20:37.184   951  2004 D AlarmManager: set alarm to RTC 187258051
04-14 15:20:37.184   951  2004 D AlarmManager:  whichBatch = -1
04-14 15:20:37.185   951   961 D PowerManagerService: releaseWakeLockInternal: lock=157150360 [*gms_scheduler*:internal], flags=0x0, total_time=113ms
04-14 15:20:37.185   951   961 D PowerManagerNotifier: onWakeLockReleased: flags=1, tag="*gms_scheduler*:internal", packageName=com.google.android.gms, ownerUid=10012, ownerPid=1959, workSource=WorkSource{10012 com.google.android.gms}
04-14 15:20:37.186   951   961 D PowerManagerService: updateWakeLockSummaryLocked: mWakefulness=Awake, mWakeLockSummary=0x1
04-14 15:20:37.186   951   961 D PowerManagerService: updateUserActivitySummaryLocked: mWakefulness=Awake, mUserActivitySummary=0x1, nextTimeout=2244046377 (in 2147283084 ms)
04-14 15:20:37.186   951   961 D DisplayPowerController: requestPowerState: policy=BRIGHT, useProximitySensor=false, screenBrightness=123, screenAutoBrightnessAdjustment=0.0, brightnessSetByUser=true, useAutoBrightness=false, blockScreenOn=false, lowPowerMode=false, boostScreenBrightness=false, dozeScreenBrightness=-1, dozeScreenState=UNKNOWN, waitForNegativeProximity=false
