04-14 15:20:37.186   951   961 I PowerManagerService: setBrightness mButtonLight 0.
04-14 15:20:37.186   951   961 D PowerManagerService: updateDisplayPowerStateLocked: mDisplayReady=true, policy=3, mWakefulness=1, mWakeLockSummary=0x1, mUserActivitySummary=0x1, mBootCompleted=true, mScreenBrightnessBoostInProgress=false
04-14 15:20:37.187   951  1532 D PowerManagerService: acquireWakeLockInternal: lock=157150360, flags=0x1, tag="*gms_scheduler*:internal", ws=WorkSource{10012 com.google.android.gms}, uid=10012, pid=1959
04-14 15:20:37.187   951  1532 D PowerManagerService: updateWakeLockSummaryLocked: mWakefulness=Awake, mWakeLockSummary=0x1
04-14 15:20:37.187   951  1532 D PowerManagerService: updateUserActivitySummaryLocked: mWakefulness=Awake, mUserActivitySummary=0x1, nextTimeout=2244046377 (in 2147283083 ms)
04-14 15:20:37.187   951  1532 D DisplayPowerController: requestPowerState: policy=BRIGHT, useProximitySensor=false, screenBrightness=123, screenAutoBrightnessAdjustment=0.0, brightnessSetByUser=true, useAutoBrightness=false, blockScreenOn=false, lowPowerMode=false, boostScreenBrightness=false, dozeScreenBrightness=-1, dozeScreenState=UNKNOWN, waitForNegativeProximity=false
04-14 15:20:37.187   951  1532 I PowerManagerService: setBrightness mButtonLight 0.
04-14 15:20:37.187   951  1532 D PowerManagerService: updateDisplayPowerStateLocked: mDisplayReady=true, policy=3, mWakefulness=1, mWakeLockSummary=0x1, mUserActivitySummary=0x1, mBootCompleted=true, mScreenBrightnessBoostInProgress=false
04-14 15:20:37.187   951  1532 D PowerManagerNotifier: onWakeLockAcquired: flags=1, tag="*gms_scheduler*:internal", packageName=com.google.android.gms, ownerUid=10012, ownerPid=1959, workSource=WorkSource{10012 com.google.android.gms}
04-14 15:20:37.188   951  1983 D ConnectivityService: getActiveNetworkInfo networkInfo = [type: WIFI[], state: CONNECTED/CONNECTED, reason: (unspecified), extra: "FreeWifi", roaming: false, failover: false, isAvailable: true]
04-14 15:20:37.189   951  2015 I NetworkIdentity: buildNetworkIdentity:
04-14 15:20:37.189   951  2015 I NetworkIdentity: networkId = FreeWifi
04-14 15:20:37.190   951  2007 D AlarmManager: manual remove option = PendingIntent{8c9ee5: PendingIntentRecord{914a900 com.google.android.gms broadcastIntent}}
04-14 15:20:37.190   951  2007 D AlarmManager: remove(operation) changed bounds; rebatching operation = PendingIntent{8c9ee5: PendingIntentRecord{914a900 com.google.android.gms broadcastIntent}}
04-14 15:20:37.191   951  2007 D AlarmManager: rebatchAllAlarmsLocked begin oldBatches count = 93
04-14 15:20:37.191   951  2007 D AlarmManager: rebatchAllAlarmsLocked  batch.size() = 1
04-14 15:20:37.191   951  2007 D AlarmManager:  whichBatch = -1
04-14 15:20:37.191   951  2007 D AlarmManager: rebatchAllAlarmsLocked  batch.size() = 1
04-14 15:20:37.191   951  2007 D AlarmManager:  whichBatch = -1
04-14 15:20:37.191   951  2007 D AlarmManager: rebatchAllAlarmsLocked  batch.size() = 1
04-14 15:20:37.191   951  2007 D AlarmManager:  whichBatch = -1
04-14 15:20:37.191   951  2007 D AlarmManager: rebatchAllAlarmsLocked  batch.size() = 1
04-14 15:20:37.191   951  2007 D AlarmManager:  whichBatch = -1
04-14 15:20:37.191   951  2007 D AlarmManager: rebatchAllAlarmsLocked  batch.size() = 1
04-14 15:20:37.191   951  2007 D AlarmManager:  whichBatch = -1
04-14 15:20:37.191   951  2007 D AlarmManager: rebatchAllAlarmsLocked  batch.size() = 1
04-14 15:20:37.191   951  2007 D AlarmManager:  whichBatch = -1
04-14 15:20:37.191   951  2007 D AlarmManager: rebatchAllAlarmsLocked  batch.size() = 1
04-14 15:20:37.191   951  2007 D AlarmManager:  whichBatch = -1
04-14 15:20:37.191   951  2007 D AlarmManager: rebatchAllAlarmsLocked  batch.size() = 1
04-14 15:20:37.191   951  2007 D AlarmManager:  whichBatch = -1
04-14 15:20:37.191   951  2007 D AlarmManager: rebatchAllAlarmsLocked  batch.size() = 1
04-14 15:20:37.191   951  2007 D AlarmManager:  whichBatch = -1
04-14 15:20:37.191   951  2007 D AlarmManager: rebatchAllAlarmsLocked  batch.size() = 1
04-14 15:20:37.191   951  2007 D AlarmManager:  whichBatch = -1
04-14 15:20:37.191   951  2007 D AlarmManager: rebatchAllAlarmsLocked  batch.size() = 1
04-14 15:20:37.191   951  2007 D AlarmManager:  whichBatch = -1
04-14 15:20:37.191   951  2007 D AlarmManager: rebatchAllAlarmsLocked  batch.size() = 1
04-14 15:20:37.191   951  2007 D AlarmManager:  whichBatch = -1
04-14 15:20:37.191   951  2007 D AlarmManager: rebatchAllAlarmsLocked  batch.size() = 1
04-14 15:20:37.191   951  2007 D AlarmManager:  whichBatch = -1
04-14 15:20:37.191   951  2007 D AlarmManager: rebatchAllAlarmsLocked  batch.size() = 1
04-14 15:20:37.191   951  2007 D AlarmManager:  whichBatch = -1
04-14 15:20:37.192   951  2007 D AlarmManager: rebatchAllAlarmsLocked  batch.size() = 1
04-14 15:20:37.192   951  2007 D AlarmManager:  whichBatch = -1
04-14 15:20:37.192   951  2007 D AlarmManager: rebatchAllAlarmsLocked  batch.size() = 1
04-14 15:20:37.192   951  2007 D AlarmManager:  whichBatch = -1
04-14 15:20:37.192   951  2007 D AlarmManager: rebatchAllAlarmsLocked  batch.size() = 1
04-14 15:20:37.192   951  2007 D AlarmManager:  whichBatch = -1
04-14 15:20:37.192   951  2007 D AlarmManager: rebatchAllAlarmsLocked  batch.size() = 1
04-14 15:20:37.192   951  2007 D AlarmManager:  whichBatch = -1
04-14 15:20:37.192   951  2007 D AlarmManager: rebatchAllAlarmsLocked  batch.size() = 1
04-14 15:20:37.192   951  2007 D AlarmManager:  whichBatch = -1
04-14 15:20:37.192   951  2007 D AlarmManager: rebatchAllAlarmsLocked  batch.size() = 1
04-14 15:20:37.192   951  2007 D AlarmManager:  whichBatch = -1
04-14 15:20:37.192   951  2007 D AlarmManager: rebatchAllAlarmsLocked  batch.size() = 1
04-14 15:20:37.192   951  2007 D AlarmManager:  whichBatch = -1
04-14 15:20:37.192   951  2007 D AlarmManager: rebatchAllAlarmsLocked  batch.size() = 1
04-14 15:20:37.192   951  2007 D AlarmManager:  whichBatch = -1
04-14 15:20:37.192   951  2007 D AlarmManager: rebatchAllAlarmsLocked  batch.size() = 1
04-14 15:20:37.192   951  2007 D AlarmManager:  whichBatch = -1
04-14 15:20:37.192   951  2007 D AlarmManager: rebatchAllAlarmsLocked  batch.size() = 1
04-14 15:20:37.192   951  2007 D AlarmManager:  whichBatch = -1
04-14 15:20:37.192   951  2007 D AlarmManager: rebatchAllAlarmsLocked  batch.size() = 1
04-14 15:20:37.192   951  2007 D AlarmManager:  whichBatch = -1
04-14 15:20:37.192   951  2007 D AlarmManager: rebatchAllAlarmsLocked  batch.size() = 1
04-14 15:20:37.192   951  2007 D AlarmManager:  whichBatch = -1
04-14 15:20:37.192   951  2007 D AlarmManager: rebatchAllAlarmsLocked  batch.size() = 1
04-14 15:20:37.192   951  2007 D AlarmManager:  whichBatch = -1
04-14 15:20:37.192   951  2007 D AlarmManager: rebatchAllAlarmsLocked  batch.size() = 1
04-14 15:20:37.192   951  2007 D AlarmManager:  whichBatch = -1
04-14 15:20:37.192   951  2007 D AlarmManager: rebatchAllAlarmsLocked  batch.size() = 1
04-14 15:20:37.192   951  2007 D AlarmManager:  whichBatch = -1
04-14 15:20:37.192   951  2007 D AlarmManager: rebatchAllAlarmsLocked  batch.size() = 1
04-14 15:20:37.192   951  2007 D AlarmManager:  whichBatch = -1
04-14 15:20:37.193   951  2007 D AlarmManager: rebatchAllAlarmsLocked  batch.size() = 1
04-14 15:20:37.193   951  2007 D AlarmManager:  whichBatch = -1
04-14 15:20:37.193   951  2007 D AlarmManager: rebatchAllAlarmsLocked  batch.size() = 1
04-14 15:20:37.193   951  2007 D AlarmManager:  whichBatch = -1
04-14 15:20:37.193   951  2007 D AlarmManager: rebatchAllAlarmsLocked  batch.size() = 1
04-14 15:20:37.193   951  2007 D AlarmManager:  whichBatch = -1
04-14 15:20:37.193   951  2007 D AlarmManager: rebatchAllAlarmsLocked  batch.size() = 1
04-14 15:20:37.193   951  2007 D AlarmManager:  whichBatch = -1
04-14 15:20:37.193   951  2007 D AlarmManager: rebatchAllAlarmsLocked  batch.size() = 1
04-14 15:20:37.193   951  2007 D AlarmManager:  whichBatch = -1
04-14 15:20:37.193   951  2007 D AlarmManager: rebatchAllAlarmsLocked  batch.size() = 1
04-14 15:20:37.193   951  2007 D AlarmManager:  whichBatch = -1
04-14 15:20:37.193   951  2007 D AlarmManager: rebatchAllAlarmsLocked  batch.size() = 1
04-14 15:20:37.193   951  2007 D AlarmManager:  whichBatch = -1
04-14 15:20:37.193   951  2007 D AlarmManager: rebatchAllAlarmsLocked  batch.size() = 1
04-14 15:20:37.193   951  2007 D AlarmManager:  whichBatch = -1
04-14 15:20:37.193   951  2007 D AlarmManager: rebatchAllAlarmsLocked  batch.size() = 1
04-14 15:20:37.193   951  2007 D AlarmManager:  whichBatch = -1
04-14 15:20:37.193   951  2007 D AlarmManager: rebatchAllAlarmsLocked  batch.size() = 1
04-14 15:20:37.193   951  2007 D AlarmManager:  whichBatch = -1
04-14 15:20:37.193   951  2007 D AlarmManager: rebatchAllAlarmsLocked  batch.size() = 1
04-14 15:20:37.193   951  2007 D AlarmManager:  whichBatch = -1
04-14 15:20:37.193   951  2007 D AlarmManager: rebatchAllAlarmsLocked  batch.size() = 1
04-14 15:20:37.193   951  2007 D AlarmManager:  whichBatch = -1
04-14 15:20:37.193   951  2007 D AlarmManager: rebatchAllAlarmsLocked  batch.size() = 1
04-14 15:20:37.193   951  2007 D AlarmManager:  whichBatch = -1
04-14 15:20:37.193   951  2007 D AlarmManager: rebatchAllAlarmsLocked  batch.size() = 1
04-14 15:20:37.193   951  2007 D AlarmManager:  whichBatch = -1
04-14 15:20:37.193   951  2007 D AlarmManager: rebatchAllAlarmsLocked  batch.size() = 1
04-14 15:20:37.193   951  2007 D AlarmManager:  whichBatch = -1
04-14 15:20:37.193   951  2007 D AlarmManager: rebatchAllAlarmsLocked  batch.size() = 1
04-14 15:20:37.193   951  2007 D AlarmManager:  whichBatch = -1
04-14 15:20:37.194   951  2007 D AlarmManager: rebatchAllAlarmsLocked  batch.size() = 1
04-14 15:20:37.194   951  2007 D AlarmManager:  whichBatch = -1
04-14 15:20:37.194   951  2007 D AlarmManager: rebatchAllAlarmsLocked  batch.size() = 1
04-14 15:20:37.194   951  2007 D AlarmManager:  whichBatch = -1
04-14 15:20:37.194   951  2007 D AlarmManager: rebatchAllAlarmsLocked  batch.size() = 1
04-14 15:20:37.194   951  2007 D AlarmManager:  whichBatch = -1
04-14 15:20:37.194   951  2007 D AlarmManager: rebatchAllAlarmsLocked  batch.size() = 1
04-14 15:20:37.194   951  2007 D AlarmManager:  whichBatch = -1
04-14 15:20:37.194   951  2007 D AlarmManager: rebatchAllAlarmsLocked  batch.size() = 1
04-14 15:20:37.194   951  2007 D AlarmManager:  whichBatch = -1
04-14 15:20:37.194   951  2007 D AlarmManager: rebatchAllAlarmsLocked  batch.size() = 1
04-14 15:20:37.194   951  2007 D AlarmManager:  whichBatch = -1
04-14 15:20:37.194   951  2007 D AlarmManager: rebatchAllAlarmsLocked  batch.size() = 1
04-14 15:20:37.194   951  2007 D AlarmManager:  whichBatch = -1
04-14 15:20:37.194   951  2007 D AlarmManager: rebatchAllAlarmsLocked  batch.size() = 1
04-14 15:20:37.194   951  2007 D AlarmManager:  whichBatch = -1
04-14 15:20:37.194   951  2007 D AlarmManager: rebatchAllAlarmsLocked  batch.size() = 1
04-14 15:20:37.194   951  2007 D AlarmManager:  whichBatch = -1
04-14 15:20:37.194   951  2007 D AlarmManager: rebatchAllAlarmsLocked  batch.size() = 1
04-14 15:20:37.194   951  2007 D AlarmManager:  whichBatch = -1
04-14 15:20:37.194   951  2007 D AlarmManager: rebatchAllAlarmsLocked  batch.size() = 1
04-14 15:20:37.194   951  2007 D AlarmManager:  whichBatch = -1
04-14 15:20:37.194   951  2007 D AlarmManager: rebatchAllAlarmsLocked  batch.size() = 1
04-14 15:20:37.194   951  2007 D AlarmManager:  whichBatch = -1
04-14 15:20:37.194   951  2007 D AlarmManager: rebatchAllAlarmsLocked  batch.size() = 1
04-14 15:20:37.194   951  2007 D AlarmManager:  whichBatch = -1
04-14 15:20:37.194   951  2007 D AlarmManager: rebatchAllAlarmsLocked  batch.size() = 1
04-14 15:20:37.194   951  2007 D AlarmManager:  whichBatch = -1
04-14 15:20:37.194   951  2007 D AlarmManager: rebatchAllAlarmsLocked  batch.size() = 1
04-14 15:20:37.194   951  2007 D AlarmManager:  whichBatch = -1
04-14 15:20:37.194   951  2007 D AlarmManager: rebatchAllAlarmsLocked  batch.size() = 1
04-14 15:20:37.194   951  2007 D AlarmManager:  whichBatch = -1
04-14 15:20:37.194   951  2007 D AlarmManager: rebatchAllAlarmsLocked  batch.size() = 1
04-14 15:20:37.194   951  2007 D AlarmManager:  whichBatch = -1
04-14 15:20:37.195   951  2007 D AlarmManager: rebatchAllAlarmsLocked  batch.size() = 1
04-14 15:20:37.195   951  2007 D AlarmManager:  whichBatch = -1
04-14 15:20:37.195   951  2007 D AlarmManager: rebatchAllAlarmsLocked  batch.size() = 1
04-14 15:20:37.195   951  2007 D AlarmManager:  whichBatch = -1
04-14 15:20:37.195   951  2007 D AlarmManager: rebatchAllAlarmsLocked  batch.size() = 1
04-14 15:20:37.195   951  2007 D AlarmManager:  whichBatch = -1
04-14 15:20:37.195   951  2007 D AlarmManager: rebatchAllAlarmsLocked  batch.size() = 1
04-14 15:20:37.195   951  2007 D AlarmManager:  whichBatch = -1
04-14 15:20:37.195   951  2007 D AlarmManager: rebatchAllAlarmsLocked  batch.size() = 1
04-14 15:20:37.195   951  2007 D AlarmManager:  whichBatch = -1
04-14 15:20:37.195   951  2007 D AlarmManager: rebatchAllAlarmsLocked  batch.size() = 1
04-14 15:20:37.195   951  2007 D AlarmManager:  whichBatch = -1
04-14 15:20:37.195   951  2007 D AlarmManager: rebatchAllAlarmsLocked  batch.size() = 1
04-14 15:20:37.195   951  2007 D AlarmManager:  whichBatch = -1
04-14 15:20:37.195   951  2007 D AlarmManager: rebatchAllAlarmsLocked  batch.size() = 1
04-14 15:20:37.195   951  2007 D AlarmManager:  whichBatch = -1
04-14 15:20:37.195   951  2007 D AlarmManager: rebatchAllAlarmsLocked  batch.size() = 1
04-14 15:20:37.195   951  2007 D AlarmManager:  whichBatch = -1
04-14 15:20:37.195   951  2007 D AlarmManager: rebatchAllAlarmsLocked  batch.size() = 1
04-14 15:20:37.195   951  2007 D AlarmManager:  whichBatch = -1
04-14 15:20:37.195   951  2007 D AlarmManager: rebatchAllAlarmsLocked  batch.size() = 1
04-14 15:20:37.195   951  2007 D AlarmManager:  whichBatch = -1
04-14 15:20:37.195   951  2007 D AlarmManager: rebatchAllAlarmsLocked  batch.size() = 1
04-14 15:20:37.195   951  2007 D AlarmManager:  whichBatch = -1
04-14 15:20:37.195   951  2007 D AlarmManager: rebatchAllAlarmsLocked  batch.size() = 1
04-14 15:20:37.195   951  2007 D AlarmManager:  whichBatch = -1
04-14 15:20:37.195   951  2007 D AlarmManager: rebatchAllAlarmsLocked  batch.size() = 1
04-14 15:20:37.195   951  2007 D AlarmManager:  whichBatch = -1
04-14 15:20:37.195   951  2007 D AlarmManager: rebatchAllAlarmsLocked  batch.size() = 1
04-14 15:20:37.196   951  2007 D AlarmManager:  whichBatch = -1
04-14 15:20:37.196   951  2007 D AlarmManager: rebatchAllAlarmsLocked  batch.size() = 1
04-14 15:20:37.196   951  2007 D AlarmManager:  whichBatch = -1
04-14 15:20:37.196   951  2007 D AlarmManager: rebatchAllAlarmsLocked  batch.size() = 1
04-14 15:20:37.196   951  2007 D AlarmManager:  whichBatch = -1
04-14 15:20:37.196   951  2007 D AlarmManager: rebatchAllAlarmsLocked  batch.size() = 1
04-14 15:20:37.196   951  2007 D AlarmManager:  whichBatch = -1
04-14 15:20:37.196   951  2007 D AlarmManager: rebatchAllAlarmsLocked  batch.size() = 1
04-14 15:20:37.196   951  2007 D AlarmManager:  whichBatch = -1
04-14 15:20:37.196   951  2007 D AlarmManager: rebatchAllAlarmsLocked  batch.size() = 1
04-14 15:20:37.196   951  2007 D AlarmManager:  whichBatch = -1
04-14 15:20:37.196   951  2007 D AlarmManager: rebatchAllAlarmsLocked  batch.size() = 1
04-14 15:20:37.196   951  2007 D AlarmManager:  whichBatch = -1
04-14 15:20:37.196   951  2007 D AlarmManager: rebatchAllAlarmsLocked  batch.size() = 1
04-14 15:20:37.196   951  2007 D AlarmManager:  whichBatch = -1
04-14 15:20:37.196   951  2007 D AlarmManager: rebatchAllAlarmsLocked  batch.size() = 1
04-14 15:20:37.196   951  2007 D AlarmManager:  whichBatch = -1
04-14 15:20:37.196   951  2007 D AlarmManager: rebatchAllAlarmsLocked  batch.size() = 1
04-14 15:20:37.196   951  2007 D AlarmManager:  whichBatch = -1
04-14 15:20:37.196   951  2007 D AlarmManager: rebatchAllAlarmsLocked  batch.size() = 1
04-14 15:20:37.196   951  2007 D AlarmManager:  whichBatch = -1
04-14 15:20:37.196   951  2007 D AlarmManager: rebatchAllAlarmsLocked  batch.size() = 1
04-14 15:20:37.196   951  2007 D AlarmManager:  whichBatch = -1
04-14 15:20:37.196   951  2007 D AlarmManager: rebatchAllAlarmsLocked  batch.size() = 1
04-14 15:20:37.196   951  2007 D AlarmManager:  whichBatch = -1
04-14 15:20:37.196   951  2007 D AlarmManager: rebatchAllAlarmsLocked  batch.size() = 1
04-14 15:20:37.196   951  2007 D AlarmManager:  whichBatch = -1
04-14 15:20:37.196   951  2007 D AlarmManager: rebatchAllAlarmsLocked  batch.size() = 1
04-14 15:20:37.196   951  2007 D AlarmManager:  whichBatch = -1
04-14 15:20:37.196   951  2007 D AlarmManager: rebatchAllAlarmsLocked  batch.size() = 1
04-14 15:20:37.197   951  2007 D AlarmManager:  whichBatch = -2
04-14 15:20:37.202   951  1622 V AlarmManager: APP set(PendingIntent{e679dba: PendingIntentRecord{914a900 com.google.android.gms broadcastIntent}}) : type=2 triggerAtTime=187373155 win=-1 tElapsed=187373155 maxElapsed=187463136 interval=0 flags=0x0
04-14 15:20:37.202   951  1622 D AlarmManager:  whichBatch = -1
04-14 15:20:37.203   951  2007 D PowerManagerService: releaseWakeLockInternal: lock=157150360 [*gms_scheduler*:internal], flags=0x0, total_time=16ms
04-14 15:20:37.203   951  2007 D PowerManagerNotifier: onWakeLockReleased: flags=1, tag="*gms_scheduler*:internal", packageName=com.google.android.gms, ownerUid=10012, ownerPid=1959, workSource=WorkSource{10012 com.google.android.gms}
04-14 15:20:37.204   951  2007 D PowerManagerService: updateWakeLockSummaryLocked: mWakefulness=Awake, mWakeLockSummary=0x1
04-14 15:20:37.204   951  2007 D PowerManagerService: updateUserActivitySummaryLocked: mWakefulness=Awake, mUserActivitySummary=0x1, nextTimeout=2244046377 (in 2147283066 ms)
04-14 15:20:37.204   951  2007 D DisplayPowerController: requestPowerState: policy=BRIGHT, useProximitySensor=false, screenBrightness=123, screenAutoBrightnessAdjustment=0.0, brightnessSetByUser=true, useAutoBrightness=false, blockScreenOn=false, lowPowerMode=false, boostScreenBrightness=false, dozeScreenBrightness=-1, dozeScreenState=UNKNOWN, waitForNegativeProximity=false
04-14 15:20:37.204   951  2007 I PowerManagerService: setBrightness mButtonLight 0.
04-14 15:20:37.204   951  2007 D PowerManagerService: updateDisplayPowerStateLocked: mDisplayReady=true, policy=3, mWakefulness=1, mWakeLockSummary=0x1, mUserActivitySummary=0x1, mBootCompleted=true, mScreenBrightnessBoostInProgress=false
04-14 15:20:37.292   296   658 D MAL-Daemon:  (void* rilproxy_urc_threa,  964) URC = (+ECSQ: 21,33,1,-398,-32,1,1,2,32767
04-14 15:20:37.292   296   658 D MAL-Daemon: )
04-14 15:20:37.292   296   658 W MAL-Daemon:  (    mdfx_task_send_event,  636) mdfx_task_send_event(): [ACT] should NOT enter this leagcy API!!
04-14 15:20:37.293   296   658 W MAL-Daemon:  (    mdfx_task_send_event,  636) mdfx_task_send_event(): [ACT] should NOT enter this leagcy API!!
04-14 15:20:37.293   296   638 I MAL-Daemon:  (             rds_ru_task,  445) [RDS-I][RU][rds_ru_task] RCV Event: 104 
04-14 15:20:37.293   296   638 I MAL-Daemon:  (         rds_ru_urc_hdlr, 1733) [RDS-I][RDS][rds_ru_urc_hdlr] get URC: +ECSQ: 21,33,1,-398,-32,1,1,2,32767
04-14 15:20:37.293   296   638 I MAL-Daemon: 
04-14 15:20:37.293   296   638 I MAL-Daemon:  (     ru_parse_3gppsigval, 1458) [RDS-I][RDS][ru_parse_3gppsigval] 3gppsigval #args act<2>
04-14 15:20:37.293   296   638 I MAL-Daemon:  (         rds_ru_urc_hdlr, 1913) [RDS-I][RDS][RU][rds_ru_urc_hdlr] Update 3GPP STATUS rsrp<-100> rsrq<40> regstat<6> 
04-14 15:20:37.293   296   638 I MAL-Daemon:  (         rds_ru_urc_hdlr, 1915) [RDS-I][RDS][RU][rds_ru_urc_hdlr] ru_check_ctx_ptr<0xf5ff3c9c, 0xf5ff3c9c>
04-14 15:20:37.293   296   602 D MAL-Daemon:  (          atmngr_urc_hdl,  206) atmngr_urc_hdl(): [AT_URC] "
04-14 15:20:37.293   296   602 D MAL-Daemon: +ECSQ: 21,33,1,-398,-32,1,1,2,32767
04-14 15:20:37.293   296   602 D MAL-Daemon: "!!
04-14 15:20:37.293   296   638 W MAL-Daemon:  (    mdfx_task_send_event,  636) mdfx_task_send_event(): [ACT] should NOT enter this leagcy API!!
04-14 15:20:37.293   296   638 I MAL-Daemon:  (    ru_send_event_entity,  350) [RDS-I][RDS][RU][ru_send_event_entity] send event 605 to 602 with ret(0)
04-14 15:20:37.293   296   638 I MAL-Daemon:  (             rds_ru_task,  445) [RDS-I][RU][rds_ru_task] RCV Event: 605 
04-14 15:20:37.293   296   638 I MAL-Daemon:  (  rds_ru_3gpp_status_ind, 1390) [RDS-I][RU][EVENT_RU_DM_3GPP_STATUS_IND] i4ltersrp:-100, i4ltersrq:40, u43gpp_status:0x6
04-14 15:20:37.293   296   638 E MAL-Daemon:  (  rds_ru_3gpp_status_ind, 1421) [RDS-E][RU][EVENT_RU_DM_3GPP_STATUS_IND] Invalid u43gpp_status:0x6
04-14 15:20:37.293   296   638 I MAL-Daemon:  (          rds_ru_rpl_gen, 4866) [RDS-I][RU][rds_ru_rpl_gen][RDS][OP0] TYPE : <0>, UI Policy : <3>, RDS Policy : <3>
04-14 15:20:37.293   296   638 I MAL-Daemon:  (      rds_cell_only_orng, 3608) [RDS-I][RU][RDS IMS/MMS][rds_cell_only_orng] 
04-14 15:20:37.293   296   638 I MAL-Daemon:  (          rds_ru_rpl_gen, 4877) [RDS-I][RU][rds_ru_rpl_gen][RDS][OP0] TYPE : <0>, RAN1 : <254> ,RAN2 : <254>
04-14 15:20:37.293   296   638 I MAL-Daemon:  (          rds_ru_rpl_gen, 4866) [RDS-I][RU][rds_ru_rpl_gen][RDS][OP0] TYPE : <1>, UI Policy : <3>, RDS Policy : <3>
04-14 15:20:37.293   296   638 I MAL-Daemon:  (      rds_cell_only_orng, 3608) [RDS-I][RU][RDS IMS/MMS][rds_cell_only_orng] 
04-14 15:20:37.293   296   638 I MAL-Daemon:  (          rds_ru_rpl_gen, 4877) [RDS-I][RU][rds_ru_rpl_gen][RDS][OP0] TYPE : <1>, RAN1 : <254> ,RAN2 : <254>
04-14 15:20:37.293   296   638 I MAL-Daemon:  (          rds_ru_rpl_gen, 4866) [RDS-I][RU][rds_ru_rpl_gen][RDS][OP0] TYPE : <2>, UI Policy : <3>, RDS Policy : <3>
04-14 15:20:37.293   296   638 I MAL-Daemon:  (      rds_cell_only_orng, 3608) [RDS-I][RU][RDS IMS/MMS][rds_cell_only_orng] 
04-14 15:20:37.293   296   638 I MAL-Daemon:  (          rds_ru_rpl_gen, 4877) [RDS-I][RU][rds_ru_rpl_gen][RDS][OP0] TYPE : <2>, RAN1 : <254> ,RAN2 : <254>
04-14 15:20:37.293   296   638 I MAL-Daemon:  (          rds_ru_rpl_gen, 4866) [RDS-I][RU][rds_ru_rpl_gen][RDS][OP0] TYPE : <3>, UI Policy : <3>, RDS Policy : <3>
04-14 15:20:37.293   296   638 I MAL-Daemon:  (          rds_ru_rpl_gen, 4877) [RDS-I][RU][rds_ru_rpl_gen][RDS][OP0] TYPE : <3>, RAN1 : <255> ,RAN2 : <255>
04-14 15:20:37.293   296   638 I MAL-Daemon:  (          rds_ru_rpl_gen, 4866) [RDS-I][RU][rds_ru_rpl_gen][RDS][OP0] TYPE : <4>, UI Policy : <3>, RDS Policy : <3>
04-14 15:20:37.293   296   638 I MAL-Daemon:  (          rds_ru_rpl_gen, 4877) [RDS-I][RU][rds_ru_rpl_gen][RDS][OP0] TYPE : <4>, RAN1 : <255> ,RAN2 : <255>
04-14 15:20:37.293   296   638 I MAL-Daemon:  (          rds_ru_rpl_gen, 4866) [RDS-I][RU][rds_ru_rpl_gen][RDS][OP0] TYPE : <5>, UI Policy : <3>, RDS Policy : <3>
04-14 15:20:37.294   296   638 I MAL-Daemon:  (          rds_ru_rpl_gen, 4877) [RDS-I][RU][rds_ru_rpl_gen][RDS][OP0] TYPE : <5>, RAN1 : <255> ,RAN2 : <255>
04-14 15:20:37.294   296   638 I MAL-Daemon:  (          rds_ru_rpl_gen, 4877) [RDS-I][RU][rds_ru_rpl_gen][RDS][OP0] TYPE : <6>, RAN1 : <254> ,RAN2 : <254>
04-14 15:20:37.294   296   638 I MAL-Daemon:  (    rds_op_check_feature,  304) [RDS-I][RDS][OP][rds_op_check_feature] operator id(0) check feature<0>, curr_opmsk is <1>, sys_opmsk is <0x0001, 1>
04-14 15:20:37.294   296   638 I MAL-Daemon:  (  rds_ru_ims_vops_update, 4666) [RDS-I][RU][rds_ru_ims_vops_update][RDS IMS]Policy type: 0 IMS VOPS IE is Disabled, update IMS RPL from Ori:(254, 254) New:(254,254)
04-14 15:20:37.294   296   638 I MAL-Daemon:  (  rds_ru_ims_vops_update, 4666) [RDS-I][RU][rds_ru_ims_vops_update][RDS IMS]Policy type: 1 IMS VOPS IE is Disabled, update IMS RPL from Ori:(254, 254) New:(254,254)
04-14 15:20:37.294   296   638 I MAL-Daemon:  (  rds_ru_ims_vops_update, 4666) [RDS-I][RU][rds_ru_ims_vops_update][RDS IMS]Policy type: 2 IMS VOPS IE is Disabled, update IMS RPL from Ori:(254, 254) New:(254,254)
04-14 15:20:37.294   296   638 I MAL-Daemon:  (          rds_ru_rpl_gen, 4901) [RDS-I][RU][rds_ru_rpl_gen][RDS] Current policy: fgimsolte_en<1>, fgwfc_en<0>, erdspolicy<3>, 
04-14 15:20:37.294   296   638 I MAL-Daemon:  (          rds_ru_rpl_gen, 4904) [RDS-I][RU][rds_ru_rpl_gen][RDS] Threshold i4wifirssih<-75>, i4wifirssil<-85>, i4wifirssih_ho<-78>, i4wifirssil_ho<-88>, i4wifisnrh<10>, i4wifisnrl<6>
04-14 15:20:37.294   296   638 I MAL-Daemon:  (          rds_ru_rpl_gen, 4907) [RDS-I][RU][rds_ru_rpl_gen][RDS] Threshold i4ltersrph<-106>, i4ltersrpm<-111>, i4ltersrpl<-116>, i4ltersrqh<5>, i4ltersrqm<3>, i4ltersrql<1>
04-14 15:20:37.294   296   638 I MAL-Daemon:  (          rds_ru_rpl_gen, 4910) [RDS-I][RU][rds_ru_rpl_gen][RDS] current rds ru status: i4wifirssi<-44>, i4wifisnr<9999>, i4ltersrp<-100>, i4ltersrq<40>, u4active_ran<1> 
04-14 15:20:37.294   296   638 I MAL-Daemon:  (          rds_ru_rpl_gen, 4913) [RDS-I][RU][rds_ru_rpl_gen][RDS] current wifi backhaul : rtp_plr<0>, rtp_jitter<0>, ping_ind<0>
04-14 15:20:37.294   296   638 I MAL-Daemon:  (          rds_ru_rpl_gen, 4916) [RDS-I][RU][rds_ru_rpl_gen][RDS] Call stat : IR92<0>, IR94<0> 
04-14 15:20:37.294   296   638 I MAL-Daemon:  (          rds_ru_rpl_gen, 4922) [RDS-I][RU][RDS IMS/MMS][rds_ru_rpl_gen] Ori:(254,254)/(255,255) New:(254,254)/(255,255)
04-14 15:20:37.294   296   638 I MAL-Daemon:  (          rds_ru_rpl_gen, 4927) [RDS-I][RU][RDS IMS/MMS WIFI][rds_ru_rpl_gen] Ori:(254,254)/(255,255) New:(254,254)/(255,255)
04-14 15:20:37.294   296   638 I MAL-Daemon:  (          rds_ru_rpl_gen, 4932) [RDS-I][RU][RDS IMS/MMS CELL][rds_ru_rpl_gen] Ori:(254,254)/(255,255) New:(254,254)/(255,255)
04-14 15:20:37.294   296   638 I MAL-Daemon:  (          rds_ru_rpl_gen, 4936) [RDS-I][RU][RDS EMG][rds_ru_rpl_gen] Ori:(254,254) New:(254,254)
04-14 15:20:37.298   951   962 V ActivityManager: Broadcast sticky: Intent { act=android.intent.action.SIG_STR flg=0x20000010 (has extras) } ordered=false userid=-1 callerApp=ProcessRecord{fc0c87c 951:system/1000}
04-14 15:20:37.298   951   962 D RestrictedPackageService: filterBroadcastReceiver for android.intent.action.SIG_STR
04-14 15:20:37.298   951   967 V ActivityManager_MU: isSingleton(com.lenovo.ideafriend, ApplicationInfo{c09046b com.lenovo.ideafriend}, com.lenovo.ideafriend.mms.android.transaction.MmsSystemEventReceiver, 0x0) = false
04-14 15:20:37.300 13737 13737 D ActivityThread: BDC-Calling onReceive: intent=Intent { act=android.intent.action.SIG_STR flg=0x20000010 cmp=com.lenovo.ideafriend/.mms.android.transaction.MmsSystemEventReceiver (has extras) }, receiver=com.lenovo.ideafriend.mms.android.transaction.MmsSystemEventReceiver@5f6686d
04-14 15:20:37.300 13737 13737 D Mms     : onReceive(): intent=Intent { act=android.intent.action.SIG_STR flg=0x20000010 cmp=com.lenovo.ideafriend/.mms.android.transaction.MmsSystemEventReceiver (has extras) }
04-14 15:20:37.300 13737 13737 D ActivityThread: BDC-Calling onReceive end receiver=class com.lenovo.ideafriend.mms.android.transaction.MmsSystemEventReceiver
04-14 15:20:37.301 13737 13737 D ActivityThread: BDC-RECEIVER handled : 0 / ReceiverData{intent=Intent { act=android.intent.action.SIG_STR flg=0x20000010 cmp=com.lenovo.ideafriend/.mms.android.transaction.MmsSystemEventReceiver (has extras) } packageName=com.lenovo.ideafriend resultCode=-1 resultData=null resultExtras=null}
04-14 15:20:37.340   296 21667 I MAL-Daemon:  (        ru_syssig_hndler,  418) [RDS-I][ru_syssig_hndler] Send Event: 688 
04-14 15:20:37.340   296 21667 I MAL-Daemon:  (        ru_syssig_hndler,  419) [RDS-I][RDS][RU][ru_syssig_hndler] ru_check_ctx_ptr<0xf5ff3c9c, 0xf5ff3c9c>
04-14 15:20:37.340   296 21667 W MAL-Daemon:  (    mdfx_task_send_event,  636) mdfx_task_send_event(): [ACT] should NOT enter this leagcy API!!
04-14 15:20:37.340   296 21667 I MAL-Daemon:  (    ru_send_event_entity,  350) [RDS-I][RDS][RU][ru_send_event_entity] send event 688 to 602 with ret(0)
04-14 15:20:37.340   296   638 I MAL-Daemon:  (             rds_ru_task,  445) [RDS-I][RU][rds_ru_task] RCV Event: 688 
04-14 15:20:37.341  1361  1361 D wpa_supplicant: wlan0: Control interface command 'SIGNAL_POLL'
04-14 15:20:37.342   296   638 D MAL-Daemon:  (     ru_wsl_poll_wpainfo,  639) [RDS-D][RDS][RU][ru_wsl_poll_wpainfo]socket recv pktlen(49) 
04-14 15:20:37.342   296   638 D MAL-Daemon:  (rds_ru_ws_rssi_timer_exp,  752) [RDS-D][RU][rds_ru_ws_rssi_timer_expire_hdlr][RDS] get rssi = -43, snr = 9999 
04-14 15:20:37.342   296   638 I MAL-Daemon:  (  ru_wsl_wifi_status_ind,  734) [RDS-I][RDS][RU][ru_wsl_wifi_status_ind] ru_check_ctx_ptr<0xf5ff3c9c, 0xf5ff3c9c>
04-14 15:20:37.342   296   638 W MAL-Daemon:  (    mdfx_task_send_event,  636) mdfx_task_send_event(): [ACT] should NOT enter this leagcy API!!
04-14 15:20:37.342   296   638 I MAL-Daemon:  (    ru_send_event_entity,  350) [RDS-I][RDS][RU][ru_send_event_entity] send event 604 to 602 with ret(0)
04-14 15:20:37.343   296   638 I MAL-Daemon:  (          ru_get_netstat, 5285) [RDS-I][RU][ru_get_netstat] netstat <thrghpt, pkterrt>, wifi <0, 0%>, mobile <0, 0%>
04-14 15:20:37.343   296   638 I MAL-Daemon:  (    ru_send_event_entity,  350) [RDS-I][RDS][RU][ru_send_event_entity] send event 614 to 1233 with ret(0)
04-14 15:20:37.343   296   638 I MAL-Daemon:  (             rds_ru_task,  445) [RDS-I][RU][rds_ru_task] RCV Event: 604 
04-14 15:20:37.343  2528  2659 I MFI-Conn:  (     mfia_task_bootstrap,  944) mfia_task_bootstrap(): an event 614 incoming
04-14 15:20:37.343   296   638 I MAL-Daemon:  (  rds_ru_wifi_status_ind, 1338) [RDS-I][RU][EVENT_RU_WS_WIFI_STATUS_IND] fgwifi_en:1(no use) i4wifirssi:0xffffffd5 i4wifisnr:0x270f
04-14 15:20:37.343   296   638 I MAL-Daemon:  (    ru_send_event_entity,  350) [RDS-I][RDS][RU][ru_send_event_entity] send event 615 to 1233 with ret(0)
04-14 15:20:37.343  2528  2659 I MFI-Conn:  (     mfia_task_bootstrap,  944) mfia_task_bootstrap(): an event 615 incoming
04-14 15:20:37.343   296   638 I MAL-Daemon:  (          rds_ru_rpl_gen, 4866) [RDS-I][RU][rds_ru_rpl_gen][RDS][OP0] TYPE : <0>, UI Policy : <3>, RDS Policy : <3>
04-14 15:20:37.343   296   638 I MAL-Daemon:  (      rds_cell_only_orng, 3608) [RDS-I][RU][RDS IMS/MMS][rds_cell_only_orng] 
04-14 15:20:37.343   296   638 I MAL-Daemon:  (          rds_ru_rpl_gen, 4877) [RDS-I][RU][rds_ru_rpl_gen][RDS][OP0] TYPE : <0>, RAN1 : <254> ,RAN2 : <254>
04-14 15:20:37.343   296   638 I MAL-Daemon:  (          rds_ru_rpl_gen, 4866) [RDS-I][RU][rds_ru_rpl_gen][RDS][OP0] TYPE : <1>, UI Policy : <3>, RDS Policy : <3>
04-14 15:20:37.343   296   638 I MAL-Daemon:  (      rds_cell_only_orng, 3608) [RDS-I][RU][RDS IMS/MMS][rds_cell_only_orng] 
04-14 15:20:37.343   296   638 I MAL-Daemon:  (          rds_ru_rpl_gen, 4877) [RDS-I][RU][rds_ru_rpl_gen][RDS][OP0] TYPE : <1>, RAN1 : <254> ,RAN2 : <254>
04-14 15:20:37.343   296   638 I MAL-Daemon:  (          rds_ru_rpl_gen, 4866) [RDS-I][RU][rds_ru_rpl_gen][RDS][OP0] TYPE : <2>, UI Policy : <3>, RDS Policy : <3>
04-14 15:20:37.343   296   638 I MAL-Daemon:  (      rds_cell_only_orng, 3608) [RDS-I][RU][RDS IMS/MMS][rds_cell_only_orng] 
04-14 15:20:37.343   296   638 I MAL-Daemon:  (          rds_ru_rpl_gen, 4877) [RDS-I][RU][rds_ru_rpl_gen][RDS][OP0] TYPE : <2>, RAN1 : <254> ,RAN2 : <254>
04-14 15:20:37.343   296   638 I MAL-Daemon:  (          rds_ru_rpl_gen, 4866) [RDS-I][RU][rds_ru_rpl_gen][RDS][OP0] TYPE : <3>, UI Policy : <3>, RDS Policy : <3>
04-14 15:20:37.343   296   638 I MAL-Daemon:  (          rds_ru_rpl_gen, 4877) [RDS-I][RU][rds_ru_rpl_gen][RDS][OP0] TYPE : <3>, RAN1 : <255> ,RAN2 : <255>
04-14 15:20:37.343   296   638 I MAL-Daemon:  (          rds_ru_rpl_gen, 4866) [RDS-I][RU][rds_ru_rpl_gen][RDS][OP0] TYPE : <4>, UI Policy : <3>, RDS Policy : <3>
04-14 15:20:37.343   296   638 I MAL-Daemon:  (          rds_ru_rpl_gen, 4877) [RDS-I][RU][rds_ru_rpl_gen][RDS][OP0] TYPE : <4>, RAN1 : <255> ,RAN2 : <255>
04-14 15:20:37.343   296   638 I MAL-Daemon:  (          rds_ru_rpl_gen, 4866) [RDS-I][RU][rds_ru_rpl_gen][RDS][OP0] TYPE : <5>, UI Policy : <3>, RDS Policy : <3>
04-14 15:20:37.343   296   638 I MAL-Daemon:  (          rds_ru_rpl_gen, 4877) [RDS-I][RU][rds_ru_rpl_gen][RDS][OP0] TYPE : <5>, RAN1 : <255> ,RAN2 : <255>
04-14 15:20:37.343   296   638 I MAL-Daemon:  (          rds_ru_rpl_gen, 4877) [RDS-I][RU][rds_ru_rpl_gen][RDS][OP0] TYPE : <6>, RAN1 : <254> ,RAN2 : <254>
04-14 15:20:37.343   296   638 I MAL-Daemon:  (    rds_op_check_feature,  304) [RDS-I][RDS][OP][rds_op_check_feature] operator id(0) check feature<0>, curr_opmsk is <1>, sys_opmsk is <0x0001, 1>
04-14 15:20:37.343   296   638 I MAL-Daemon:  (  rds_ru_ims_vops_update, 4666) [RDS-I][RU][rds_ru_ims_vops_update][RDS IMS]Policy type: 0 IMS VOPS IE is Disabled, update IMS RPL from Ori:(254, 254) New:(254,254)
04-14 15:20:37.344   296   638 I MAL-Daemon:  (  rds_ru_ims_vops_update, 4666) [RDS-I][RU][rds_ru_ims_vops_update][RDS IMS]Policy type: 1 IMS VOPS IE is Disabled, update IMS RPL from Ori:(254, 254) New:(254,254)
04-14 15:20:37.344   296   638 I MAL-Daemon:  (  rds_ru_ims_vops_update, 4666) [RDS-I][RU][rds_ru_ims_vops_update][RDS IMS]Policy type: 2 IMS VOPS IE is Disabled, update IMS RPL from Ori:(254, 254) New:(254,254)
04-14 15:20:37.344   296   638 I MAL-Daemon:  (          rds_ru_rpl_gen, 4901) [RDS-I][RU][rds_ru_rpl_gen][RDS] Current policy: fgimsolte_en<1>, fgwfc_en<0>, erdspolicy<3>, 
04-14 15:20:37.344   296   638 I MAL-Daemon:  (          rds_ru_rpl_gen, 4904) [RDS-I][RU][rds_ru_rpl_gen][RDS] Threshold i4wifirssih<-75>, i4wifirssil<-85>, i4wifirssih_ho<-78>, i4wifirssil_ho<-88>, i4wifisnrh<10>, i4wifisnrl<6>
04-14 15:20:37.344   296   638 I MAL-Daemon:  (          rds_ru_rpl_gen, 4907) [RDS-I][RU][rds_ru_rpl_gen][RDS] Threshold i4ltersrph<-106>, i4ltersrpm<-111>, i4ltersrpl<-116>, i4ltersrqh<5>, i4ltersrqm<3>, i4ltersrql<1>
04-14 15:20:37.344   296   638 I MAL-Daemon:  (          rds_ru_rpl_gen, 4910) [RDS-I][RU][rds_ru_rpl_gen][RDS] current rds ru status: i4wifirssi<-43>, i4wifisnr<9999>, i4ltersrp<-100>, i4ltersrq<40>, u4active_ran<1> 
04-14 15:20:37.344   296   638 I MAL-Daemon:  (          rds_ru_rpl_gen, 4913) [RDS-I][RU][rds_ru_rpl_gen][RDS] current wifi backhaul : rtp_plr<0>, rtp_jitter<0>, ping_ind<0>
04-14 15:20:37.344   296   638 I MAL-Daemon:  (          rds_ru_rpl_gen, 4916) [RDS-I][RU][rds_ru_rpl_gen][RDS] Call stat : IR92<0>, IR94<0> 
04-14 15:20:37.344   296   638 I MAL-Daemon:  (          rds_ru_rpl_gen, 4922) [RDS-I][RU][RDS IMS/MMS][rds_ru_rpl_gen] Ori:(254,254)/(255,255) New:(254,254)/(255,255)
04-14 15:20:37.344   296   638 I MAL-Daemon:  (          rds_ru_rpl_gen, 4927) [RDS-I][RU][RDS IMS/MMS WIFI][rds_ru_rpl_gen] Ori:(254,254)/(255,255) New:(254,254)/(255,255)
04-14 15:20:37.344   296   638 I MAL-Daemon:  (          rds_ru_rpl_gen, 4932) [RDS-I][RU][RDS IMS/MMS CELL][rds_ru_rpl_gen] Ori:(254,254)/(255,255) New:(254,254)/(255,255)
04-14 15:20:37.344   296   638 I MAL-Daemon:  (          rds_ru_rpl_gen, 4936) [RDS-I][RU][RDS EMG][rds_ru_rpl_gen] Ori:(254,254) New:(254,254)
04-14 15:20:37.344  2528  2695 I MFI-Conn:  (             rds_urc_hdl,  230) [RDS][rds_urc_hdl] RCV Event: 614 
04-14 15:20:37.344  2528  2695 I MFI-Conn:  (             rds_urc_hdl,  325) [RDS][IF][rds_urc_hdl] data_base update: pkterrt(0) 
04-14 15:20:37.344  2528  2695 I MFI-Conn:  (             rds_urc_hdl,  230) [RDS][rds_urc_hdl] RCV Event: 615 
04-14 15:20:37.344  2528  2695 I MFI-Conn:  (             rds_urc_hdl,  335) [RDS][IF][rds_urc_hdl] data_base update: i4wifirssi(-43) 
04-14 15:20:37.418   291  8275 I BufferQueueProducer: [StatusBar](this:0x7fa1ec3400,id:9,api:1,p:1333,c:291) queueBuffer: fps=0.67 dur=1489.14 max=1489.14 min=1489.14
04-14 15:20:37.439   291   291 I SurfaceFlinger: [Built-in Screen (type:0)] fps:0.667134,dur:1498.95,max:1498.95,min:1498.95
04-14 15:20:37.684  2443  2446 I PerfService: PerfServiceNative_getPackName
04-14 15:20:37.685   951  1638 I libPerfService: perfGetLastBoostPid 25787
04-14 15:20:37.685   951  1638 D PerfServiceManager: [PerfService] getLastBoostPid 25787 
04-14 15:20:37.685   951  1638 I libPerfService: perfGetLastBoostPid 25787
04-14 15:20:37.722   951  1027 I LcdStepRate: mHandler: on msg MSG_RESET_LCD_STEP_RATE
04-14 15:20:37.789   951  1639 W ActivityManager: getRunningAppProcesses: caller 10108 does not hold REAL_GET_TASKS; limiting output
04-14 15:20:37.993   951   951 E WifiTrafficPoller: TRAFFIC_STATS_POLL true Token 151 num clients 12
04-14 15:20:37.995   951   951 E WifiTrafficPoller:  packet count Tx=374584 Rx=563964
04-14 15:20:38.374   341   341 I thermal_repeater: oh, queryMdThermalInfo (0)No such file or directory
04-14 15:20:38.390   341   341 I thermal_repeater: [recvMdThermalInfo] ret=30, strLen=127,  2, 32767, -127, -1, 32767, 17
04-14 15:20:38.498   951   951 D SettingsInterface:  from settings cache , name = sys_free_storage_log_interval , value = null
04-14 15:20:38.500   951   951 D SettingsInterface:  from settings cache , name = disk_free_change_reporting_threshold , value = null
04-14 15:20:38.523   951  1027 I LcdStepRate: mHandler: on msg MSG_RESET_LCD_STEP_RATE
04-14 15:20:38.613   951  2004 W ActivityManager: getRunningAppProcesses: caller 10118 does not hold REAL_GET_TASKS; limiting output
04-14 15:20:38.686  2443  2446 I PerfService: PerfServiceNative_getPackName
04-14 15:20:38.687   951   961 I libPerfService: perfGetLastBoostPid 25787
04-14 15:20:38.687   951   961 D PerfServiceManager: [PerfService] getLastBoostPid 25787 
04-14 15:20:38.687   951   961 I libPerfService: perfGetLastBoostPid 25787
04-14 15:20:38.714   951  1275 D WifiStateMachine:  get link layer stats 0
04-14 15:20:38.715   951  1275 D WifiHW  : enter -->wifi_send_command cmd=IFNAME=wlan0 SIGNAL_POLL
04-14 15:20:38.716  1361  1361 D wpa_supplicant: wlan0: Control interface command 'SIGNAL_POLL'
04-14 15:20:38.720   951  1275 D WifiHW  : leave --> reply=RSSI=-43
04-14 15:20:38.720   951  1275 D WifiHW  : LINKSPEED=433
04-14 15:20:38.720   951  1275 D WifiHW  : NOISE=9999
04-14 15:20:38.720   951  1275 D WifiHW  : FREQUENCY=5180
04-14 15:20:38.720   951  1275 D WifiHW  : 
04-14 15:20:38.721   951  1275 I WifiStateMachine: fetchRssiLinkSpeedAndFrequencyNative, newRssi:-43, newLinkSpeed:433, SSID:"FreeWifi"
04-14 15:20:38.721   951  1275 D WifiStateMachine: mLastSignalLevel:4, newSignalLevel:4
04-14 15:20:38.722   951  1275 E WifiConfigStore: updateConfiguration freq=5180 BSSID=98:da:c4:72:45:8d RSSI=-43 "FreeWifi"WPA_PSK
04-14 15:20:38.928   291  1235 I BufferQueueProducer: [StatusBar](this:0x7fa1ec3400,id:9,api:1,p:1333,c:291) queueBuffer: fps=0.66 dur=1510.19 max=1510.19 min=1510.19
04-14 15:20:38.940   291   291 I SurfaceFlinger: [Built-in Screen (type:0)] fps:0.666543,dur:1500.28,max:1500.28,min:1500.28
04-14 15:20:38.995   951   951 E WifiTrafficPoller: TRAFFIC_STATS_POLL true Token 151 num clients 12
04-14 15:20:38.996   951   951 E WifiTrafficPoller:  packet count Tx=374584 Rx=563964
04-14 15:20:39.238   327   327 D wifi2agps: scan result, found 14 APs
04-14 15:20:39.238   327   327 D agps    : [WIFI2AGPS] wifi2agps_scanned
04-14 15:20:39.239  1361  1361 D wpa_supplicant: RTM_NEWLINK: ifi_index=15 ifname=wlan0 wext ifi_family=0 ifi_flags=0x11043 ([UP][RUNNING][LOWER_UP])
04-14 15:20:39.240  1361  1361 D wpa_supplicant: nl80211: Event message available
04-14 15:20:39.240  1361  1361 D wpa_supplicant: nl80211: Ignored event (cmd=34) for foreign interface (ifindex 15 wdev 0x0)
04-14 15:20:39.240  1361  1361 D wpa_supplicant: nl80211: Drv Event 34 (NL80211_CMD_NEW_SCAN_RESULTS) received for wlan0
04-14 15:20:39.240  1361  1361 D wpa_supplicant: wlan0: nl80211: New scan results available
04-14 15:20:39.240  1361  1361 D wpa_supplicant: nl80211: Scan probed for SSID ''
04-14 15:20:39.240  1361  1361 D wpa_supplicant: nl80211: Scan included frequencies: 2412 2417 2422 2427 2432 2437 2442 2447 2452 2457 2462 2467 2472 5180 5200 5220 5240 5260 5280 5300 5320 5745 5765 5785 5805 5825
04-14 15:20:39.241  1361  1361 D wpa_supplicant: wlan0: Event SCAN_RESULTS (3) received
04-14 15:20:39.241  1361  1361 D wpa_supplicant: wlan0: Scan completed in 2.163683 seconds
04-14 15:20:39.241  1361  1361 D wpa_supplicant: nl80211: Associated on 5180 MHz
04-14 15:20:39.241  1361  1361 D wpa_supplicant: nl80211: Associated with 98:da:c4:72:45:8d
04-14 15:20:39.242  1361  1361 D wpa_supplicant: nl80211: Received scan results (14 BSSes)
04-14 15:20:39.242   309   943 I Netd    : Get netlink event, ifname: wlan0 action: 4
04-14 15:20:39.243   309   943 D SocketClient: SocketClient sendData done: 600 Iface linkstate wlan0 up
04-14 15:20:39.243   951  1359 D WifiHAL : event received NL80211_CMD_NEW_SCAN_RESULTS
04-14 15:20:39.246   951  1271 D NetdConnector: RCV <- {600 Iface linkstate wlan0 up}
04-14 15:20:39.248   951   969 D NetworkManagement: onEvent:600 Iface linkstate wlan0 up:5
04-14 15:20:39.253   951   969 D Tethering: interfaceLinkStateChanged wlan0, true
04-14 15:20:39.253   951   969 D Tethering: interfaceStatusChanged wlan0, true
04-14 15:20:39.255  1361  1361 D wpa_supplicant: nl80211: Scan results indicate BSS status with 98:da:c4:72:45:8d as associated
04-14 15:20:39.255  1361  1361 D wpa_supplicant: wlan0: BSS: Start scan result update 492
04-14 15:20:39.255  1361  1361 D wpa_supplicant: wlan0: BSS: Add new id 2799 BSSID 98:da:c4:72:45:8b SSID 'Free_4G'
04-14 15:20:39.256   951  1486 D WifiHW  : [1] get event: IFNAME=wlan0 <3>CTRL-EVENT-BSS-ADDED 2799 98:da:c4:72:45:8b
04-14 15:20:39.256   951  1486 D WifiHW  : [2] get event: IFNAME=wlan0 CTRL-EVENT-BSS-ADDED 2799 98:da:c4:72:45:8b
04-14 15:20:39.256   951  1486 D WifiHW  : enter -->wifi_wait_on_socket buflen=2048
04-14 15:20:39.263  1361  1361 D wpa_supplicant: CTRL_IFACE monitor sent successfully to /data/misc/wifi/sockets/wpa_ctrl_951-3\x00
04-14 15:20:39.263  1361  1361 D wpa_supplicant: wlan0: BSS: Add new id 2800 BSSID b8:c1:ac:94:cc:5d SSID 'Miraya'
04-14 15:20:39.263   951  1486 D WifiHW  : [1] get event: IFNAME=wlan0 <3>CTRL-EVENT-BSS-ADDED 2800 b8:c1:ac:94:cc:5d
04-14 15:20:39.263   951  1486 D WifiHW  : [2] get event: IFNAME=wlan0 CTRL-EVENT-BSS-ADDED 2800 b8:c1:ac:94:cc:5d
04-14 15:20:39.263   951  1486 D WifiHW  : enter -->wifi_wait_on_socket buflen=2048
04-14 15:20:39.264  1361  1361 D wpa_supplicant: CTRL_IFACE monitor sent successfully to /data/misc/wifi/sockets/wpa_ctrl_951-3\x00
04-14 15:20:39.264  1361  1361 D wpa_supplicant: wlan0: BSS: Add new id 2801 BSSID b8:c1:a2:0c:32:cc SSID 'parvathi'
04-14 15:20:39.265   951  1486 D WifiHW  : [1] get event: IFNAME=wlan0 <3>CTRL-EVENT-BSS-ADDED 2801 b8:c1:a2:0c:32:cc
04-14 15:20:39.265   951  1486 D WifiHW  : [2] get event: IFNAME=wlan0 CTRL-EVENT-BSS-ADDED 2801 b8:c1:a2:0c:32:cc
04-14 15:20:39.265   951  1486 D WifiHW  : enter -->wifi_wait_on_socket buflen=2048
04-14 15:20:39.266  1361  1361 D wpa_supplicant: CTRL_IFACE monitor sent successfully to /data/misc/wifi/sockets/wpa_ctrl_951-3\x00
04-14 15:20:39.266  1361  1361 D wpa_supplicant: wlan0: BSS: Add new id 2802 BSSID 0c:d2:b5:75:2c:14 SSID 'Anshuman'
04-14 15:20:39.266   951  1486 D WifiHW  : [1] get event: IFNAME=wlan0 <3>CTRL-EVENT-BSS-ADDED 2802 0c:d2:b5:75:2c:14
04-14 15:20:39.266   951  1486 D WifiHW  : [2] get event: IFNAME=wlan0 CTRL-EVENT-BSS-ADDED 2802 0c:d2:b5:75:2c:14
04-14 15:20:39.266   951  1486 D WifiHW  : enter -->wifi_wait_on_socket buflen=2048
04-14 15:20:39.267  1361  1361 D wpa_supplicant: CTRL_IFACE monitor sent successfully to /data/misc/wifi/sockets/wpa_ctrl_951-3\x00
04-14 15:20:39.267  1361  1361 D wpa_supplicant: wlan0: BSS: Add new id 2803 BSSID b8:c1:a2:61:0a:a4 SSID 'VARMA'
04-14 15:20:39.267   951  1486 D WifiHW  : [1] get event: IFNAME=wlan0 <3>CTRL-EVENT-BSS-ADDED 2803 b8:c1:a2:61:0a:a4
04-14 15:20:39.267   951  1486 D WifiHW  : [2] get event: IFNAME=wlan0 CTRL-EVENT-BSS-ADDED 2803 b8:c1:a2:61:0a:a4
04-14 15:20:39.267   951  1486 D WifiHW  : enter -->wifi_wait_on_socket buflen=2048
04-14 15:20:39.268  1361  1361 D wpa_supplicant: CTRL_IFACE monitor sent successfully to /data/misc/wifi/sockets/wpa_ctrl_951-3\x00
04-14 15:20:39.268  1361  1361 D wpa_supplicant: wlan0: BSS: Add new id 2804 BSSID ce:2f:71:46:c3:87 SSID 'DIRECT-5UDESKTOP-FE59FFImsUw'
04-14 15:20:39.268   951  1486 D WifiHW  : [1] get event: IFNAME=wlan0 <3>CTRL-EVENT-BSS-ADDED 2804 ce:2f:71:46:c3:87
04-14 15:20:39.268   951  1486 D WifiHW  : [2] get event: IFNAME=wlan0 CTRL-EVENT-BSS-ADDED 2804 ce:2f:71:46:c3:87
04-14 15:20:39.268   951  1486 D WifiHW  : enter -->wifi_wait_on_socket buflen=2048
04-14 15:20:39.268  1361  1361 D wpa_supplicant: CTRL_IFACE monitor sent successfully to /data/misc/wifi/sockets/wpa_ctrl_951-3\x00
04-14 15:20:39.268  1361  1361 D wpa_supplicant: wlan0: BSS: Add new id 2805 BSSID 0c:d2:b5:92:81:d3 SSID 'RKGR'
04-14 15:20:39.268   951  1486 D WifiHW  : [1] get event: IFNAME=wlan0 <3>CTRL-EVENT-BSS-ADDED 2805 0c:d2:b5:92:81:d3
04-14 15:20:39.268   951  1486 D WifiHW  : [2] get event: IFNAME=wlan0 CTRL-EVENT-BSS-ADDED 2805 0c:d2:b5:92:81:d3
04-14 15:20:39.268   951  1486 D WifiHW  : enter -->wifi_wait_on_socket buflen=2048
04-14 15:20:39.269  1361  1361 D wpa_supplicant: CTRL_IFACE monitor sent successfully to /data/misc/wifi/sockets/wpa_ctrl_951-3\x00
04-14 15:20:39.269  1361  1361 D wpa_supplicant: wlan0: BSS: Add new id 2806 BSSID ee:0e:c4:66:d3:30 SSID 'DIRECT-he-BRAVIA'
04-14 15:20:39.269   951  1486 D WifiHW  : [1] get event: IFNAME=wlan0 <3>CTRL-EVENT-BSS-ADDED 2806 ee:0e:c4:66:d3:30
04-14 15:20:39.269   951  1486 D WifiHW  : [2] get event: IFNAME=wlan0 CTRL-EVENT-BSS-ADDED 2806 ee:0e:c4:66:d3:30
04-14 15:20:39.269   951  1486 D WifiHW  : enter -->wifi_wait_on_socket buflen=2048
04-14 15:20:39.270  1361  1361 D wpa_supplicant: CTRL_IFACE monitor sent successfully to /data/misc/wifi/sockets/wpa_ctrl_951-3\x00
04-14 15:20:39.270  1361  1361 D wpa_supplicant: wlan0: BSS: Add new id 2807 BSSID 20:aa:4b:b0:60:b8 SSID '~#VirusNet$'
04-14 15:20:39.270   951  1486 D WifiHW  : [1] get event: IFNAME=wlan0 <3>CTRL-EVENT-BSS-ADDED 2807 20:aa:4b:b0:60:b8
04-14 15:20:39.270   951  1486 D WifiHW  : [2] get event: IFNAME=wlan0 CTRL-EVENT-BSS-ADDED 2807 20:aa:4b:b0:60:b8
04-14 15:20:39.270   951  1486 D WifiHW  : enter -->wifi_wait_on_socket buflen=2048
04-14 15:20:39.271  1361  1361 D wpa_supplicant: CTRL_IFACE monitor sent successfully to /data/misc/wifi/sockets/wpa_ctrl_951-3\x00
04-14 15:20:39.271  1361  1361 D wpa_supplicant: wlan0: BSS: Add new id 2808 BSSID 74:da:da:b1:46:02 SSID 'Tripathi209'
04-14 15:20:39.271   951  1486 D WifiHW  : [1] get event: IFNAME=wlan0 <3>CTRL-EVENT-BSS-ADDED 2808 74:da:da:b1:46:02
04-14 15:20:39.271   951  1486 D WifiHW  : [2] get event: IFNAME=wlan0 CTRL-EVENT-BSS-ADDED 2808 74:da:da:b1:46:02
04-14 15:20:39.271   951  1486 D WifiHW  : enter -->wifi_wait_on_socket buflen=2048
04-14 15:20:39.272  1361  1361 D wpa_supplicant: CTRL_IFACE monitor sent successfully to /data/misc/wifi/sockets/wpa_ctrl_951-3\x00
04-14 15:20:39.272  1361  1361 D wpa_supplicant: wlan0: BSS: Add new id 2809 BSSID 42:b8:9a:22:52:0b SSID 'DIRECT-VY-BRAVIA'
04-14 15:20:39.272   951  1486 D WifiHW  : [1] get event: IFNAME=wlan0 <3>CTRL-EVENT-BSS-ADDED 2809 42:b8:9a:22:52:0b
04-14 15:20:39.272   951  1486 D WifiHW  : [2] get event: IFNAME=wlan0 CTRL-EVENT-BSS-ADDED 2809 42:b8:9a:22:52:0b
04-14 15:20:39.272   951  1486 D WifiHW  : enter -->wifi_wait_on_socket buflen=2048
04-14 15:20:39.273  1361  1361 D wpa_supplicant: CTRL_IFACE monitor sent successfully to /data/misc/wifi/sockets/wpa_ctrl_951-3\x00
04-14 15:20:39.273  1361  1361 D wpa_supplicant: wlan0: BSS: Add new id 2810 BSSID b8:c1:a2:0c:32:cd SSID 'MGMNT'
04-14 15:20:39.273   951  1486 D WifiHW  : [1] get event: IFNAME=wlan0 <3>CTRL-EVENT-BSS-ADDED 2810 b8:c1:a2:0c:32:cd
04-14 15:20:39.273   951  1486 D WifiHW  : [2] get event: IFNAME=wlan0 CTRL-EVENT-BSS-ADDED 2810 b8:c1:a2:0c:32:cd
04-14 15:20:39.273   951  1486 D WifiHW  : enter -->wifi_wait_on_socket buflen=2048
04-14 15:20:39.273  1361  1361 D wpa_supplicant: CTRL_IFACE monitor sent successfully to /data/misc/wifi/sockets/wpa_ctrl_951-3\x00
04-14 15:20:39.273  1361  1361 D wpa_supplicant: wlan0: BSS: Add new id 2811 BSSID 94:e0:d6:e7:0d:fc SSID 'MEYE_1964594'
04-14 15:20:39.273   951  1486 D WifiHW  : [1] get event: IFNAME=wlan0 <3>CTRL-EVENT-BSS-ADDED 2811 94:e0:d6:e7:0d:fc
04-14 15:20:39.273   951  1486 D WifiHW  : [2] get event: IFNAME=wlan0 CTRL-EVENT-BSS-ADDED 2811 94:e0:d6:e7:0d:fc
04-14 15:20:39.274   951  1486 D WifiHW  : enter -->wifi_wait_on_socket buflen=2048
04-14 15:20:39.274  1361  1361 D wpa_supplicant: CTRL_IFACE monitor sent successfully to /data/misc/wifi/sockets/wpa_ctrl_951-3\x00
04-14 15:20:39.274  1361  1361 D wpa_supplicant: BSS: last_scan_res_used=14/64
04-14 15:20:39.274  1361  1361 D wpa_supplicant: wlan0: Scan-only results received
04-14 15:20:39.274   951  1486 D WifiHW  : [1] get event: IFNAME=wlan0 <3>CTRL-EVENT-SCAN-RESULTS 
04-14 15:20:39.274   951  1486 D WifiHW  : [2] get event: IFNAME=wlan0 CTRL-EVENT-SCAN-RESULTS 
04-14 15:20:39.274   951  1486 D WifiMonitor: Event [IFNAME=wlan0 CTRL-EVENT-SCAN-RESULTS ]
04-14 15:20:39.276   951  1275 D WifiHW  : enter -->wifi_send_command cmd=IFNAME=wlan0 BSS RANGE=0- MASK=0x29d87
04-14 15:20:39.276   951  1486 D WifiHW  : enter -->wifi_wait_on_socket buflen=2048
04-14 15:20:39.277  1361  1361 D wpa_supplicant: CTRL_IFACE monitor sent successfully to /data/misc/wifi/sockets/wpa_ctrl_951-3\x00
04-14 15:20:39.277  1361  1361 D wpa_supplicant: wlan0: Radio work 'scan'@0x7fa9d9d280 done in 2.200928 seconds
04-14 15:20:39.277  1361  1361 D wpa_supplicant: wlan0: Control interface command 'BSS RANGE=0- MASK=0x29d87'
