--------- beginning of main
04-14 15:20:21.833   951   951 E WifiTrafficPoller: TRAFFIC_STATS_POLL true Token 151 num clients 12
04-14 15:20:21.833   951   951 E WifiTrafficPoller:  packet count Tx=374580 Rx=563959
04-14 15:20:21.956   296   658 D MAL-Daemon:  (void* rilproxy_urc_threa,  964) URC = (+ECSQ: 21,26,1,-398,-46,1,1,2,32767
04-14 15:20:21.956   296   658 D MAL-Daemon: )
04-14 15:20:21.956   296   658 W MAL-Daemon:  (    mdfx_task_send_event,  636) mdfx_task_send_event(): [ACT] should NOT enter this leagcy API!!
04-14 15:20:21.957   296   658 W MAL-Daemon:  (    mdfx_task_send_event,  636) mdfx_task_send_event(): [ACT] should NOT enter this leagcy API!!
04-14 15:20:21.958   296   638 I MAL-Daemon:  (             rds_ru_task,  445) [RDS-I][RU][rds_ru_task] RCV Event: 104 
04-14 15:20:21.958   296   638 I MAL-Daemon:  (         rds_ru_urc_hdlr, 1733) [RDS-I][RDS][rds_ru_urc_hdlr] get URC: +ECSQ: 21,26,1,-398,-46,1,1,2,32767
04-14 15:20:21.958   296   638 I MAL-Daemon: 
04-14 15:20:21.958   296   638 I MAL-Daemon:  (     ru_parse_3gppsigval, 1458) [RDS-I][RDS][ru_parse_3gppsigval] 3gppsigval #args act<2>
04-14 15:20:21.958   296   602 D MAL-Daemon:  (          atmngr_urc_hdl,  206) atmngr_urc_hdl(): [AT_URC] "
04-14 15:20:21.958   296   602 D MAL-Daemon: +ECSQ: 21,26,1,-398,-46,1,1,2,32767
04-14 15:20:21.958   296   602 D MAL-Daemon: "!!
04-14 15:20:22.336   951  1980 D BatteryService: mBatteryVoltage=4230, batteryLevel=50
--------- beginning of system
04-14 15:20:22.337   951   951 V ActivityManager: Broadcast sticky: Intent { act=android.intent.action.BATTERY_CHANGED flg=0x60000010 (has extras) } ordered=false userid=-1 callerApp=null
04-14 15:20:22.343   951  1027 D PowerManagerService: updateIsPoweredLocked: wasPowered=true, mIsPowered=true, oldPlugType=2, mPlugType=2, mBatteryLevel=93
04-14 15:20:22.344   296 21667 I MAL-Daemon:  (        ru_syssig_hndler,  418) [RDS-I][ru_syssig_hndler] Send Event: 688 
04-14 15:20:22.344   296 21667 I MAL-Daemon:  (        ru_syssig_hndler,  419) [RDS-I][RDS][RU][ru_syssig_hndler] ru_check_ctx_ptr<0xf5ff3c9c, 0xf5ff3c9c>
04-14 15:20:22.344   296 21667 W MAL-Daemon:  (    mdfx_task_send_event,  636) mdfx_task_send_event(): [ACT] should NOT enter this leagcy API!!
04-14 15:20:22.344   296 21667 I MAL-Daemon:  (    ru_send_event_entity,  350) [RDS-I][RDS][RU][ru_send_event_entity] send event 688 to 602 with ret(0)
04-14 15:20:22.345   296   638 I MAL-Daemon:  (             rds_ru_task,  445) [RDS-I][RU][rds_ru_task] RCV Event: 688 
04-14 15:20:22.345  1361  1361 D wpa_supplicant: wlan0: Control interface command 'SIGNAL_POLL'
04-14 15:20:22.349   951   951 D WifiService: onReceive, action:android.intent.action.BATTERY_CHANGED
04-14 15:20:22.356  1333  1333 I lenovokeyguard.log: (1333.0/main/1.5)[LenovoAdapterMtk]{mBroadcastReceiver.onReceive}<Context com.android.systemui.SystemUIApplication@4b9b16b><Intent #Intent;action=android.intent.action.BATTERY_CHANGED;launchFlags=0x60000010;S.technology=Li-ion;i.level_2nd=50;i.icon-small=17303126;B.present_2nd=false;i.health=2;i.status=2;i.plugged=2;B.present=true;i.level=93;i.scale=100;i.status_2nd=1;i.temperature=350;i.voltage=4230;i.invalid_charger=0;end>
04-14 15:20:22.357  1333  1333 I lenovokeyguard.log: (1333.0/main/1.5)[LenovoAdapterMtk]{Intent.ACTION_BATTERY_CHANGED level:93 quickCharge:false}<chenfy2>
04-14 15:20:22.357  1333  1333 D ActivityThread: BDC-Calling onReceive end receiver=class com.lenovo.keyguard.adapter.LenovoAdapterMtk$1
04-14 15:20:22.357  1333  1333 I PowerUI : mBatteryStatus=2,plugged=true,isShowNoti=false
04-14 15:20:22.357  1333  1333 I PowerUI : oldHealth:2,health:2
04-14 15:20:22.357  1333  1333 I PowerUI : battery temperature = 350 cnt = 0
04-14 15:20:22.359  1573  1573 D ActivityThread: BDC-Calling onReceive end receiver=class com.mediatek.internal.telephony.dataconnection.FdManager$1
04-14 15:20:22.360  1573  1573 D ActivityThread: BDC-Calling onReceive end receiver=class com.mediatek.internal.telephony.dataconnection.FdManager$1
04-14 15:20:22.365  1333  1333 D ActivityThread: BDC-Calling onReceive end receiver=class com.android.systemui.power.PowerUI$Receiver
04-14 15:20:22.365  1333  1333 I BatteryController: battery_quick_charge = false
04-14 15:20:22.365  1333  1333 D ActivityThread: BDC-Calling onReceive end receiver=class com.android.systemui.statusbar.policy.BatteryController
04-14 15:20:22.365  1333  1333 D ActivityThread: BDC-Calling onReceive end receiver=class com.android.systemui.BatteryMeterView$BatteryTracker
04-14 15:20:22.365  1333  1333 D ActivityThread: BDC-Calling onReceive end receiver=class com.android.systemui.BatteryMeterView$BatteryTracker
04-14 15:20:22.365  1333  1333 D ActivityThread: BDC-Calling onReceive end receiver=class com.android.systemui.BatteryMeterView$BatteryTracker
04-14 15:20:22.365  1333  1333 D BatteryInfoReceiver: onReceive action:android.intent.action.BATTERY_CHANGED
04-14 15:20:22.366   296   638 D MAL-Daemon:  (     ru_wsl_poll_wpainfo,  639) [RDS-D][RDS][RU][ru_wsl_poll_wpainfo]socket recv pktlen(49) 
04-14 15:20:22.366   296   638 D MAL-Daemon:  (rds_ru_ws_rssi_timer_exp,  752) [RDS-D][RU][rds_ru_ws_rssi_timer_expire_hdlr][RDS] get rssi = -43, snr = 9999 
04-14 15:20:22.367   296   638 I MAL-Daemon:  (          ru_get_netstat, 5285) [RDS-I][RU][ru_get_netstat] netstat <thrghpt, pkterrt>, wifi <103, 0%>, mobile <0, 0%>
04-14 15:20:22.367   296   638 I MAL-Daemon:  (    ru_send_event_entity,  350) [RDS-I][RDS][RU][ru_send_event_entity] send event 614 to 1233 with ret(0)
04-14 15:20:22.367  2528  2659 I MFI-Conn:  (     mfia_task_bootstrap,  944) mfia_task_bootstrap(): an event 614 incoming
04-14 15:20:22.367  2528  2695 I MFI-Conn:  (             rds_urc_hdl,  230) [RDS][rds_urc_hdl] RCV Event: 614 
04-14 15:20:22.367  2528  2695 I MFI-Conn:  (             rds_urc_hdl,  325) [RDS][IF][rds_urc_hdl] data_base update: pkterrt(0) 
04-14 15:20:22.370 14030 14030 D ActivityThread: BDC-Calling onReceive end receiver=class com.lenovo.lps.reaper.sdk.receiver.BatteryInfoReceiver
04-14 15:20:22.366  1333  1333 I BatteryInfoReceiver: BATTERY_STATUS_CHARGING
04-14 15:20:22.371  1333  1333 D ActivityThread: BDC-Calling onReceive end receiver=class com.android.systemui.usb.BatteryInfoService$BatteryInfoReceiver
04-14 15:20:22.375  9196  9196 D ActivityThread: BDC-Calling onReceive end receiver=class amxh
04-14 15:20:22.376 23824 23824 D ActivityThread: BDC-Calling onReceive end receiver=class android.mtp.MtpDatabase$1
04-14 15:20:22.390   291   487 I BufferQueueProducer: [StatusBar](this:0x7fa1ec3400,id:9,api:1,p:1333,c:291) queueBuffer: fps=1.36 dur=1474.16 max=936.19 min=537.97
04-14 15:20:22.405   291   291 I SurfaceFlinger: [Built-in Screen (type:0)] fps:1.353994,dur:1477.11,max:945.13,min:531.99
04-14 15:20:22.500   951  1027 I LcdStepRate: mHandler: on msg MSG_RESET_LCD_STEP_RATE
04-14 15:20:22.526  1832 24086 I System.out: [CDS][DNS] getAllByNameImpl netId = 0
04-14 15:20:22.527  1832 24086 D libc-netbsd: [getaddrinfo]: hostname=224.0.0.251; servname=(null); netid=0; mark=0
04-14 15:20:22.527  1832 24086 D libc-netbsd: [getaddrinfo]: ai_addrlen=0; ai_canonname=(null); ai_flags=4; ai_family=0
04-14 15:20:22.609  2443  2446 I PerfService: PerfServiceNative_getPackName
04-14 15:20:22.611   951  1532 I libPerfService: perfGetLastBoostPid 25787
04-14 15:20:22.611   951  1532 D PerfServiceManager: [PerfService] getLastBoostPid 25787 
04-14 15:20:22.611   951  1532 I libPerfService: perfGetLastBoostPid 25787
04-14 15:20:22.780   951   961 W ActivityManager: getRunningAppProcesses: caller 10108 does not hold REAL_GET_TASKS; limiting output
04-14 15:20:22.835   951   951 E WifiTrafficPoller: TRAFFIC_STATS_POLL true Token 151 num clients 12
04-14 15:20:22.836   951   951 E WifiTrafficPoller:  packet count Tx=374582 Rx=563960
04-14 15:20:23.301   951  1027 I LcdStepRate: mHandler: on msg MSG_RESET_LCD_STEP_RATE
04-14 15:20:23.347   341   341 I thermal_repeater: select timeout
04-14 15:20:23.534  1832 24086 I System.out: [CDS][DNS] getAllByNameImpl netId = 0
04-14 15:20:23.534  1832 24086 D libc-netbsd: [getaddrinfo]: hostname=224.0.0.251; servname=(null); netid=0; mark=0
04-14 15:20:23.534  1832 24086 D libc-netbsd: [getaddrinfo]: ai_addrlen=0; ai_canonname=(null); ai_flags=4; ai_family=0
04-14 15:20:23.578   951  1275 D WifiStateMachine:  get link layer stats 0
04-14 15:20:23.579   951  1275 D WifiHW  : enter -->wifi_send_command cmd=IFNAME=wlan0 SIGNAL_POLL
04-14 15:20:23.580  1361  1361 D wpa_supplicant: wlan0: Control interface command 'SIGNAL_POLL'
04-14 15:20:23.585   951  1275 D WifiHW  : leave --> reply=RSSI=-43
04-14 15:20:23.585   951  1275 D WifiHW  : LINKSPEED=433
04-14 15:20:23.585   951  1275 D WifiHW  : NOISE=9999
04-14 15:20:23.585   951  1275 D WifiHW  : FREQUENCY=5180
04-14 15:20:23.585   951  1275 D WifiHW  : 
04-14 15:20:23.586   951  1275 I WifiStateMachine: fetchRssiLinkSpeedAndFrequencyNative, newRssi:-43, newLinkSpeed:433, SSID:"FreeWifi"
04-14 15:20:23.586   951  1275 D WifiStateMachine: mLastSignalLevel:4, newSignalLevel:4
04-14 15:20:23.586   951  1275 E WifiConfigStore: updateConfiguration freq=5180 BSSID=98:da:c4:72:45:8d RSSI=-42 "FreeWifi"WPA_PSK
04-14 15:20:23.605   951  1983 W ActivityManager: getRunningAppProcesses: caller 10118 does not hold REAL_GET_TASKS; limiting output
04-14 15:20:23.614  2443  2446 I PerfService: PerfServiceNative_getPackName
04-14 15:20:23.614   951  2007 I libPerfService: perfGetLastBoostPid 25787
04-14 15:20:23.615   951  2007 D PerfServiceManager: [PerfService] getLastBoostPid 25787 
04-14 15:20:23.615   951  2007 I libPerfService: perfGetLastBoostPid 25787
04-14 15:20:23.837   951   951 E WifiTrafficPoller: TRAFFIC_STATS_POLL true Token 151 num clients 12
04-14 15:20:23.839   951   951 E WifiTrafficPoller:  packet count Tx=374584 Rx=563961
04-14 15:20:23.916   291  8275 I BufferQueueProducer: [StatusBar](this:0x7fa1ec3400,id:9,api:1,p:1333,c:291) queueBuffer: fps=1.31 dur=1525.97 max=1508.12 min=17.85
04-14 15:20:23.927   291   291 I SurfaceFlinger: [Built-in Screen (type:0)] fps:1.314184,dur:1521.86,max:1506.65,min:15.20
04-14 15:20:24.102   951  1027 I LcdStepRate: mHandler: on msg MSG_RESET_LCD_STEP_RATE
04-14 15:20:24.618  2443  2446 I PerfService: PerfServiceNative_getPackName
04-14 15:20:24.619   951   962 I libPerfService: perfGetLastBoostPid 25787
04-14 15:20:24.619   951   962 D PerfServiceManager: [PerfService] getLastBoostPid 25787 
04-14 15:20:24.619   951   962 I libPerfService: perfGetLastBoostPid 25787
04-14 15:20:24.840   951   951 E WifiTrafficPoller: TRAFFIC_STATS_POLL true Token 151 num clients 12
04-14 15:20:24.842   951   951 E WifiTrafficPoller:  packet count Tx=374584 Rx=563961
04-14 15:20:24.902   951  1027 I LcdStepRate: mHandler: on msg MSG_RESET_LCD_STEP_RATE
04-14 15:20:25.340   296 21667 I MAL-Daemon:  (        ru_syssig_hndler,  418) [RDS-I][ru_syssig_hndler] Send Event: 688 
04-14 15:20:25.341   296 21667 I MAL-Daemon:  (        ru_syssig_hndler,  419) [RDS-I][RDS][RU][ru_syssig_hndler] ru_check_ctx_ptr<0xf5ff3c9c, 0xf5ff3c9c>
04-14 15:20:25.341   296 21667 W MAL-Daemon:  (    mdfx_task_send_event,  636) mdfx_task_send_event(): [ACT] should NOT enter this leagcy API!!
04-14 15:20:25.341   296 21667 I MAL-Daemon:  (    ru_send_event_entity,  350) [RDS-I][RDS][RU][ru_send_event_entity] send event 688 to 602 with ret(0)
04-14 15:20:25.342   296   638 I MAL-Daemon:  (             rds_ru_task,  445) [RDS-I][RU][rds_ru_task] RCV Event: 688 
04-14 15:20:25.342  1361  1361 D wpa_supplicant: wlan0: Control interface command 'SIGNAL_POLL'
04-14 15:20:25.366   296   638 D MAL-Daemon:  (     ru_wsl_poll_wpainfo,  639) [RDS-D][RDS][RU][ru_wsl_poll_wpainfo]socket recv pktlen(49) 
04-14 15:20:25.366   296   638 D MAL-Daemon:  (rds_ru_ws_rssi_timer_exp,  752) [RDS-D][RU][rds_ru_ws_rssi_timer_expire_hdlr][RDS] get rssi = -43, snr = 9999 
04-14 15:20:25.368   296   638 I MAL-Daemon:  (          ru_get_netstat, 5285) [RDS-I][RU][ru_get_netstat] netstat <thrghpt, pkterrt>, wifi <206, 0%>, mobile <0, 0%>
04-14 15:20:25.368  2528  2659 I MFI-Conn:  (     mfia_task_bootstrap,  944) mfia_task_bootstrap(): an event 614 incoming
04-14 15:20:25.369  2528  2695 I MFI-Conn:  (             rds_urc_hdl,  230) [RDS][rds_urc_hdl] RCV Event: 614 
04-14 15:20:25.369  2528  2695 I MFI-Conn:  (             rds_urc_hdl,  325) [RDS][IF][rds_urc_hdl] data_base update: pkterrt(0) 
04-14 15:20:25.373   296   638 I MAL-Daemon:  (    ru_send_event_entity,  350) [RDS-I][RDS][RU][ru_send_event_entity] send event 614 to 1233 with ret(0)
04-14 15:20:25.415   291   487 I BufferQueueProducer: [StatusBar](this:0x7fa1ec3400,id:9,api:1,p:1333,c:291) queueBuffer: fps=1.33 dur=1498.85 max=947.43 min=551.42
04-14 15:20:25.421   291   291 I SurfaceFlinger: [Built-in Screen (type:0)] fps:1.338172,dur:1494.58,max:945.38,min:549.20
04-14 15:20:25.624  2443  2446 I PerfService: PerfServiceNative_getPackName
04-14 15:20:25.625   951  1639 I libPerfService: perfGetLastBoostPid 25787
04-14 15:20:25.625   951  1639 D PerfServiceManager: [PerfService] getLastBoostPid 25787 
04-14 15:20:25.625   951  1639 I libPerfService: perfGetLastBoostPid 25787
04-14 15:20:25.704   951  1027 I LcdStepRate: mHandler: on msg MSG_RESET_LCD_STEP_RATE
04-14 15:20:25.866   951   951 E WifiTrafficPoller: TRAFFIC_STATS_POLL true Token 151 num clients 12
04-14 15:20:25.868   951   951 E WifiTrafficPoller:  packet count Tx=374584 Rx=563961
04-14 15:20:26.505   951  1027 I LcdStepRate: mHandler: on msg MSG_RESET_LCD_STEP_RATE
04-14 15:20:26.593   951  1275 D WifiStateMachine:  get link layer stats 0
04-14 15:20:26.594   951  1275 D WifiHW  : enter -->wifi_send_command cmd=IFNAME=wlan0 SIGNAL_POLL
04-14 15:20:26.595  1361  1361 D wpa_supplicant: wlan0: Control interface command 'SIGNAL_POLL'
04-14 15:20:26.617   951  1275 D WifiHW  : leave --> reply=RSSI=-43
04-14 15:20:26.617   951  1275 D WifiHW  : LINKSPEED=433
04-14 15:20:26.617   951  1275 D WifiHW  : NOISE=9999
04-14 15:20:26.617   951  1275 D WifiHW  : FREQUENCY=5180
04-14 15:20:26.617   951  1275 D WifiHW  : 
04-14 15:20:26.618   951  1275 I WifiStateMachine: fetchRssiLinkSpeedAndFrequencyNative, newRssi:-43, newLinkSpeed:433, SSID:"FreeWifi"
04-14 15:20:26.618   951  1275 D WifiStateMachine: mLastSignalLevel:4, newSignalLevel:4
04-14 15:20:26.618   951  1275 E WifiConfigStore: updateConfiguration freq=5180 BSSID=98:da:c4:72:45:8d RSSI=-42 "FreeWifi"WPA_PSK
04-14 15:20:26.628  2443  2446 I PerfService: PerfServiceNative_getPackName
04-14 15:20:26.629   951  2006 I libPerfService: perfGetLastBoostPid 25787
04-14 15:20:26.629   951  2006 D PerfServiceManager: [PerfService] getLastBoostPid 25787 
04-14 15:20:26.629   951  2006 I libPerfService: perfGetLastBoostPid 25787
04-14 15:20:26.869   951   951 E WifiTrafficPoller: TRAFFIC_STATS_POLL true Token 151 num clients 12
04-14 15:20:26.870   951   951 E WifiTrafficPoller:  packet count Tx=374584 Rx=563962
04-14 15:20:26.901   291  8275 I BufferQueueProducer: [StatusBar](this:0x7fa1ec3400,id:9,api:1,p:1333,c:291) queueBuffer: fps=0.67 dur=1486.26 max=1486.26 min=1486.26
04-14 15:20:26.926   291   291 I SurfaceFlinger: [Built-in Screen (type:0)] fps:0.664615,dur:1504.63,max:1504.63,min:1504.63
04-14 15:20:27.068   296   658 D MAL-Daemon:  (void* rilproxy_urc_threa,  964) URC = (+ECSQ: 21,31,1,-398,-36,1,1,2,32767
04-14 15:20:27.068   296   658 D MAL-Daemon: )
04-14 15:20:27.068   296   658 W MAL-Daemon:  (    mdfx_task_send_event,  636) mdfx_task_send_event(): [ACT] should NOT enter this leagcy API!!
04-14 15:20:27.068   296   658 W MAL-Daemon:  (    mdfx_task_send_event,  636) mdfx_task_send_event(): [ACT] should NOT enter this leagcy API!!
04-14 15:20:27.069   296   638 I MAL-Daemon:  (             rds_ru_task,  445) [RDS-I][RU][rds_ru_task] RCV Event: 104 
04-14 15:20:27.069   296   638 I MAL-Daemon:  (         rds_ru_urc_hdlr, 1733) [RDS-I][RDS][rds_ru_urc_hdlr] get URC: +ECSQ: 21,31,1,-398,-36,1,1,2,32767
04-14 15:20:27.069   296   638 I MAL-Daemon: 
04-14 15:20:27.069   296   638 I MAL-Daemon:  (     ru_parse_3gppsigval, 1458) [RDS-I][RDS][ru_parse_3gppsigval] 3gppsigval #args act<2>
04-14 15:20:27.070   296   602 D MAL-Daemon:  (          atmngr_urc_hdl,  206) atmngr_urc_hdl(): [AT_URC] "
04-14 15:20:27.070   296   602 D MAL-Daemon: +ECSQ: 21,31,1,-398,-36,1,1,2,32767
04-14 15:20:27.070   296   602 D MAL-Daemon: "!!
04-14 15:20:27.095   951  2007 V ActivityManager: Broadcast sticky: Intent { act=android.intent.action.SIG_STR flg=0x20000010 (has extras) } ordered=false userid=-1 callerApp=ProcessRecord{fc0c87c 951:system/1000}
04-14 15:20:27.095   951  2007 D RestrictedPackageService: filterBroadcastReceiver for android.intent.action.SIG_STR
04-14 15:20:27.095   951   967 V ActivityManager_MU: isSingleton(com.lenovo.ideafriend, ApplicationInfo{7937ffe com.lenovo.ideafriend}, com.lenovo.ideafriend.mms.android.transaction.MmsSystemEventReceiver, 0x0) = false
04-14 15:20:27.098 13737 13737 D ActivityThread: BDC-Calling onReceive: intent=Intent { act=android.intent.action.SIG_STR flg=0x20000010 cmp=com.lenovo.ideafriend/.mms.android.transaction.MmsSystemEventReceiver (has extras) }, receiver=com.lenovo.ideafriend.mms.android.transaction.MmsSystemEventReceiver@ed38e97
04-14 15:20:27.099 13737 13737 D Mms     : onReceive(): intent=Intent { act=android.intent.action.SIG_STR flg=0x20000010 cmp=com.lenovo.ideafriend/.mms.android.transaction.MmsSystemEventReceiver (has extras) }
04-14 15:20:27.099 13737 13737 D ActivityThread: BDC-Calling onReceive end receiver=class com.lenovo.ideafriend.mms.android.transaction.MmsSystemEventReceiver
04-14 15:20:27.101 13737 13737 D ActivityThread: BDC-RECEIVER handled : 0 / ReceiverData{intent=Intent { act=android.intent.action.SIG_STR flg=0x20000010 cmp=com.lenovo.ideafriend/.mms.android.transaction.MmsSystemEventReceiver (has extras) } packageName=com.lenovo.ideafriend resultCode=-1 resultData=null resultExtras=null}
04-14 15:20:27.306   951  1027 I LcdStepRate: mHandler: on msg MSG_RESET_LCD_STEP_RATE
04-14 15:20:27.633  2443  2446 I PerfService: PerfServiceNative_getPackName
04-14 15:20:27.634   951   962 I libPerfService: perfGetLastBoostPid 25787
04-14 15:20:27.635   951   962 D PerfServiceManager: [PerfService] getLastBoostPid 25787 
04-14 15:20:27.635   951   962 I libPerfService: perfGetLastBoostPid 25787
04-14 15:20:27.783   951  2016 W ActivityManager: getRunningAppProcesses: caller 10108 does not hold REAL_GET_TASKS; limiting output
04-14 15:20:27.882   951   951 E WifiTrafficPoller: TRAFFIC_STATS_POLL true Token 151 num clients 12
04-14 15:20:27.883   951   951 E WifiTrafficPoller:  packet count Tx=374584 Rx=563962
04-14 15:20:27.905   291   487 I BufferQueueProducer: [StatusBar](this:0x7fa1ec3400,id:9,api:1,p:1333,c:291) queueBuffer: fps=1.99 dur=1003.30 max=990.62 min=12.68
04-14 15:20:28.107   951  1027 I LcdStepRate: mHandler: on msg MSG_RESET_LCD_STEP_RATE
04-14 15:20:28.340   296 21667 I MAL-Daemon:  (        ru_syssig_hndler,  418) [RDS-I][ru_syssig_hndler] Send Event: 688 
04-14 15:20:28.341   296 21667 I MAL-Daemon:  (        ru_syssig_hndler,  419) [RDS-I][RDS][RU][ru_syssig_hndler] ru_check_ctx_ptr<0xf5ff3c9c, 0xf5ff3c9c>
04-14 15:20:28.341   296 21667 W MAL-Daemon:  (    mdfx_task_send_event,  636) mdfx_task_send_event(): [ACT] should NOT enter this leagcy API!!
04-14 15:20:28.341   296 21667 I MAL-Daemon:  (    ru_send_event_entity,  350) [RDS-I][RDS][RU][ru_send_event_entity] send event 688 to 602 with ret(0)
04-14 15:20:28.342   296   638 I MAL-Daemon:  (             rds_ru_task,  445) [RDS-I][RU][rds_ru_task] RCV Event: 688 
04-14 15:20:28.342  1361  1361 D wpa_supplicant: wlan0: Control interface command 'SIGNAL_POLL'
04-14 15:20:28.349   341   341 I thermal_repeater: oh, queryMdThermalInfo (0)No such file or directory
04-14 15:20:28.368   296   638 D MAL-Daemon:  (     ru_wsl_poll_wpainfo,  639) [RDS-D][RDS][RU][ru_wsl_poll_wpainfo]socket recv pktlen(49) 
04-14 15:20:28.368   296   638 D MAL-Daemon:  (rds_ru_ws_rssi_timer_exp,  752) [RDS-D][RU][rds_ru_ws_rssi_timer_expire_hdlr][RDS] get rssi = -43, snr = 9999 
04-14 15:20:28.370   296   638 I MAL-Daemon:  (          ru_get_netstat, 5285) [RDS-I][RU][ru_get_netstat] netstat <thrghpt, pkterrt>, wifi <78, 0%>, mobile <0, 0%>
04-14 15:20:28.370  2528  2659 I MFI-Conn:  (     mfia_task_bootstrap,  944) mfia_task_bootstrap(): an event 614 incoming
04-14 15:20:28.371  2528  2695 I MFI-Conn:  (             rds_urc_hdl,  230) [RDS][rds_urc_hdl] RCV Event: 614 
04-14 15:20:28.371  2528  2695 I MFI-Conn:  (             rds_urc_hdl,  325) [RDS][IF][rds_urc_hdl] data_base update: pkterrt(0) 
04-14 15:20:28.368   341   341 I thermal_repeater: [recvMdThermalInfo] ret=30, strLen=127,  2, 32767, -127, -1, 32767, 17
04-14 15:20:28.373   296   638 I MAL-Daemon:  (    ru_send_event_entity,  350) [RDS-I][RDS][RU][ru_send_event_entity] send event 614 to 1233 with ret(0)
04-14 15:20:28.423   291   291 I SurfaceFlinger: [Built-in Screen (type:0)] fps:2.004412,dur:1496.70,max:985.10,min:9.12
04-14 15:20:28.607   951  1983 W ActivityManager: getRunningAppProcesses: caller 10118 does not hold REAL_GET_TASKS; limiting output
04-14 15:20:28.638  2443  2446 I PerfService: PerfServiceNative_getPackName
04-14 15:20:28.639   951  1980 I libPerfService: perfGetLastBoostPid 25787
04-14 15:20:28.640   951  1980 D PerfServiceManager: [PerfService] getLastBoostPid 25787 
04-14 15:20:28.640   951  1980 I libPerfService: perfGetLastBoostPid 25787
04-14 15:20:28.895   951   951 E WifiTrafficPoller: TRAFFIC_STATS_POLL true Token 151 num clients 12
04-14 15:20:28.897   951   951 E WifiTrafficPoller:  packet count Tx=374584 Rx=563962
04-14 15:20:28.908   951  1027 I LcdStepRate: mHandler: on msg MSG_RESET_LCD_STEP_RATE
04-14 15:20:29.624   951  1275 D WifiStateMachine:  get link layer stats 0
04-14 15:20:29.625   951  1275 D WifiHW  : enter -->wifi_send_command cmd=IFNAME=wlan0 SIGNAL_POLL
04-14 15:20:29.626  1361  1361 D wpa_supplicant: wlan0: Control interface command 'SIGNAL_POLL'
04-14 15:20:29.643  2443  2446 I PerfService: PerfServiceNative_getPackName
04-14 15:20:29.644   951  2007 I libPerfService: perfGetLastBoostPid 25787
04-14 15:20:29.644   951  2007 D PerfServiceManager: [PerfService] getLastBoostPid 25787 
04-14 15:20:29.644   951  2007 I libPerfService: perfGetLastBoostPid 25787
04-14 15:20:29.650   951  1275 D WifiHW  : leave --> reply=RSSI=-43
04-14 15:20:29.650   951  1275 D WifiHW  : LINKSPEED=433
04-14 15:20:29.650   951  1275 D WifiHW  : NOISE=9999
04-14 15:20:29.650   951  1275 D WifiHW  : FREQUENCY=5180
04-14 15:20:29.650   951  1275 D WifiHW  : 
04-14 15:20:29.651   951  1275 I WifiStateMachine: fetchRssiLinkSpeedAndFrequencyNative, newRssi:-43, newLinkSpeed:433, SSID:"FreeWifi"
04-14 15:20:29.651   951  1275 D WifiStateMachine: mLastSignalLevel:4, newSignalLevel:4
04-14 15:20:29.652   951  1275 E WifiConfigStore: updateConfiguration freq=5180 BSSID=98:da:c4:72:45:8d RSSI=-42 "FreeWifi"WPA_PSK
04-14 15:20:29.709   951  1027 I LcdStepRate: mHandler: on msg MSG_RESET_LCD_STEP_RATE
04-14 15:20:29.898   951   951 E WifiTrafficPoller: TRAFFIC_STATS_POLL true Token 151 num clients 12
04-14 15:20:29.900   951   951 E WifiTrafficPoller:  packet count Tx=374584 Rx=563962
04-14 15:20:29.917   291 10479 I BufferQueueProducer: [StatusBar](this:0x7fa1ec3400,id:9,api:1,p:1333,c:291) queueBuffer: fps=0.99 dur=2011.87 max=1501.12 min=510.76
04-14 15:20:29.925   291   291 I SurfaceFlinger: [Built-in Screen (type:0)] fps:0.665576,dur:1502.46,max:1502.46,min:1502.46
04-14 15:20:30.511   951  1027 I LcdStepRate: mHandler: on msg MSG_RESET_LCD_STEP_RATE
04-14 15:20:30.654  2443  2446 I PerfService: PerfServiceNative_getPackName
04-14 15:20:30.655   951  1623 I libPerfService: perfGetLastBoostPid 25787
04-14 15:20:30.655   951  1623 D PerfServiceManager: [PerfService] getLastBoostPid 25787 
04-14 15:20:30.655   951  1623 I libPerfService: perfGetLastBoostPid 25787
04-14 15:20:30.901   951   951 E WifiTrafficPoller: TRAFFIC_STATS_POLL true Token 151 num clients 12
04-14 15:20:30.902   951   951 E WifiTrafficPoller:  packet count Tx=374584 Rx=563963
04-14 15:20:30.924   291   487 I BufferQueueProducer: [StatusBar](this:0x7fa1ec3400,id:9,api:1,p:1333,c:291) queueBuffer: fps=0.99 dur=1007.35 max=1007.35 min=1007.35
04-14 15:20:30.929   291   291 I SurfaceFlinger: [Built-in Screen (type:0)] fps:0.996434,dur:1003.58,max:1003.58,min:1003.58
04-14 15:20:31.312   951  1027 I LcdStepRate: mHandler: on msg MSG_RESET_LCD_STEP_RATE
04-14 15:20:31.340   296 21667 I MAL-Daemon:  (        ru_syssig_hndler,  418) [RDS-I][ru_syssig_hndler] Send Event: 688 
04-14 15:20:31.341   296 21667 I MAL-Daemon:  (        ru_syssig_hndler,  419) [RDS-I][RDS][RU][ru_syssig_hndler] ru_check_ctx_ptr<0xf5ff3c9c, 0xf5ff3c9c>
04-14 15:20:31.341   296 21667 W MAL-Daemon:  (    mdfx_task_send_event,  636) mdfx_task_send_event(): [ACT] should NOT enter this leagcy API!!
04-14 15:20:31.341   296 21667 I MAL-Daemon:  (    ru_send_event_entity,  350) [RDS-I][RDS][RU][ru_send_event_entity] send event 688 to 602 with ret(0)
04-14 15:20:31.342   296   638 I MAL-Daemon:  (             rds_ru_task,  445) [RDS-I][RU][rds_ru_task] RCV Event: 688 
04-14 15:20:31.342  1361  1361 D wpa_supplicant: wlan0: Control interface command 'SIGNAL_POLL'
04-14 15:20:31.367   296   638 D MAL-Daemon:  (     ru_wsl_poll_wpainfo,  639) [RDS-D][RDS][RU][ru_wsl_poll_wpainfo]socket recv pktlen(49) 
04-14 15:20:31.367   296   638 D MAL-Daemon:  (rds_ru_ws_rssi_timer_exp,  752) [RDS-D][RU][rds_ru_ws_rssi_timer_expire_hdlr][RDS] get rssi = -43, snr = 9999 
04-14 15:20:31.371   296   638 I MAL-Daemon:  (          ru_get_netstat, 5285) [RDS-I][RU][ru_get_netstat] netstat <thrghpt, pkterrt>, wifi <78, 0%>, mobile <0, 0%>
04-14 15:20:31.371  2528  2659 I MFI-Conn:  (     mfia_task_bootstrap,  944) mfia_task_bootstrap(): an event 614 incoming
04-14 15:20:31.372  2528  2695 I MFI-Conn:  (             rds_urc_hdl,  230) [RDS][rds_urc_hdl] RCV Event: 614 
04-14 15:20:31.372  2528  2695 I MFI-Conn:  (             rds_urc_hdl,  325) [RDS][IF][rds_urc_hdl] data_base update: pkterrt(0) 
04-14 15:20:31.375   296   638 I MAL-Daemon:  (    ru_send_event_entity,  350) [RDS-I][RDS][RU][ru_send_event_entity] send event 614 to 1233 with ret(0)
04-14 15:20:31.658  2443  2446 I PerfService: PerfServiceNative_getPackName
04-14 15:20:31.658   951  1983 I libPerfService: perfGetLastBoostPid 25787
04-14 15:20:31.659   951  1983 D PerfServiceManager: [PerfService] getLastBoostPid 25787 
04-14 15:20:31.659   951  1983 I libPerfService: perfGetLastBoostPid 25787
04-14 15:20:31.926   951   951 E WifiTrafficPoller: TRAFFIC_STATS_POLL true Token 151 num clients 12
04-14 15:20:31.928   951   951 E WifiTrafficPoller:  packet count Tx=374584 Rx=563963
04-14 15:20:31.953   291  8275 I BufferQueueProducer: [StatusBar](this:0x7fa1ec3400,id:9,api:1,p:1333,c:291) queueBuffer: fps=1.94 dur=1029.35 max=539.66 min=489.69
04-14 15:20:31.958   291   291 I SurfaceFlinger: [Built-in Screen (type:0)] fps:1.943831,dur:1028.90,max:538.11,min:490.79
04-14 15:20:32.113   951  1027 I LcdStepRate: mHandler: on msg MSG_RESET_LCD_STEP_RATE
04-14 15:20:32.189   296   658 D MAL-Daemon:  (void* rilproxy_urc_threa,  964) URC = (+ECSQ: 22,35,1,-394,-28,1,1,2,32767
04-14 15:20:32.189   296   658 D MAL-Daemon: )
04-14 15:20:32.189   296   658 W MAL-Daemon:  (    mdfx_task_send_event,  636) mdfx_task_send_event(): [ACT] should NOT enter this leagcy API!!
04-14 15:20:32.189   296   658 W MAL-Daemon:  (    mdfx_task_send_event,  636) mdfx_task_send_event(): [ACT] should NOT enter this leagcy API!!
04-14 15:20:32.190   296   638 I MAL-Daemon:  (             rds_ru_task,  445) [RDS-I][RU][rds_ru_task] RCV Event: 104 
04-14 15:20:32.190   296   638 I MAL-Daemon:  (         rds_ru_urc_hdlr, 1733) [RDS-I][RDS][rds_ru_urc_hdlr] get URC: +ECSQ: 22,35,1,-394,-28,1,1,2,32767
04-14 15:20:32.190   296   638 I MAL-Daemon: 
04-14 15:20:32.191   296   638 I MAL-Daemon:  (     ru_parse_3gppsigval, 1458) [RDS-I][RDS][ru_parse_3gppsigval] 3gppsigval #args act<2>
04-14 15:20:32.191   296   638 I MAL-Daemon:  (         rds_ru_urc_hdlr, 1913) [RDS-I][RDS][RU][rds_ru_urc_hdlr] Update 3GPP STATUS rsrp<-99> rsrq<40> regstat<6> 
04-14 15:20:32.191   296   638 I MAL-Daemon:  (         rds_ru_urc_hdlr, 1915) [RDS-I][RDS][RU][rds_ru_urc_hdlr] ru_check_ctx_ptr<0xf5ff3c9c, 0xf5ff3c9c>
04-14 15:20:32.191   296   638 W MAL-Daemon:  (    mdfx_task_send_event,  636) mdfx_task_send_event(): [ACT] should NOT enter this leagcy API!!
04-14 15:20:32.192   296   638 I MAL-Daemon:  (    ru_send_event_entity,  350) [RDS-I][RDS][RU][ru_send_event_entity] send event 605 to 602 with ret(0)
04-14 15:20:32.192   296   638 I MAL-Daemon:  (             rds_ru_task,  445) [RDS-I][RU][rds_ru_task] RCV Event: 605 
04-14 15:20:32.192   296   638 I MAL-Daemon:  (  rds_ru_3gpp_status_ind, 1390) [RDS-I][RU][EVENT_RU_DM_3GPP_STATUS_IND] i4ltersrp:-99, i4ltersrq:40, u43gpp_status:0x6
04-14 15:20:32.192   296   638 E MAL-Daemon:  (  rds_ru_3gpp_status_ind, 1421) [RDS-E][RU][EVENT_RU_DM_3GPP_STATUS_IND] Invalid u43gpp_status:0x6
04-14 15:20:32.192   296   638 I MAL-Daemon:  (          rds_ru_rpl_gen, 4866) [RDS-I][RU][rds_ru_rpl_gen][RDS][OP0] TYPE : <0>, UI Policy : <3>, RDS Policy : <3>
04-14 15:20:32.192   296   638 I MAL-Daemon:  (      rds_cell_only_orng, 3608) [RDS-I][RU][RDS IMS/MMS][rds_cell_only_orng] 
04-14 15:20:32.193   296   602 D MAL-Daemon:  (          atmngr_urc_hdl,  206) atmngr_urc_hdl(): [AT_URC] "
04-14 15:20:32.193   296   602 D MAL-Daemon: +ECSQ: 22,35,1,-394,-28,1,1,2,32767
04-14 15:20:32.193   296   602 D MAL-Daemon: "!!
04-14 15:20:32.206   296   638 I MAL-Daemon:  (          rds_ru_rpl_gen, 4877) [RDS-I][RU][rds_ru_rpl_gen][RDS][OP0] TYPE : <0>, RAN1 : <254> ,RAN2 : <254>
04-14 15:20:32.206   296   638 I MAL-Daemon:  (          rds_ru_rpl_gen, 4866) [RDS-I][RU][rds_ru_rpl_gen][RDS][OP0] TYPE : <1>, UI Policy : <3>, RDS Policy : <3>
04-14 15:20:32.207   296   638 I MAL-Daemon:  (      rds_cell_only_orng, 3608) [RDS-I][RU][RDS IMS/MMS][rds_cell_only_orng] 
04-14 15:20:32.208   296   638 I MAL-Daemon:  (          rds_ru_rpl_gen, 4877) [RDS-I][RU][rds_ru_rpl_gen][RDS][OP0] TYPE : <1>, RAN1 : <254> ,RAN2 : <254>
04-14 15:20:32.208   296   638 I MAL-Daemon:  (          rds_ru_rpl_gen, 4866) [RDS-I][RU][rds_ru_rpl_gen][RDS][OP0] TYPE : <2>, UI Policy : <3>, RDS Policy : <3>
04-14 15:20:32.208   296   638 I MAL-Daemon:  (      rds_cell_only_orng, 3608) [RDS-I][RU][RDS IMS/MMS][rds_cell_only_orng] 
04-14 15:20:32.208   296   638 I MAL-Daemon:  (          rds_ru_rpl_gen, 4877) [RDS-I][RU][rds_ru_rpl_gen][RDS][OP0] TYPE : <2>, RAN1 : <254> ,RAN2 : <254>
04-14 15:20:32.208   296   638 I MAL-Daemon:  (          rds_ru_rpl_gen, 4866) [RDS-I][RU][rds_ru_rpl_gen][RDS][OP0] TYPE : <3>, UI Policy : <3>, RDS Policy : <3>
04-14 15:20:32.208   296   638 I MAL-Daemon:  (          rds_ru_rpl_gen, 4877) [RDS-I][RU][rds_ru_rpl_gen][RDS][OP0] TYPE : <3>, RAN1 : <255> ,RAN2 : <255>
04-14 15:20:32.208   296   638 I MAL-Daemon:  (          rds_ru_rpl_gen, 4866) [RDS-I][RU][rds_ru_rpl_gen][RDS][OP0] TYPE : <4>, UI Policy : <3>, RDS Policy : <3>
04-14 15:20:32.209   296   638 I MAL-Daemon:  (          rds_ru_rpl_gen, 4877) [RDS-I][RU][rds_ru_rpl_gen][RDS][OP0] TYPE : <4>, RAN1 : <255> ,RAN2 : <255>
04-14 15:20:32.209   296   638 I MAL-Daemon:  (          rds_ru_rpl_gen, 4866) [RDS-I][RU][rds_ru_rpl_gen][RDS][OP0] TYPE : <5>, UI Policy : <3>, RDS Policy : <3>
04-14 15:20:32.209   296   638 I MAL-Daemon:  (          rds_ru_rpl_gen, 4877) [RDS-I][RU][rds_ru_rpl_gen][RDS][OP0] TYPE : <5>, RAN1 : <255> ,RAN2 : <255>
04-14 15:20:32.209   296   638 I MAL-Daemon:  (          rds_ru_rpl_gen, 4877) [RDS-I][RU][rds_ru_rpl_gen][RDS][OP0] TYPE : <6>, RAN1 : <254> ,RAN2 : <254>
04-14 15:20:32.209   296   638 I MAL-Daemon:  (    rds_op_check_feature,  304) [RDS-I][RDS][OP][rds_op_check_feature] operator id(0) check feature<0>, curr_opmsk is <1>, sys_opmsk is <0x0001, 1>
04-14 15:20:32.209   296   638 I MAL-Daemon:  (  rds_ru_ims_vops_update, 4666) [RDS-I][RU][rds_ru_ims_vops_update][RDS IMS]Policy type: 0 IMS VOPS IE is Disabled, update IMS RPL from Ori:(254, 254) New:(254,254)
04-14 15:20:32.209   296   638 I MAL-Daemon:  (  rds_ru_ims_vops_update, 4666) [RDS-I][RU][rds_ru_ims_vops_update][RDS IMS]Policy type: 1 IMS VOPS IE is Disabled, update IMS RPL from Ori:(254, 254) New:(254,254)
04-14 15:20:32.210   296   638 I MAL-Daemon:  (  rds_ru_ims_vops_update, 4666) [RDS-I][RU][rds_ru_ims_vops_update][RDS IMS]Policy type: 2 IMS VOPS IE is Disabled, update IMS RPL from Ori:(254, 254) New:(254,254)
04-14 15:20:32.210   296   638 I MAL-Daemon:  (          rds_ru_rpl_gen, 4901) [RDS-I][RU][rds_ru_rpl_gen][RDS] Current policy: fgimsolte_en<1>, fgwfc_en<0>, erdspolicy<3>, 
04-14 15:20:32.210   296   638 I MAL-Daemon:  (          rds_ru_rpl_gen, 4904) [RDS-I][RU][rds_ru_rpl_gen][RDS] Threshold i4wifirssih<-75>, i4wifirssil<-85>, i4wifirssih_ho<-78>, i4wifirssil_ho<-88>, i4wifisnrh<10>, i4wifisnrl<6>
04-14 15:20:32.210   296   638 I MAL-Daemon:  (          rds_ru_rpl_gen, 4907) [RDS-I][RU][rds_ru_rpl_gen][RDS] Threshold i4ltersrph<-106>, i4ltersrpm<-111>, i4ltersrpl<-116>, i4ltersrqh<5>, i4ltersrqm<3>, i4ltersrql<1>
04-14 15:20:32.210   296   638 I MAL-Daemon:  (          rds_ru_rpl_gen, 4910) [RDS-I][RU][rds_ru_rpl_gen][RDS] current rds ru status: i4wifirssi<-43>, i4wifisnr<9999>, i4ltersrp<-99>, i4ltersrq<40>, u4active_ran<1> 
04-14 15:20:32.210   296   638 I MAL-Daemon:  (          rds_ru_rpl_gen, 4913) [RDS-I][RU][rds_ru_rpl_gen][RDS] current wifi backhaul : rtp_plr<0>, rtp_jitter<0>, ping_ind<0>
04-14 15:20:32.211   296   638 I MAL-Daemon:  (          rds_ru_rpl_gen, 4916) [RDS-I][RU][rds_ru_rpl_gen][RDS] Call stat : IR92<0>, IR94<0> 
04-14 15:20:32.211   296   638 I MAL-Daemon:  (          rds_ru_rpl_gen, 4922) [RDS-I][RU][RDS IMS/MMS][rds_ru_rpl_gen] Ori:(254,254)/(255,255) New:(254,254)/(255,255)
04-14 15:20:32.211   296   638 I MAL-Daemon:  (          rds_ru_rpl_gen, 4927) [RDS-I][RU][RDS IMS/MMS WIFI][rds_ru_rpl_gen] Ori:(254,254)/(255,255) New:(254,254)/(255,255)
04-14 15:20:32.211   296   638 I MAL-Daemon:  (          rds_ru_rpl_gen, 4932) [RDS-I][RU][RDS IMS/MMS CELL][rds_ru_rpl_gen] Ori:(254,254)/(255,255) New:(254,254)/(255,255)
04-14 15:20:32.211   296   638 I MAL-Daemon:  (          rds_ru_rpl_gen, 4936) [RDS-I][RU][RDS EMG][rds_ru_rpl_gen] Ori:(254,254) New:(254,254)
04-14 15:20:32.221   951  1622 V ActivityManager: Broadcast sticky: Intent { act=android.intent.action.SIG_STR flg=0x20000010 (has extras) } ordered=false userid=-1 callerApp=ProcessRecord{fc0c87c 951:system/1000}
04-14 15:20:32.222   951  1622 D RestrictedPackageService: filterBroadcastReceiver for android.intent.action.SIG_STR
04-14 15:20:32.222   951   967 V ActivityManager_MU: isSingleton(com.lenovo.ideafriend, ApplicationInfo{741135f com.lenovo.ideafriend}, com.lenovo.ideafriend.mms.android.transaction.MmsSystemEventReceiver, 0x0) = false
04-14 15:20:32.232 13737 13737 D ActivityThread: BDC-Calling onReceive: intent=Intent { act=android.intent.action.SIG_STR flg=0x20000010 cmp=com.lenovo.ideafriend/.mms.android.transaction.MmsSystemEventReceiver (has extras) }, receiver=com.lenovo.ideafriend.mms.android.transaction.MmsSystemEventReceiver@54fe884
04-14 15:20:32.232 13737 13737 D Mms     : onReceive(): intent=Intent { act=android.intent.action.SIG_STR flg=0x20000010 cmp=com.lenovo.ideafriend/.mms.android.transaction.MmsSystemEventReceiver (has extras) }
04-14 15:20:32.232 13737 13737 D ActivityThread: BDC-Calling onReceive end receiver=class com.lenovo.ideafriend.mms.android.transaction.MmsSystemEventReceiver
04-14 15:20:32.235 13737 13737 D ActivityThread: BDC-RECEIVER handled : 0 / ReceiverData{intent=Intent { act=android.intent.action.SIG_STR flg=0x20000010 cmp=com.lenovo.ideafriend/.mms.android.transaction.MmsSystemEventReceiver (has extras) } packageName=com.lenovo.ideafriend resultCode=-1 resultData=null resultExtras=null}
04-14 15:20:32.655   951  1275 D WifiStateMachine:  get link layer stats 0
04-14 15:20:32.658   951  1275 D WifiHW  : enter -->wifi_send_command cmd=IFNAME=wlan0 SIGNAL_POLL
04-14 15:20:32.658  1361  1361 D wpa_supplicant: wlan0: Control interface command 'SIGNAL_POLL'
04-14 15:20:32.662  2443  2446 I PerfService: PerfServiceNative_getPackName
04-14 15:20:32.665   951  1638 I libPerfService: perfGetLastBoostPid 25787
04-14 15:20:32.666   951  1638 D PerfServiceManager: [PerfService] getLastBoostPid 25787 
04-14 15:20:32.667   951  1638 I libPerfService: perfGetLastBoostPid 25787
04-14 15:20:32.677   951  1275 D WifiHW  : leave --> reply=RSSI=-44
04-14 15:20:32.677   951  1275 D WifiHW  : LINKSPEED=433
04-14 15:20:32.677   951  1275 D WifiHW  : NOISE=9999
04-14 15:20:32.677   951  1275 D WifiHW  : FREQUENCY=5180
04-14 15:20:32.677   951  1275 D WifiHW  : 
04-14 15:20:32.678   951  1275 I WifiStateMachine: fetchRssiLinkSpeedAndFrequencyNative, newRssi:-44, newLinkSpeed:433, SSID:"FreeWifi"
04-14 15:20:32.678   951  1275 D WifiStateMachine: mLastSignalLevel:4, newSignalLevel:4
04-14 15:20:32.678   951  1275 E WifiConfigStore: updateConfiguration freq=5180 BSSID=98:da:c4:72:45:8d RSSI=-43 "FreeWifi"WPA_PSK
04-14 15:20:32.786   951  1623 W ActivityManager: getRunningAppProcesses: caller 10108 does not hold REAL_GET_TASKS; limiting output
04-14 15:20:32.914   951  1027 I LcdStepRate: mHandler: on msg MSG_RESET_LCD_STEP_RATE
04-14 15:20:32.953   951   951 E WifiTrafficPoller: TRAFFIC_STATS_POLL true Token 151 num clients 12
04-14 15:20:32.954   951   951 E WifiTrafficPoller:  packet count Tx=374584 Rx=563963
04-14 15:20:33.373   341   341 I thermal_repeater: select timeout
04-14 15:20:33.412   951  1520 W Watchdog: SWT Watchdog after wait current time:96759519
04-14 15:20:33.412   951  1520 D AES     : AEEIOCTL_GET/SET_SF_STATE IOCTL,cmd= 1074294797, lParam=0. 
04-14 15:20:33.413   951  1520 W Watchdog: **Get SF Time **1
04-14 15:20:33.413   951  1520 D AES     : AEEIOCTL_RT_MON_Kick IOCTL,cmd= -2147192822, lParam=300. 
04-14 15:20:33.416   951  1520 W Watchdog: SWT Watchdog before synchronized:96759520
04-14 15:20:33.416   951  1520 W Watchdog: SWT Watchdog after synchronized:96759523
04-14 15:20:33.416   951  1520 W Watchdog: SWT Watchdog before wait timeout:30000
04-14 15:20:33.416   951  1520 W Watchdog: SWT Watchdog before wait current time:96759523
04-14 15:20:33.416   951  1520 W Watchdog: SWT Watchdog before wait start:96759523
04-14 15:20:33.416   951  1520 W Watchdog: SWT Watchdog before wait CHECK_INTERVAL:30000
04-14 15:20:33.417   951   969 D InputReader: InputReader::monitor: lock
04-14 15:20:33.417   951   969 D InputReader: InputReader::monitor: wait 
04-14 15:20:33.419   951   969 D InputReader: InputReader::monitor: unlock
04-14 15:20:33.419   951   969 D InputReader: InputReader::monitor: done
04-14 15:20:33.610   951  2006 W ActivityManager: getRunningAppProcesses: caller 10118 does not hold REAL_GET_TASKS; limiting output
04-14 15:20:33.668  2443  2446 I PerfService: PerfServiceNative_getPackName
04-14 15:20:33.669   951  1532 I libPerfService: perfGetLastBoostPid 25787
04-14 15:20:33.669   951  1532 D PerfServiceManager: [PerfService] getLastBoostPid 25787 
04-14 15:20:33.669   951  1532 I libPerfService: perfGetLastBoostPid 25787
04-14 15:20:33.715   951  1027 I LcdStepRate: mHandler: on msg MSG_RESET_LCD_STEP_RATE
04-14 15:20:33.955   951   951 E WifiTrafficPoller: TRAFFIC_STATS_POLL true Token 151 num clients 12
04-14 15:20:33.956   951   951 E WifiTrafficPoller:  packet count Tx=374584 Rx=563964
04-14 15:20:33.989   291  1235 I BufferQueueProducer: [StatusBar](this:0x7fa1ec3400,id:9,api:1,p:1333,c:291) queueBuffer: fps=0.98 dur=2035.74 max=1058.72 min=977.02
04-14 15:20:34.001   291   291 I SurfaceFlinger: [Built-in Screen (type:0)] fps:0.978899,dur:2043.11,max:1059.50,min:983.61
04-14 15:20:34.340   296 21667 I MAL-Daemon:  (        ru_syssig_hndler,  418) [RDS-I][ru_syssig_hndler] Send Event: 688 
04-14 15:20:34.341   296 21667 I MAL-Daemon:  (        ru_syssig_hndler,  419) [RDS-I][RDS][RU][ru_syssig_hndler] ru_check_ctx_ptr<0xf5ff3c9c, 0xf5ff3c9c>
04-14 15:20:34.341   296 21667 W MAL-Daemon:  (    mdfx_task_send_event,  636) mdfx_task_send_event(): [ACT] should NOT enter this leagcy API!!
04-14 15:20:34.341   296 21667 I MAL-Daemon:  (    ru_send_event_entity,  350) [RDS-I][RDS][RU][ru_send_event_entity] send event 688 to 602 with ret(0)
04-14 15:20:34.342   296   638 I MAL-Daemon:  (             rds_ru_task,  445) [RDS-I][RU][rds_ru_task] RCV Event: 688 
04-14 15:20:34.344  1361  1361 D wpa_supplicant: wlan0: Control interface command 'SIGNAL_POLL'
04-14 15:20:34.367   296   638 D MAL-Daemon:  (     ru_wsl_poll_wpainfo,  639) [RDS-D][RDS][RU][ru_wsl_poll_wpainfo]socket recv pktlen(49) 
04-14 15:20:34.369   296   638 D MAL-Daemon:  (rds_ru_ws_rssi_timer_exp,  752) [RDS-D][RU][rds_ru_ws_rssi_timer_expire_hdlr][RDS] get rssi = -44, snr = 9999 
04-14 15:20:34.369   296   638 I MAL-Daemon:  (  ru_wsl_wifi_status_ind,  734) [RDS-I][RDS][RU][ru_wsl_wifi_status_ind] ru_check_ctx_ptr<0xf5ff3c9c, 0xf5ff3c9c>
04-14 15:20:34.369   296   638 W MAL-Daemon:  (    mdfx_task_send_event,  636) mdfx_task_send_event(): [ACT] should NOT enter this leagcy API!!
04-14 15:20:34.369   296   638 I MAL-Daemon:  (    ru_send_event_entity,  350) [RDS-I][RDS][RU][ru_send_event_entity] send event 604 to 602 with ret(0)
04-14 15:20:34.371   296   638 I MAL-Daemon:  (          ru_get_netstat, 5285) [RDS-I][RU][ru_get_netstat] netstat <thrghpt, pkterrt>, wifi <78, 0%>, mobile <0, 0%>
04-14 15:20:34.372  2528  2659 I MFI-Conn:  (     mfia_task_bootstrap,  944) mfia_task_bootstrap(): an event 614 incoming
04-14 15:20:34.372  2528  2695 I MFI-Conn:  (             rds_urc_hdl,  230) [RDS][rds_urc_hdl] RCV Event: 614 
04-14 15:20:34.372  2528  2695 I MFI-Conn:  (             rds_urc_hdl,  325) [RDS][IF][rds_urc_hdl] data_base update: pkterrt(0) 
04-14 15:20:34.379   296   638 I MAL-Daemon:  (    ru_send_event_entity,  350) [RDS-I][RDS][RU][ru_send_event_entity] send event 614 to 1233 with ret(0)
04-14 15:20:34.379   296   638 I MAL-Daemon:  (             rds_ru_task,  445) [RDS-I][RU][rds_ru_task] RCV Event: 604 
04-14 15:20:34.382   296   638 I MAL-Daemon:  (  rds_ru_wifi_status_ind, 1338) [RDS-I][RU][EVENT_RU_WS_WIFI_STATUS_IND] fgwifi_en:1(no use) i4wifirssi:0xffffffd4 i4wifisnr:0x270f
04-14 15:20:34.383  2528  2659 I MFI-Conn:  (     mfia_task_bootstrap,  944) mfia_task_bootstrap(): an event 615 incoming
04-14 15:20:34.384  2528  2695 I MFI-Conn:  (             rds_urc_hdl,  230) [RDS][rds_urc_hdl] RCV Event: 615 
04-14 15:20:34.384  2528  2695 I MFI-Conn:  (             rds_urc_hdl,  335) [RDS][IF][rds_urc_hdl] data_base update: i4wifirssi(-44) 
04-14 15:20:34.385   296   638 I MAL-Daemon:  (    ru_send_event_entity,  350) [RDS-I][RDS][RU][ru_send_event_entity] send event 615 to 1233 with ret(0)
04-14 15:20:34.385   296   638 I MAL-Daemon:  (          rds_ru_rpl_gen, 4866) [RDS-I][RU][rds_ru_rpl_gen][RDS][OP0] TYPE : <0>, UI Policy : <3>, RDS Policy : <3>
04-14 15:20:34.385   296   638 I MAL-Daemon:  (      rds_cell_only_orng, 3608) [RDS-I][RU][RDS IMS/MMS][rds_cell_only_orng] 
04-14 15:20:34.387   296   638 I MAL-Daemon:  (          rds_ru_rpl_gen, 4877) [RDS-I][RU][rds_ru_rpl_gen][RDS][OP0] TYPE : <0>, RAN1 : <254> ,RAN2 : <254>
04-14 15:20:34.387   296   638 I MAL-Daemon:  (          rds_ru_rpl_gen, 4866) [RDS-I][RU][rds_ru_rpl_gen][RDS][OP0] TYPE : <1>, UI Policy : <3>, RDS Policy : <3>
04-14 15:20:34.387   296   638 I MAL-Daemon:  (      rds_cell_only_orng, 3608) [RDS-I][RU][RDS IMS/MMS][rds_cell_only_orng] 
04-14 15:20:34.389   296   638 I MAL-Daemon:  (          rds_ru_rpl_gen, 4877) [RDS-I][RU][rds_ru_rpl_gen][RDS][OP0] TYPE : <1>, RAN1 : <254> ,RAN2 : <254>
04-14 15:20:34.389   296   638 I MAL-Daemon:  (          rds_ru_rpl_gen, 4866) [RDS-I][RU][rds_ru_rpl_gen][RDS][OP0] TYPE : <2>, UI Policy : <3>, RDS Policy : <3>
04-14 15:20:34.391   296   638 I MAL-Daemon:  (      rds_cell_only_orng, 3608) [RDS-I][RU][RDS IMS/MMS][rds_cell_only_orng] 
04-14 15:20:34.391   296   638 I MAL-Daemon:  (          rds_ru_rpl_gen, 4877) [RDS-I][RU][rds_ru_rpl_gen][RDS][OP0] TYPE : <2>, RAN1 : <254> ,RAN2 : <254>
04-14 15:20:34.391   296   638 I MAL-Daemon:  (          rds_ru_rpl_gen, 4866) [RDS-I][RU][rds_ru_rpl_gen][RDS][OP0] TYPE : <3>, UI Policy : <3>, RDS Policy : <3>
04-14 15:20:34.391   296   638 I MAL-Daemon:  (          rds_ru_rpl_gen, 4877) [RDS-I][RU][rds_ru_rpl_gen][RDS][OP0] TYPE : <3>, RAN1 : <255> ,RAN2 : <255>
04-14 15:20:34.394   296   638 I MAL-Daemon:  (          rds_ru_rpl_gen, 4866) [RDS-I][RU][rds_ru_rpl_gen][RDS][OP0] TYPE : <4>, UI Policy : <3>, RDS Policy : <3>
04-14 15:20:34.395   296   638 I MAL-Daemon:  (          rds_ru_rpl_gen, 4877) [RDS-I][RU][rds_ru_rpl_gen][RDS][OP0] TYPE : <4>, RAN1 : <255> ,RAN2 : <255>
04-14 15:20:34.395   296   638 I MAL-Daemon:  (          rds_ru_rpl_gen, 4866) [RDS-I][RU][rds_ru_rpl_gen][RDS][OP0] TYPE : <5>, UI Policy : <3>, RDS Policy : <3>
04-14 15:20:34.395   296   638 I MAL-Daemon:  (          rds_ru_rpl_gen, 4877) [RDS-I][RU][rds_ru_rpl_gen][RDS][OP0] TYPE : <5>, RAN1 : <255> ,RAN2 : <255>
04-14 15:20:34.397   296   638 I MAL-Daemon:  (          rds_ru_rpl_gen, 4877) [RDS-I][RU][rds_ru_rpl_gen][RDS][OP0] TYPE : <6>, RAN1 : <254> ,RAN2 : <254>
04-14 15:20:34.397   296   638 I MAL-Daemon:  (    rds_op_check_feature,  304) [RDS-I][RDS][OP][rds_op_check_feature] operator id(0) check feature<0>, curr_opmsk is <1>, sys_opmsk is <0x0001, 1>
04-14 15:20:34.398   296   638 I MAL-Daemon:  (  rds_ru_ims_vops_update, 4666) [RDS-I][RU][rds_ru_ims_vops_update][RDS IMS]Policy type: 0 IMS VOPS IE is Disabled, update IMS RPL from Ori:(254, 254) New:(254,254)
04-14 15:20:34.399   296   638 I MAL-Daemon:  (  rds_ru_ims_vops_update, 4666) [RDS-I][RU][rds_ru_ims_vops_update][RDS IMS]Policy type: 1 IMS VOPS IE is Disabled, update IMS RPL from Ori:(254, 254) New:(254,254)
04-14 15:20:34.399   296   638 I MAL-Daemon:  (  rds_ru_ims_vops_update, 4666) [RDS-I][RU][rds_ru_ims_vops_update][RDS IMS]Policy type: 2 IMS VOPS IE is Disabled, update IMS RPL from Ori:(254, 254) New:(254,254)
04-14 15:20:34.400   296   638 I MAL-Daemon:  (          rds_ru_rpl_gen, 4901) [RDS-I][RU][rds_ru_rpl_gen][RDS] Current policy: fgimsolte_en<1>, fgwfc_en<0>, erdspolicy<3>, 
04-14 15:20:34.401   296   638 I MAL-Daemon:  (          rds_ru_rpl_gen, 4904) [RDS-I][RU][rds_ru_rpl_gen][RDS] Threshold i4wifirssih<-75>, i4wifirssil<-85>, i4wifirssih_ho<-78>, i4wifirssil_ho<-88>, i4wifisnrh<10>, i4wifisnrl<6>
04-14 15:20:34.402   296   638 I MAL-Daemon:  (          rds_ru_rpl_gen, 4907) [RDS-I][RU][rds_ru_rpl_gen][RDS] Threshold i4ltersrph<-106>, i4ltersrpm<-111>, i4ltersrpl<-116>, i4ltersrqh<5>, i4ltersrqm<3>, i4ltersrql<1>
04-14 15:20:34.404   296   638 I MAL-Daemon:  (          rds_ru_rpl_gen, 4910) [RDS-I][RU][rds_ru_rpl_gen][RDS] current rds ru status: i4wifirssi<-44>, i4wifisnr<9999>, i4ltersrp<-99>, i4ltersrq<40>, u4active_ran<1> 
04-14 15:20:34.404   296   638 I MAL-Daemon:  (          rds_ru_rpl_gen, 4913) [RDS-I][RU][rds_ru_rpl_gen][RDS] current wifi backhaul : rtp_plr<0>, rtp_jitter<0>, ping_ind<0>
04-14 15:20:34.404   296   638 I MAL-Daemon:  (          rds_ru_rpl_gen, 4916) [RDS-I][RU][rds_ru_rpl_gen][RDS] Call stat : IR92<0>, IR94<0> 
04-14 15:20:34.404   296   638 I MAL-Daemon:  (          rds_ru_rpl_gen, 4922) [RDS-I][RU][RDS IMS/MMS][rds_ru_rpl_gen] Ori:(254,254)/(255,255) New:(254,254)/(255,255)
04-14 15:20:34.404   296   638 I MAL-Daemon:  (          rds_ru_rpl_gen, 4927) [RDS-I][RU][RDS IMS/MMS WIFI][rds_ru_rpl_gen] Ori:(254,254)/(255,255) New:(254,254)/(255,255)
04-14 15:20:34.404   296   638 I MAL-Daemon:  (          rds_ru_rpl_gen, 4932) [RDS-I][RU][RDS IMS/MMS CELL][rds_ru_rpl_gen] Ori:(254,254)/(255,255) New:(254,254)/(255,255)
04-14 15:20:34.404   296   638 I MAL-Daemon:  (          rds_ru_rpl_gen, 4936) [RDS-I][RU][RDS EMG][rds_ru_rpl_gen] Ori:(254,254) New:(254,254)
04-14 15:20:34.516   951  1027 I LcdStepRate: mHandler: on msg MSG_RESET_LCD_STEP_RATE
04-14 15:20:34.673  2443  2446 I PerfService: PerfServiceNative_getPackName
04-14 15:20:34.674   951  2003 I libPerfService: perfGetLastBoostPid 25787
04-14 15:20:34.674   951  2003 D PerfServiceManager: [PerfService] getLastBoostPid 25787 
04-14 15:20:34.674   951  2003 I libPerfService: perfGetLastBoostPid 25787
04-14 15:20:34.961   951   951 E WifiTrafficPoller: TRAFFIC_STATS_POLL true Token 151 num clients 12
04-14 15:20:34.964   951   951 E WifiTrafficPoller:  packet count Tx=374584 Rx=563964
04-14 15:20:35.317   951  1027 I LcdStepRate: mHandler: on msg MSG_RESET_LCD_STEP_RATE
04-14 15:20:35.678  2443  2446 I PerfService: PerfServiceNative_getPackName
04-14 15:20:35.678   951  2015 I libPerfService: perfGetLastBoostPid 25787
04-14 15:20:35.681   951  2015 D PerfServiceManager: [PerfService] getLastBoostPid 25787 
04-14 15:20:35.681   951  2015 I libPerfService: perfGetLastBoostPid 25787
04-14 15:20:35.685   951  1275 D WifiStateMachine:  get link layer stats 0
04-14 15:20:35.691   951  1275 D WifiHW  : enter -->wifi_send_command cmd=IFNAME=wlan0 SIGNAL_POLL
04-14 15:20:35.691  1361  1361 D wpa_supplicant: wlan0: Control interface command 'SIGNAL_POLL'
04-14 15:20:35.708   951  1275 D WifiHW  : leave --> reply=RSSI=-43
04-14 15:20:35.708   951  1275 D WifiHW  : LINKSPEED=433
04-14 15:20:35.708   951  1275 D WifiHW  : NOISE=9999
04-14 15:20:35.708   951  1275 D WifiHW  : FREQUENCY=5180
04-14 15:20:35.708   951  1275 D WifiHW  : 
